Archive member included because of file (symbol)

c:/program files (x86)/atmel/atmel toolchain/arm gcc/native/4.8.1437/arm-gnu-toolchain/bin/../lib/gcc/arm-none-eabi/4.8.4/armv7-m\libgcc.a(_arm_addsubsf3.o)
                              unity/unity.o (__aeabi_fsub)
c:/program files (x86)/atmel/atmel toolchain/arm gcc/native/4.8.1437/arm-gnu-toolchain/bin/../lib/gcc/arm-none-eabi/4.8.4/armv7-m\libgcc.a(_arm_muldivsf3.o)
                              unity/unity.o (__aeabi_fmul)
c:/program files (x86)/atmel/atmel toolchain/arm gcc/native/4.8.1437/arm-gnu-toolchain/bin/../lib/gcc/arm-none-eabi/4.8.4/armv7-m\libgcc.a(_arm_cmpsf2.o)
                              unity/unity.o (__aeabi_fcmpeq)
c:/program files (x86)/atmel/atmel toolchain/arm gcc/native/4.8.1437/arm-gnu-toolchain/bin/../lib/gcc/arm-none-eabi/4.8.4/../../../../arm-none-eabi/lib/armv7-m\libc.a(lib_a-exit.o)
                              c:/program files (x86)/atmel/atmel toolchain/arm gcc/native/4.8.1437/arm-gnu-toolchain/bin/../lib/gcc/arm-none-eabi/4.8.4/../../../../arm-none-eabi/lib/armv7-m/crt0.o (exit)
c:/program files (x86)/atmel/atmel toolchain/arm gcc/native/4.8.1437/arm-gnu-toolchain/bin/../lib/gcc/arm-none-eabi/4.8.4/../../../../arm-none-eabi/lib/armv7-m\libc.a(lib_a-impure.o)
                              c:/program files (x86)/atmel/atmel toolchain/arm gcc/native/4.8.1437/arm-gnu-toolchain/bin/../lib/gcc/arm-none-eabi/4.8.4/../../../../arm-none-eabi/lib/armv7-m\libc.a(lib_a-exit.o) (_global_impure_ptr)
c:/program files (x86)/atmel/atmel toolchain/arm gcc/native/4.8.1437/arm-gnu-toolchain/bin/../lib/gcc/arm-none-eabi/4.8.4/../../../../arm-none-eabi/lib/armv7-m\libc.a(lib_a-init.o)
                              c:/program files (x86)/atmel/atmel toolchain/arm gcc/native/4.8.1437/arm-gnu-toolchain/bin/../lib/gcc/arm-none-eabi/4.8.4/../../../../arm-none-eabi/lib/armv7-m/crt0.o (__libc_init_array)
c:/program files (x86)/atmel/atmel toolchain/arm gcc/native/4.8.1437/arm-gnu-toolchain/bin/../lib/gcc/arm-none-eabi/4.8.4/../../../../arm-none-eabi/lib/armv7-m\libc.a(lib_a-iprintf.o)
                              src/ASF/sam/drivers/adc/adc.o (iprintf)
c:/program files (x86)/atmel/atmel toolchain/arm gcc/native/4.8.1437/arm-gnu-toolchain/bin/../lib/gcc/arm-none-eabi/4.8.4/../../../../arm-none-eabi/lib/armv7-m\libc.a(lib_a-memset.o)
                              c:/program files (x86)/atmel/atmel toolchain/arm gcc/native/4.8.1437/arm-gnu-toolchain/bin/../lib/gcc/arm-none-eabi/4.8.4/../../../../arm-none-eabi/lib/armv7-m/crt0.o (memset)
c:/program files (x86)/atmel/atmel toolchain/arm gcc/native/4.8.1437/arm-gnu-toolchain/bin/../lib/gcc/arm-none-eabi/4.8.4/../../../../arm-none-eabi/lib/armv7-m\libc.a(lib_a-puts.o)
                              src/ASF/sam/drivers/adc/adc.o (puts)
c:/program files (x86)/atmel/atmel toolchain/arm gcc/native/4.8.1437/arm-gnu-toolchain/bin/../lib/gcc/arm-none-eabi/4.8.4/../../../../arm-none-eabi/lib/armv7-m\libc.a(lib_a-setbuf.o)
                              src/ASF/thirdparty/wireless/addons/sio2host/uart/sio2host.o (setbuf)
c:/program files (x86)/atmel/atmel toolchain/arm gcc/native/4.8.1437/arm-gnu-toolchain/bin/../lib/gcc/arm-none-eabi/4.8.4/../../../../arm-none-eabi/lib/armv7-m\libc.a(lib_a-setjmp.o)
                              unity/unity.o (setjmp)
c:/program files (x86)/atmel/atmel toolchain/arm gcc/native/4.8.1437/arm-gnu-toolchain/bin/../lib/gcc/arm-none-eabi/4.8.4/../../../../arm-none-eabi/lib/armv7-m\libc.a(lib_a-setvbuf.o)
                              c:/program files (x86)/atmel/atmel toolchain/arm gcc/native/4.8.1437/arm-gnu-toolchain/bin/../lib/gcc/arm-none-eabi/4.8.4/../../../../arm-none-eabi/lib/armv7-m\libc.a(lib_a-setbuf.o) (setvbuf)
c:/program files (x86)/atmel/atmel toolchain/arm gcc/native/4.8.1437/arm-gnu-toolchain/bin/../lib/gcc/arm-none-eabi/4.8.4/../../../../arm-none-eabi/lib/armv7-m\libc.a(lib_a-strlen.o)
                              c:/program files (x86)/atmel/atmel toolchain/arm gcc/native/4.8.1437/arm-gnu-toolchain/bin/../lib/gcc/arm-none-eabi/4.8.4/../../../../arm-none-eabi/lib/armv7-m\libc.a(lib_a-puts.o) (strlen)
c:/program files (x86)/atmel/atmel toolchain/arm gcc/native/4.8.1437/arm-gnu-toolchain/bin/../lib/gcc/arm-none-eabi/4.8.4/../../../../arm-none-eabi/lib/armv7-m\libc.a(lib_a-vfiprintf.o)
                              c:/program files (x86)/atmel/atmel toolchain/arm gcc/native/4.8.1437/arm-gnu-toolchain/bin/../lib/gcc/arm-none-eabi/4.8.4/../../../../arm-none-eabi/lib/armv7-m\libc.a(lib_a-iprintf.o) (_vfiprintf_r)
c:/program files (x86)/atmel/atmel toolchain/arm gcc/native/4.8.1437/arm-gnu-toolchain/bin/../lib/gcc/arm-none-eabi/4.8.4/../../../../arm-none-eabi/lib/armv7-m\libc.a(lib_a-wbuf.o)
                              unity/unity.o (__swbuf_r)
c:/program files (x86)/atmel/atmel toolchain/arm gcc/native/4.8.1437/arm-gnu-toolchain/bin/../lib/gcc/arm-none-eabi/4.8.4/../../../../arm-none-eabi/lib/armv7-m\libc.a(lib_a-wsetup.o)
[...]
Memory Configuration

Name             Origin             Length             Attributes
rom              0x00080000         0x00080000         xr
sram0            0x20000000         0x00010000         xrw
sram1            0x20080000         0x00008000         xrw
ram              0x20070000         0x00018000         xrw
*default*        0x00000000         0xffffffff

Linker script and memory map

LOAD c:/program files (x86)/atmel/atmel toolchain/arm gcc/native/4.8.1437/arm-gnu-toolchain/bin/../lib/gcc/arm-none-eabi/4.8.4/armv7-m/crti.o
LOAD c:/program files (x86)/atmel/atmel toolchain/arm gcc/native/4.8.1437/arm-gnu-toolchain/bin/../lib/gcc/arm-none-eabi/4.8.4/armv7-m/crtbegin.o
LOAD c:/program files (x86)/atmel/atmel toolchain/arm gcc/native/4.8.1437/arm-gnu-toolchain/bin/../lib/gcc/arm-none-eabi/4.8.4/../../../../arm-none-eabi/lib/armv7-m/crt0.o
LOAD src/adcFunctions.o
LOAD src/ASF/common/services/serial/usart_serial.o
LOAD src/ASF/common/utils/stdio/read.o
LOAD src/ASF/common/utils/stdio/write.o
LOAD src/ASF/sam/drivers/adc/adc.o
LOAD src/ASF/sam/drivers/adc/adc_sam3u.o
LOAD src/ASF/sam/drivers/tc/tc.o
LOAD src/ASF/sam/drivers/uart/uart.o
LOAD src/ASF/sam/drivers/usart/usart.o
LOAD src/ASF/thirdparty/wireless/addons/sio2host/uart/sio2host.o
LOAD src/buttons.o
LOAD src/ConsoleFunctions.o
LOAD src/DelayFunctions.o
LOAD src/lcdApplication.o
LOAD src/LCDFunctions.o
LOAD test/main.o
LOAD test/test_adcFunctions.o
LOAD test/test_buttons.o
LOAD test/test_delayFunctions.o
LOAD test/test_lcdApplication.o
LOAD test/test_lcdFunctions.o
LOAD unity/unity.o
LOAD src/ASF/common/services/clock/sam3x/sysclk.o
LOAD src/ASF/common/utils/interrupt/interrupt_sam_nvic.o
LOAD src/ASF/sam/boards/arduino_due_x/init.o
LOAD src/ASF/sam/drivers/pio/pio.o
LOAD src/ASF/sam/drivers/pio/pio_handler.o
LOAD src/ASF/sam/drivers/pmc/pmc.o
LOAD src/ASF/sam/drivers/pmc/sleep.o
LOAD src/ASF/sam/utils/cmsis/sam3x/source/templates/exceptions.o
LOAD src/ASF/sam/utils/cmsis/sam3x/source/templates/gcc/startup_sam3x.o
LOAD src/ASF/sam/utils/cmsis/sam3x/source/templates/system_sam3x.o
LOAD src/ASF/sam/utils/syscalls/gcc/syscalls.o
START GROUP
LOAD ../src/ASF/thirdparty/CMSIS/Lib/GCC\libarm_cortexM3l_math.a
LOAD c:/program files (x86)/atmel/atmel toolchain/arm gcc/native/4.8.1437/arm-gnu-toolchain/bin/../lib/gcc/arm-none-eabi/4.8.4/../../../../arm-none-eabi/lib/armv7-m\libm.a
END GROUP
START GROUP
LOAD c:/program files (x86)/atmel/atmel toolchain/arm gcc/native/4.8.1437/arm-gnu-toolchain/bin/../lib/gcc/arm-none-eabi/4.8.4/armv7-m\libgcc.a
LOAD c:/program files (x86)/atmel/atmel toolchain/arm gcc/native/4.8.1437/arm-gnu-toolchain/bin/../lib/gcc/arm-none-eabi/4.8.4/../../../../arm-none-eabi/lib/armv7-m\libc.a
END GROUP
LOAD c:/program files (x86)/atmel/atmel toolchain/arm gcc/native/4.8.1437/arm-gnu-toolchain/bin/../lib/gcc/arm-none-eabi/4.8.4/armv7-m/crtend.o
LOAD c:/program files (x86)/atmel/atmel toolchain/arm gcc/native/4.8.1437/arm-gnu-toolchain/bin/../lib/gcc/arm-none-eabi/4.8.4/armv7-m/crtn.o
                0x00002000                __stack_size__ = DEFINED (__stack_size__)?__stack_size__:0x2000
                0x20087ffc                __ram_end__ = ((ORIGIN (ram) + 0x18000) - 0x4)

.text           0x00080000     0x5b5c
                0x00080000                . = ALIGN (0x4)
                0x00080000                _sfixed = .
 *(.vectors .vectors.*)
 .vectors       0x00080000       0xf4 src/ASF/sam/utils/cmsis/sam3x/source/templates/gcc/startup_sam3x.o
                0x00080000                exception_table
 *(.text .text.* .gnu.linkonce.t.*)
 .text          0x000800f4       0x54 c:/program files (x86)/atmel/atmel toolchain/arm gcc/native/4.8.1437/arm-gnu-toolchain/bin/../lib/gcc/arm-none-eabi/4.8.4/armv7-m/crtbegin.o
 .text.analogInit
                0x00080148       0x70 src/adcFunctions.o
                0x00080148                analogInit
 .text.analogRead
                0x000801b8       0x34 src/adcFunctions.o
                0x000801b8                analogRead
 .text.usart_serial_read_packet
                0x000801ec       0xc4 src/ASF/common/services/serial/usart_serial.o
                0x000801ec                usart_serial_read_packet
 .text._read    0x000802b0       0x40 src/ASF/common/utils/stdio/read.o
                0x000802b0                _read
 .text._write   0x000802f0       0x54 src/ASF/common/utils/stdio/write.o
                0x000802f0                _write
 .text.adc_init
                0x00080344       0x34 src/ASF/sam/drivers/adc/adc.o
                0x00080344                adc_init
 .text.adc_set_resolution
                0x00080378       0x10 src/ASF/sam/drivers/adc/adc.o
                0x00080378                adc_set_resolution
 .text.adc_configure_trigger
                0x00080388       0x10 src/ASF/sam/drivers/adc/adc.o
                0x00080388                adc_configure_trigger
 .text.adc_configure_timing
                0x00080398       0x20 src/ASF/sam/drivers/adc/adc.o
                0x00080398                adc_configure_timing
 .text.adc_start
                0x000803b8        0x8 src/ASF/sam/drivers/adc/adc.o
                0x000803b8                adc_start
 .text.adc_enable_channel
                0x000803c0        0xc src/ASF/sam/drivers/adc/adc.o
                0x000803c0                adc_enable_channel
 .text.adc_get_channel_value
                0x000803cc       0x10 src/ASF/sam/drivers/adc/adc.o
                0x000803cc                adc_get_channel_value
 .text.tc_init  0x000803dc       0x1c src/ASF/sam/drivers/tc/tc.o
                0x000803dc                tc_init
 .text.tc_set_block_mode
                0x000803f8        0x8 src/ASF/sam/drivers/tc/tc.o
                0x000803f8                tc_set_block_mode
 .text.tc_start
                0x00080400        0x8 src/ASF/sam/drivers/tc/tc.o
                0x00080400                tc_start
 .text.tc_stop  0x00080408        0x8 src/ASF/sam/drivers/tc/tc.o
                0x00080408                tc_stop
 .text.tc_read_cv
                0x00080410        0x8 src/ASF/sam/drivers/tc/tc.o
                0x00080410                tc_read_cv
 .text.uart_init
                0x00080418       0x38 src/ASF/sam/drivers/uart/uart.o
                0x00080418                uart_init
 .text.uart_write
                0x00080450       0x10 src/ASF/sam/drivers/uart/uart.o
                0x00080450                uart_write
 .text.uart_read
                0x00080460       0x14 src/ASF/sam/drivers/uart/uart.o
                0x00080460                uart_read
 .text.usart_write
                0x00080474       0x14 src/ASF/sam/drivers/usart/usart.o
                0x00080474                usart_write
 .text.usart_read
                0x00080488       0x18 src/ASF/sam/drivers/usart/usart.o
                0x00080488                usart_read
 .text.USART0_Handler
                0x000804a0       0x60 src/ASF/thirdparty/wireless/addons/sio2host/uart/sio2host.o
                0x000804a0                USART0_Handler
 .text.readLCDbutton
                0x00080500       0x5c src/buttons.o
                0x00080500                readLCDbutton
 .text.usart_serial_getchar
                0x0008055c       0xa8 src/ConsoleFunctions.o
 .text.usart_serial_putchar
                0x00080604       0xa8 src/ConsoleFunctions.o
 .text.configureConsole
                0x000806ac       0x94 src/ConsoleFunctions.o
                0x000806ac                configureConsole
 .text.delayInit
                0x00080740       0x3c src/DelayFunctions.o
                0x00080740                delayInit
 .text.delayMicroseconds
                0x0008077c       0x3c src/DelayFunctions.o
                0x0008077c                delayMicroseconds
 .text.lcdWrite4DigitNumber
                0x000807b8       0x6c src/lcdApplication.o
                0x000807b8                lcdWrite4DigitNumber
 .text.lcdWriteAsciiString
                0x00080824        0x4 src/lcdApplication.o
                0x00080824                lcdWriteAsciiString
 .text.lcdWriteButtonValue
                0x00080828       0x10 src/lcdApplication.o
                0x00080828                lcdWriteButtonValue
 .text.lcdWrite
                0x00080838       0x90 src/LCDFunctions.o
                0x00080838                lcdWrite
 .text.lcdInit  0x000808c8       0xe4 src/LCDFunctions.o
                0x000808c8                lcdInit
 .text.lcdClearDisplay
                0x000809ac       0x20 src/LCDFunctions.o
                0x000809ac                lcdClearDisplay
 .text.main     0x000809cc      0x140 test/main.o
                0x000809cc                main
 .text.setUp    0x00080b0c        0x4 test/main.o
                0x00080b0c                setUp
 .text.tearDown
                0x00080b10        0x4 test/main.o
                0x00080b10                tearDown
 .text.test_ADConverterInitialisesProperly
                0x00080b14       0x4c test/test_adcFunctions.o
                0x00080b14                test_ADConverterInitialisesProperly
 .text.test_ADConverterReadsValueWithNoButtonPressed
                0x00080b60       0x2c test/test_adcFunctions.o
                0x00080b60                test_ADConverterReadsValueWithNoButtonPressed
 .text.test_noButtonIsPressed
                0x00080b8c       0x20 test/test_buttons.o
                0x00080b8c                test_noButtonIsPressed
 .text.test_delayTimerIsInitialisedProperly
                0x00080bac       0x2c test/test_delayFunctions.o
                0x00080bac                test_delayTimerIsInitialisedProperly
 .text.test_delayCountsProperly
                0x00080bd8       0x7c test/test_delayFunctions.o
                0x00080bd8                test_delayCountsProperly
 .text.test_writing4DigitNumberOnTheLCDDisplay
                0x00080c54       0x70 test/test_lcdApplication.o
                0x00080c54                test_writing4DigitNumberOnTheLCDDisplay
 .text.test_writingAsciiStringOnTheLCDDisplay
                0x00080cc4       0x74 test/test_lcdApplication.o
                0x00080cc4                test_writingAsciiStringOnTheLCDDisplay
 .text.test_writingButtonOnTheLCDDisplay
                0x00080d38       0x70 test/test_lcdApplication.o
                0x00080d38                test_writingButtonOnTheLCDDisplay
 .text.test_initialisatinOfTheLCD
                0x00080da8       0x60 test/test_lcdFunctions.o
                0x00080da8                test_initialisatinOfTheLCD
 .text.test_writingCharactersToTheLCD
                0x00080e08      0x394 test/test_lcdFunctions.o
                0x00080e08                test_writingCharactersToTheLCD
 .text.test_clearingTheLCDDisplay
                0x0008119c       0x70 test/test_lcdFunctions.o
                0x0008119c                test_clearingTheLCDDisplay
 .text.UnityPrintNumber
                0x0008120c      0x19c unity/unity.o
                0x0008120c                UnityPrintNumber
 .text.UnityPrintNumberUnsigned
                0x000813a8       0xc8 unity/unity.o
                0x000813a8                UnityPrintNumberUnsigned
 .text.UnityPrintNumberHex
                0x00081470      0x18c unity/unity.o
                0x00081470                UnityPrintNumberHex
 .text.UnityPrint
                0x000815fc      0x22c unity/unity.o
                0x000815fc                UnityPrint
 .text.UnityTestResultsBegin
                0x00081828      0x134 unity/unity.o
 .text.UnityTestResultsFailBegin
                0x0008195c       0x84 unity/unity.o
 .text.UnityAddMsgIfSpecified
                0x000819e0       0x1c unity/unity.o
 .text.UnityPrintNumberByStyle
                0x000819fc       0x44 unity/unity.o
                0x000819fc                UnityPrintNumberByStyle
 .text.UnityPrintMask
                0x00081a40      0x124 unity/unity.o
                0x00081a40                UnityPrintMask
 .text.UnityPrintFail
                0x00081b64       0x14 unity/unity.o
                0x00081b64                UnityPrintFail
 .text.UnityPrintOk
                0x00081b78       0x14 unity/unity.o
                0x00081b78                UnityPrintOk
 .text.UnityConcludeTest
                0x00081b8c       0xac unity/unity.o
                0x00081b8c                UnityConcludeTest
 .text.UnityAssertBits
                0x00081c38       0x78 unity/unity.o
                0x00081c38                UnityAssertBits
 .text.UnityAssertNumbersWithin
                0x00081cb0       0xcc unity/unity.o
                0x00081cb0                UnityAssertNumbersWithin
 .text.UnityFail
                0x00081d7c      0x10c unity/unity.o
                0x00081d7c                UnityFail
 .text.UnityDefaultTestRun
                0x00081e88       0x58 unity/unity.o
                0x00081e88                UnityDefaultTestRun
 .text.UnityBegin
                0x00081ee0       0x1c unity/unity.o
                0x00081ee0                UnityBegin
 .text.UnityEnd
                0x00081efc      0x1c8 unity/unity.o
                0x00081efc                UnityEnd
 .text.sysclk_init
                0x000820c4       0x64 src/ASF/common/services/clock/sam3x/sysclk.o
                0x000820c4                sysclk_init
 .text.board_init
                0x00082128       0x70 src/ASF/sam/boards/arduino_due_x/init.o
                0x00082128                board_init
 .text.pio_set_peripheral
                0x00082198       0x40 src/ASF/sam/drivers/pio/pio.o
                0x00082198                pio_set_peripheral
 .text.pio_set_input
                0x000821d8       0x34 src/ASF/sam/drivers/pio/pio.o
                0x000821d8                pio_set_input
 .text.pio_set_output
                0x0008220c       0x28 src/ASF/sam/drivers/pio/pio.o
                0x0008220c                pio_set_output
 .text.pio_get_interrupt_status
                0x00082234        0x4 src/ASF/sam/drivers/pio/pio.o
                0x00082234                pio_get_interrupt_status
 .text.pio_get_interrupt_mask
                0x00082238        0x4 src/ASF/sam/drivers/pio/pio.o
                0x00082238                pio_get_interrupt_mask
 .text.pio_configure_pin
                0x0008223c       0xd4 src/ASF/sam/drivers/pio/pio.o
                0x0008223c                pio_configure_pin
 .text.pio_configure_pin_group
                0x00082310       0xa0 src/ASF/sam/drivers/pio/pio.o
                0x00082310                pio_configure_pin_group
 .text.pio_handler_process
                0x000823b0       0x58 src/ASF/sam/drivers/pio/pio_handler.o
                0x000823b0                pio_handler_process
 .text.PIOA_Handler
                0x00082408       0x14 src/ASF/sam/drivers/pio/pio_handler.o
                0x00082408                PIOA_Handler
 .text.PIOB_Handler
                0x0008241c       0x14 src/ASF/sam/drivers/pio/pio_handler.o
                0x0008241c                PIOB_Handler
 .text.PIOC_Handler
                0x00082430       0x14 src/ASF/sam/drivers/pio/pio_handler.o
                0x00082430                PIOC_Handler
 .text.PIOD_Handler
                0x00082444       0x14 src/ASF/sam/drivers/pio/pio_handler.o
                0x00082444                PIOD_Handler
 .text.pmc_switch_mck_to_pllack
                0x00082458       0x64 src/ASF/sam/drivers/pmc/pmc.o
                0x00082458                pmc_switch_mck_to_pllack
 .text.pmc_switch_mainck_to_xtal
                0x000824bc       0x54 src/ASF/sam/drivers/pmc/pmc.o
                0x000824bc                pmc_switch_mainck_to_xtal
 .text.pmc_osc_is_ready_mainck
                0x00082510       0x10 src/ASF/sam/drivers/pmc/pmc.o
                0x00082510                pmc_osc_is_ready_mainck
 .text.pmc_disable_pllack
                0x00082520       0x10 src/ASF/sam/drivers/pmc/pmc.o
                0x00082520                pmc_disable_pllack
 .text.pmc_is_locked_pllack
                0x00082530       0x10 src/ASF/sam/drivers/pmc/pmc.o
                0x00082530                pmc_is_locked_pllack
 .text.pmc_enable_periph_clk
                0x00082540       0x58 src/ASF/sam/drivers/pmc/pmc.o
                0x00082540                pmc_enable_periph_clk
 .text.Dummy_Handler
                0x00082598        0x4 src/ASF/sam/utils/cmsis/sam3x/source/templates/exceptions.o
                0x00082598                DACC_Handler
                0x00082598                DebugMon_Handler
                0x00082598                DMAC_Handler
                0x00082598                TRNG_Handler
                0x00082598                HardFault_Handler
                0x00082598                TC2_Handler
                0x00082598                SysTick_Handler
                0x00082598                USART3_Handler
                0x00082598                TWI1_Handler
                0x00082598                PendSV_Handler
                0x00082598                NMI_Handler
                0x00082598                TC7_Handler
                0x00082598                ADC_Handler
                0x00082598                SMC_Handler
                0x00082598                RTT_Handler
                0x00082598                EFC1_Handler
                0x00082598                RTC_Handler
                0x00082598                UsageFault_Handler
                0x00082598                TC6_Handler
                0x00082598                WDT_Handler
                0x00082598                CAN0_Handler
                0x00082598                TC4_Handler
                0x00082598                TC1_Handler
                0x00082598                HSMCI_Handler
                0x00082598                TC3_Handler
                0x00082598                Dummy_Handler
                0x00082598                TWI0_Handler
                0x00082598                USART1_Handler
                0x00082598                SSC_Handler
                0x00082598                EFC0_Handler
                0x00082598                PMC_Handler
                0x00082598                PWM_Handler
                0x00082598                CAN1_Handler
                0x00082598                MemManage_Handler
                0x00082598                SUPC_Handler
                0x00082598                SVC_Handler
                0x00082598                TC8_Handler
                0x00082598                USART2_Handler
                0x00082598                EMAC_Handler
                0x00082598                UART_Handler
                0x00082598                BusFault_Handler
                0x00082598                RSTC_Handler
                0x00082598                TC0_Handler
                0x00082598                TC5_Handler
                0x00082598                UOTGHS_Handler
                0x00082598                SPI0_Handler
 .text.Reset_Handler
                0x0008259c       0xb0 src/ASF/sam/utils/cmsis/sam3x/source/templates/gcc/startup_sam3x.o
                0x0008259c                Reset_Handler
 .text.SystemCoreClockUpdate
                0x0008264c      0x11c src/ASF/sam/utils/cmsis/sam3x/source/templates/system_sam3x.o
                0x0008264c                SystemCoreClockUpdate
 .text._sbrk    0x00082768       0x34 src/ASF/sam/utils/syscalls/gcc/syscalls.o
                0x00082768                _sbrk
 .text._close   0x0008279c        0x8 src/ASF/sam/utils/syscalls/gcc/syscalls.o
                0x0008279c                _close
 .text._fstat   0x000827a4        0xc src/ASF/sam/utils/syscalls/gcc/syscalls.o
                0x000827a4                _fstat
 .text._isatty  0x000827b0        0x4 src/ASF/sam/utils/syscalls/gcc/syscalls.o
                0x000827b0                _isatty
 .text._lseek   0x000827b4        0x4 src/ASF/sam/utils/syscalls/gcc/syscalls.o
                0x000827b4                _lseek
 .text.__libc_init_array
                0x000827b8       0x50 c:/program files (x86)/atmel/atmel toolchain/arm gcc/native/4.8.1437/arm-gnu-toolchain/bin/../lib/gcc/arm-none-eabi/4.8.4/../../../../arm-none-eabi/lib/armv7-m\libc.a(lib_a-init.o)
                0x000827b8                __libc_init_array
 .text.iprintf  0x00082808       0x28 c:/program files (x86)/atmel/atmel toolchain/arm gcc/native/4.8.1437/arm-gnu-toolchain/bin/../lib/gcc/arm-none-eabi/4.8.4/../../../../arm-none-eabi/lib/armv7-m\libc.a(lib_a-iprintf.o)
                0x00082808                iprintf
 .text.memset   0x00082830       0x94 c:/program files (x86)/atmel/atmel toolchain/arm gcc/native/4.8.1437/arm-gnu-toolchain/bin/../lib/gcc/arm-none-eabi/4.8.4/../../../../arm-none-eabi/lib/armv7-m\libc.a(lib_a-memset.o)
                0x00082830                memset
 .text.setbuf   0x000828c4       0x10 c:/program files (x86)/atmel/atmel toolchain/arm gcc/native/4.8.1437/arm-gnu-toolchain/bin/../lib/gcc/arm-none-eabi/4.8.4/../../../../arm-none-eabi/lib/armv7-m\libc.a(lib_a-setbuf.o)
                0x000828c4                setbuf
 .text          0x000828d4       0x1c c:/program files (x86)/atmel/atmel toolchain/arm gcc/native/4.8.1437/arm-gnu-toolchain/bin/../lib/gcc/arm-none-eabi/4.8.4/../../../../arm-none-eabi/lib/armv7-m\libc.a(lib_a-setjmp.o)
                0x000828d4                setjmp
                0x000828e0                longjmp
 .text.setvbuf  0x000828f0      0x100 c:/program files (x86)/atmel/atmel toolchain/arm gcc/native/4.8.1437/arm-gnu-toolchain/bin/../lib/gcc/arm-none-eabi/4.8.4/../../../../arm-none-eabi/lib/armv7-m\libc.a(lib_a-setvbuf.o)
                0x000828f0                setvbuf
 .text.strlen   0x000829f0       0x60 c:/program files (x86)/atmel/atmel toolchain/arm gcc/native/4.8.1437/arm-gnu-toolchain/bin/../lib/gcc/arm-none-eabi/4.8.4/../../../../arm-none-eabi/lib/armv7-m\libc.a(lib_a-strlen.o)
                0x000829f0                strlen
 .text.__sprint_r.part.0
                0x00082a50       0x78 c:/program files (x86)/atmel/atmel toolchain/arm gcc/native/4.8.1437/arm-gnu-toolchain/bin/../lib/gcc/arm-none-eabi/4.8.4/../../../../arm-none-eabi/lib/armv7-m\libc.a(lib_a-vfiprintf.o)
 .text._vfiprintf_r
                0x00082ac8      0xc54 c:/program files (x86)/atmel/atmel toolchain/arm gcc/native/4.8.1437/arm-gnu-toolchain/bin/../lib/gcc/arm-none-eabi/4.8.4/../../../../arm-none-eabi/lib/armv7-m\libc.a(lib_a-vfiprintf.o)
                0x00082ac8                _vfiprintf_r
 .text.__sbprintf
                0x0008371c       0x7c c:/program files (x86)/atmel/atmel toolchain/arm gcc/native/4.8.1437/arm-gnu-toolchain/bin/../lib/gcc/arm-none-eabi/4.8.4/../../../../arm-none-eabi/lib/armv7-m\libc.a(lib_a-vfiprintf.o)
 .text.__swbuf_r
                0x00083798       0xa8 c:/program files (x86)/atmel/atmel toolchain/arm gcc/native/4.8.1437/arm-gnu-toolchain/bin/../lib/gcc/arm-none-eabi/4.8.4/../../../../arm-none-eabi/lib/armv7-m\libc.a(lib_a-wbuf.o)
                0x00083798                __swbuf_r
 .text.__swsetup_r
                0x00083840       0xc4 c:/program files (x86)/atmel/atmel toolchain/arm gcc/native/4.8.1437/arm-gnu-toolchain/bin/../lib/gcc/arm-none-eabi/4.8.4/../../../../arm-none-eabi/lib/armv7-m\libc.a(lib_a-wsetup.o)
                0x00083840                __swsetup_r
 .text.startup.register_fini
                0x00083904       0x14 c:/program files (x86)/atmel/atmel toolchain/arm gcc/native/4.8.1437/arm-gnu-toolchain/bin/../lib/gcc/arm-none-eabi/4.8.4/../../../../arm-none-eabi/lib/armv7-m\libc.a(lib_a-__call_atexit.o)
 .text.atexit   0x00083918        0xc c:/program files (x86)/atmel/atmel toolchain/arm gcc/native/4.8.1437/arm-gnu-toolchain/bin/../lib/gcc/arm-none-eabi/4.8.4/../../../../arm-none-eabi/lib/armv7-m\libc.a(lib_a-atexit.o)
                0x00083918                atexit
 .text.__sflush_r
                0x00083924      0x148 c:/program files (x86)/atmel/atmel toolchain/arm gcc/native/4.8.1437/arm-gnu-toolchain/bin/../lib/gcc/arm-none-eabi/4.8.4/../../../../arm-none-eabi/lib/armv7-m\libc.a(lib_a-fflush.o)
                0x00083924                __sflush_r
 .text._fflush_r
                0x00083a6c       0x2c c:/program files (x86)/atmel/atmel toolchain/arm gcc/native/4.8.1437/arm-gnu-toolchain/bin/../lib/gcc/arm-none-eabi/4.8.4/../../../../arm-none-eabi/lib/armv7-m\libc.a(lib_a-fflush.o)
                0x00083a6c                _fflush_r
 .text._cleanup_r
                0x00083a98        0xc c:/program files (x86)/atmel/atmel toolchain/arm gcc/native/4.8.1437/arm-gnu-toolchain/bin/../lib/gcc/arm-none-eabi/4.8.4/../../../../arm-none-eabi/lib/armv7-m\libc.a(lib_a-findfp.o)
                0x00083a98                _cleanup_r
 .text.__sinit  0x00083aa4       0xf4 c:/program files (x86)/atmel/atmel toolchain/arm gcc/native/4.8.1437/arm-gnu-toolchain/bin/../lib/gcc/arm-none-eabi/4.8.4/../../../../arm-none-eabi/lib/armv7-m\libc.a(lib_a-findfp.o)
                0x00083aa4                __sinit
 .text.__sfp_lock_acquire
                0x00083b98        0x4 c:/program files (x86)/atmel/atmel toolchain/arm gcc/native/4.8.1437/arm-gnu-toolchain/bin/../lib/gcc/arm-none-eabi/4.8.4/../../../../arm-none-eabi/lib/armv7-m\libc.a(lib_a-findfp.o)
                0x00083b98                __sfp_lock_acquire
 .text.__sfp_lock_release
                0x00083b9c        0x4 c:/program files (x86)/atmel/atmel toolchain/arm gcc/native/4.8.1437/arm-gnu-toolchain/bin/../lib/gcc/arm-none-eabi/4.8.4/../../../../arm-none-eabi/lib/armv7-m\libc.a(lib_a-findfp.o)
                0x00083b9c                __sfp_lock_release
 .text.__libc_fini_array
                0x00083ba0       0x30 c:/program files (x86)/atmel/atmel toolchain/arm gcc/native/4.8.1437/arm-gnu-toolchain/bin/../lib/gcc/arm-none-eabi/4.8.4/../../../../arm-none-eabi/lib/armv7-m\libc.a(lib_a-fini.o)
                0x00083ba0                __libc_fini_array
 .text._fputwc_r
                0x00083bd0       0xc0 c:/program files (x86)/atmel/atmel toolchain/arm gcc/native/4.8.1437/arm-gnu-toolchain/bin/../lib/gcc/arm-none-eabi/4.8.4/../../../../arm-none-eabi/lib/armv7-m\libc.a(lib_a-fputwc.o)
                0x00083bd0                _fputwc_r
 .text._malloc_trim_r
                0x00083c90       0x9c c:/program files (x86)/atmel/atmel toolchain/arm gcc/native/4.8.1437/arm-gnu-toolchain/bin/../lib/gcc/arm-none-eabi/4.8.4/../../../../arm-none-eabi/lib/armv7-m\libc.a(lib_a-freer.o)
                0x00083c90                _malloc_trim_r
 .text._free_r  0x00083d2c      0x198 c:/program files (x86)/atmel/atmel toolchain/arm gcc/native/4.8.1437/arm-gnu-toolchain/bin/../lib/gcc/arm-none-eabi/4.8.4/../../../../arm-none-eabi/lib/armv7-m\libc.a(lib_a-freer.o)
                0x00083d2c                _free_r
 .text.__sfvwrite_r
                0x00083ec4      0x318 c:/program files (x86)/atmel/atmel toolchain/arm gcc/native/4.8.1437/arm-gnu-toolchain/bin/../lib/gcc/arm-none-eabi/4.8.4/../../../../arm-none-eabi/lib/armv7-m\libc.a(lib_a-fvwrite.o)
                0x00083ec4                __sfvwrite_r
 .text._fwalk   0x000841dc       0x48 c:/program files (x86)/atmel/atmel toolchain/arm gcc/native/4.8.1437/arm-gnu-toolchain/bin/../lib/gcc/arm-none-eabi/4.8.4/../../../../arm-none-eabi/lib/armv7-m\libc.a(lib_a-fwalk.o)
                0x000841dc                _fwalk
 .text.__locale_charset
                0x00084224        0x8 c:/program files (x86)/atmel/atmel toolchain/arm gcc/native/4.8.1437/arm-gnu-toolchain/bin/../lib/gcc/arm-none-eabi/4.8.4/../../../../arm-none-eabi/lib/armv7-m\libc.a(lib_a-locale.o)
                0x00084224                __locale_charset
 .text.__locale_mb_cur_max
                0x0008422c        0xc c:/program files (x86)/atmel/atmel toolchain/arm gcc/native/4.8.1437/arm-gnu-toolchain/bin/../lib/gcc/arm-none-eabi/4.8.4/../../../../arm-none-eabi/lib/armv7-m\libc.a(lib_a-locale.o)
                0x0008422c                __locale_mb_cur_max
 .text.__smakebuf_r
                0x00084238       0xe0 c:/program files (x86)/atmel/atmel toolchain/arm gcc/native/4.8.1437/arm-gnu-toolchain/bin/../lib/gcc/arm-none-eabi/4.8.4/../../../../arm-none-eabi/lib/armv7-m\libc.a(lib_a-makebuf.o)
                0x00084238                __smakebuf_r
 .text.malloc   0x00084318       0x10 c:/program files (x86)/atmel/atmel toolchain/arm gcc/native/4.8.1437/arm-gnu-toolchain/bin/../lib/gcc/arm-none-eabi/4.8.4/../../../../arm-none-eabi/lib/armv7-m\libc.a(lib_a-malloc.o)
                0x00084318                malloc
 .text._malloc_r
                0x00084328      0x538 c:/program files (x86)/atmel/atmel toolchain/arm gcc/native/4.8.1437/arm-gnu-toolchain/bin/../lib/gcc/arm-none-eabi/4.8.4/../../../../arm-none-eabi/lib/armv7-m\libc.a(lib_a-mallocr.o)
                0x00084328                _malloc_r
 .text.memchr   0x00084860       0x94 c:/program files (x86)/atmel/atmel toolchain/arm gcc/native/4.8.1437/arm-gnu-toolchain/bin/../lib/gcc/arm-none-eabi/4.8.4/../../../../arm-none-eabi/lib/armv7-m\libc.a(lib_a-memchr-stub.o)
                0x00084860                memchr
 .text          0x000848f4       0xec c:/program files (x86)/atmel/atmel toolchain/arm gcc/native/4.8.1437/arm-gnu-toolchain/bin/../lib/gcc/arm-none-eabi/4.8.4/../../../../arm-none-eabi/lib/armv7-m\libc.a(lib_a-memcpy.o)
                0x000848f4                memcpy
 .text.memmove  0x000849e0       0xcc c:/program files (x86)/atmel/atmel toolchain/arm gcc/native/4.8.1437/arm-gnu-toolchain/bin/../lib/gcc/arm-none-eabi/4.8.4/../../../../arm-none-eabi/lib/armv7-m\libc.a(lib_a-memmove.o)
                0x000849e0                memmove
 .text.__malloc_lock
                0x00084aac        0x4 c:/program files (x86)/atmel/atmel toolchain/arm gcc/native/4.8.1437/arm-gnu-toolchain/bin/../lib/gcc/arm-none-eabi/4.8.4/../../../../arm-none-eabi/lib/armv7-m\libc.a(lib_a-mlock.o)
                0x00084aac                __malloc_lock
 .text.__malloc_unlock
                0x00084ab0        0x4 c:/program files (x86)/atmel/atmel toolchain/arm gcc/native/4.8.1437/arm-gnu-toolchain/bin/../lib/gcc/arm-none-eabi/4.8.4/../../../../arm-none-eabi/lib/armv7-m\libc.a(lib_a-mlock.o)
                0x00084ab0                __malloc_unlock
 .text._realloc_r
                0x00084ab4      0x3c0 c:/program files (x86)/atmel/atmel toolchain/arm gcc/native/4.8.1437/arm-gnu-toolchain/bin/../lib/gcc/arm-none-eabi/4.8.4/../../../../arm-none-eabi/lib/armv7-m\libc.a(lib_a-reallocr.o)
                0x00084ab4                _realloc_r
 .text._sbrk_r  0x00084e74       0x24 c:/program files (x86)/atmel/atmel toolchain/arm gcc/native/4.8.1437/arm-gnu-toolchain/bin/../lib/gcc/arm-none-eabi/4.8.4/../../../../arm-none-eabi/lib/armv7-m\libc.a(lib_a-sbrkr.o)
                0x00084e74                _sbrk_r
 .text.__sread  0x00084e98       0x24 c:/program files (x86)/atmel/atmel toolchain/arm gcc/native/4.8.1437/arm-gnu-toolchain/bin/../lib/gcc/arm-none-eabi/4.8.4/../../../../arm-none-eabi/lib/armv7-m\libc.a(lib_a-stdio.o)
                0x00084e98                __sread
 .text.__swrite
                0x00084ebc       0x38 c:/program files (x86)/atmel/atmel toolchain/arm gcc/native/4.8.1437/arm-gnu-toolchain/bin/../lib/gcc/arm-none-eabi/4.8.4/../../../../arm-none-eabi/lib/armv7-m\libc.a(lib_a-stdio.o)
                0x00084ebc                __swrite
 .text.__sseek  0x00084ef4       0x20 c:/program files (x86)/atmel/atmel toolchain/arm gcc/native/4.8.1437/arm-gnu-toolchain/bin/../lib/gcc/arm-none-eabi/4.8.4/../../../../arm-none-eabi/lib/armv7-m\libc.a(lib_a-stdio.o)
                0x00084ef4                __sseek
 .text.__sclose
                0x00084f14        0x8 c:/program files (x86)/atmel/atmel toolchain/arm gcc/native/4.8.1437/arm-gnu-toolchain/bin/../lib/gcc/arm-none-eabi/4.8.4/../../../../arm-none-eabi/lib/armv7-m\libc.a(lib_a-stdio.o)
                0x00084f14                __sclose
 .text._wcrtomb_r
                0x00084f1c       0x50 c:/program files (x86)/atmel/atmel toolchain/arm gcc/native/4.8.1437/arm-gnu-toolchain/bin/../lib/gcc/arm-none-eabi/4.8.4/../../../../arm-none-eabi/lib/armv7-m\libc.a(lib_a-wcrtomb.o)
                0x00084f1c                _wcrtomb_r
 .text.__ascii_wctomb
                0x00084f6c       0x1c c:/program files (x86)/atmel/atmel toolchain/arm gcc/native/4.8.1437/arm-gnu-toolchain/bin/../lib/gcc/arm-none-eabi/4.8.4/../../../../arm-none-eabi/lib/armv7-m\libc.a(lib_a-wctomb_r.o)
                0x00084f6c                __ascii_wctomb
 .text._write_r
                0x00084f88       0x28 c:/program files (x86)/atmel/atmel toolchain/arm gcc/native/4.8.1437/arm-gnu-toolchain/bin/../lib/gcc/arm-none-eabi/4.8.4/../../../../arm-none-eabi/lib/armv7-m\libc.a(lib_a-writer.o)
                0x00084f88                _write_r
 .text.__register_exitproc
                0x00084fb0       0xa8 c:/program files (x86)/atmel/atmel toolchain/arm gcc/native/4.8.1437/arm-gnu-toolchain/bin/../lib/gcc/arm-none-eabi/4.8.4/../../../../arm-none-eabi/lib/armv7-m\libc.a(lib_a-__atexit.o)
                0x00084fb0                __register_exitproc
 .text._close_r
                0x00085058       0x24 c:/program files (x86)/atmel/atmel toolchain/arm gcc/native/4.8.1437/arm-gnu-toolchain/bin/../lib/gcc/arm-none-eabi/4.8.4/../../../../arm-none-eabi/lib/armv7-m\libc.a(lib_a-closer.o)
                0x00085058                _close_r
 .text._fclose_r
                0x0008507c       0x80 c:/program files (x86)/atmel/atmel toolchain/arm gcc/native/4.8.1437/arm-gnu-toolchain/bin/../lib/gcc/arm-none-eabi/4.8.4/../../../../arm-none-eabi/lib/armv7-m\libc.a(lib_a-fclose.o)
                0x0008507c                _fclose_r
 .text.fclose   0x000850fc       0x10 c:/program files (x86)/atmel/atmel toolchain/arm gcc/native/4.8.1437/arm-gnu-toolchain/bin/../lib/gcc/arm-none-eabi/4.8.4/../../../../arm-none-eabi/lib/armv7-m\libc.a(lib_a-fclose.o)
                0x000850fc                fclose
 .text._fstat_r
                0x0008510c       0x28 c:/program files (x86)/atmel/atmel toolchain/arm gcc/native/4.8.1437/arm-gnu-toolchain/bin/../lib/gcc/arm-none-eabi/4.8.4/../../../../arm-none-eabi/lib/armv7-m\libc.a(lib_a-fstatr.o)
                0x0008510c                _fstat_r
 .text._isatty_r
                0x00085134       0x24 c:/program files (x86)/atmel/atmel toolchain/arm gcc/native/4.8.1437/arm-gnu-toolchain/bin/../lib/gcc/arm-none-eabi/4.8.4/../../../../arm-none-eabi/lib/armv7-m\libc.a(lib_a-isattyr.o)
                0x00085134                _isatty_r
 .text._lseek_r
                0x00085158       0x28 c:/program files (x86)/atmel/atmel toolchain/arm gcc/native/4.8.1437/arm-gnu-toolchain/bin/../lib/gcc/arm-none-eabi/4.8.4/../../../../arm-none-eabi/lib/armv7-m\libc.a(lib_a-lseekr.o)
                0x00085158                _lseek_r
 .text._read_r  0x00085180       0x28 c:/program files (x86)/atmel/atmel toolchain/arm gcc/native/4.8.1437/arm-gnu-toolchain/bin/../lib/gcc/arm-none-eabi/4.8.4/../../../../arm-none-eabi/lib/armv7-m\libc.a(lib_a-readr.o)
                0x00085180                _read_r
 .text          0x000851a8       0x2c c:/program files (x86)/atmel/atmel toolchain/arm gcc/native/4.8.1437/arm-gnu-toolchain/bin/../lib/gcc/arm-none-eabi/4.8.4/armv7-m\libgcc.a(_aeabi_uldivmod.o)
                0x000851a8                __aeabi_uldivmod
 .text          0x000851d4       0x60 c:/program files (x86)/atmel/atmel toolchain/arm gcc/native/4.8.1437/arm-gnu-toolchain/bin/../lib/gcc/arm-none-eabi/4.8.4/armv7-m\libgcc.a(bpabi.o)
                0x000851d4                __gnu_ldivmod_helper
                0x00085204                __gnu_uldivmod_helper
 .text          0x00085234        0x4 c:/program files (x86)/atmel/atmel toolchain/arm gcc/native/4.8.1437/arm-gnu-toolchain/bin/../lib/gcc/arm-none-eabi/4.8.4/armv7-m\libgcc.a(_dvmd_tls.o)
                0x00085234                __aeabi_idiv0
                0x00085234                __aeabi_ldiv0
 .text          0x00085238      0x2a0 c:/program files (x86)/atmel/atmel toolchain/arm gcc/native/4.8.1437/arm-gnu-toolchain/bin/../lib/gcc/arm-none-eabi/4.8.4/armv7-m\libgcc.a(_divdi3.o)
                0x00085238                __divdi3
 .text          0x000854d8      0x290 c:/program files (x86)/atmel/atmel toolchain/arm gcc/native/4.8.1437/arm-gnu-toolchain/bin/../lib/gcc/arm-none-eabi/4.8.4/armv7-m\libgcc.a(_udivdi3.o)
                0x000854d8                __udivdi3
 *(.glue_7t)
 .glue_7t       0x00000000        0x0 linker stubs
 *(.glue_7)
 .glue_7        0x00000000        0x0 linker stubs
 *(.rodata .rodata* .gnu.linkonce.r.*)
 .rodata.str1.4
                0x00085768       0x1f src/ConsoleFunctions.o
                                 0x20 (size before relaxing)
 *fill*         0x00085787        0x1 
 .rodata        0x00085788       0x10 src/LCDFunctions.o
 .rodata.str1.4
                0x00085798      0x20a test/main.o
                                0x20c (size before relaxing)
 *fill*         0x000859a2        0x2 
 .rodata.str1.4
                0x000859a4       0x4d test/test_adcFunctions.o
                                 0x50 (size before relaxing)
 *fill*         0x000859f1        0x3 
 .rodata.str1.4
                0x000859f4       0x19 test/test_buttons.o
                                 0x1c (size before relaxing)
 *fill*         0x00085a0d        0x3 
 .rodata.str1.4
                0x00085a10       0x2d test/test_lcdApplication.o
                                 0x30 (size before relaxing)
 *fill*         0x00085a3d        0x3 
 .rodata.p_PIOC_ODSR
                0x00085a40        0x4 test/test_lcdFunctions.o
                0x00085a40                p_PIOC_ODSR
 .rodata.str1.4
                0x00000000       0x1c test/test_lcdFunctions.o
 .rodata.UnitySizeMask
                0x00085a44       0x1c unity/unity.o
                0x00085a44                UnitySizeMask
 .rodata.UnityStrOk
                0x00085a60        0x4 unity/unity.o
                0x00085a60                UnityStrOk
 .rodata.UnityStrSpacer
                0x00085a64        0x4 unity/unity.o
                0x00085a64                UnityStrSpacer
 .rodata.UnityStrWas
                0x00085a68        0x8 unity/unity.o
                0x00085a68                UnityStrWas
 .rodata.UnityStrFail
                0x00085a70        0x8 unity/unity.o
                0x00085a70                UnityStrFail
 .rodata.UnityStrExpected
                0x00085a78        0xc unity/unity.o
                0x00085a78                UnityStrExpected
 .rodata.UnityStrBreaker
                0x00085a84       0x18 unity/unity.o
                0x00085a84                UnityStrBreaker
 .rodata.UnityStrResultsFailures
                0x00085a9c        0xc unity/unity.o
                0x00085a9c                UnityStrResultsFailures
 .rodata.UnityStrResultsIgnored
                0x00085aa8        0xc unity/unity.o
                0x00085aa8                UnityStrResultsIgnored
 .rodata.UnityStrResultsTests
                0x00085ab4        0x8 unity/unity.o
                0x00085ab4                UnityStrResultsTests
 .rodata.UnityStrPass
                0x00085abc        0x8 unity/unity.o
                0x00085abc                UnityStrPass
 .rodata.UnityStrDelta
                0x00085ac4       0x1c unity/unity.o
                0x00085ac4                UnityStrDelta
 .rodata.str1.4
                0x00085ae0        0x2 c:/program files (x86)/atmel/atmel toolchain/arm gcc/native/4.8.1437/arm-gnu-toolchain/bin/../lib/gcc/arm-none-eabi/4.8.4/../../../../arm-none-eabi/lib/armv7-m\libc.a(lib_a-impure.o)
                                  0x4 (size before relaxing)
 *fill*         0x00085ae2        0x2 
 .rodata._global_impure_ptr
                0x00085ae4        0x4 c:/program files (x86)/atmel/atmel toolchain/arm gcc/native/4.8.1437/arm-gnu-toolchain/bin/../lib/gcc/arm-none-eabi/4.8.4/../../../../arm-none-eabi/lib/armv7-m\libc.a(lib_a-impure.o)
                0x00085ae4                _global_impure_ptr
 .rodata.str1.4
                0x00085ae8       0x30 c:/program files (x86)/atmel/atmel toolchain/arm gcc/native/4.8.1437/arm-gnu-toolchain/bin/../lib/gcc/arm-none-eabi/4.8.4/../../../../arm-none-eabi/lib/armv7-m\libc.a(lib_a-vfiprintf.o)
 .rodata.zeroes.6721
                0x00085b18       0x10 c:/program files (x86)/atmel/atmel toolchain/arm gcc/native/4.8.1437/arm-gnu-toolchain/bin/../lib/gcc/arm-none-eabi/4.8.4/../../../../arm-none-eabi/lib/armv7-m\libc.a(lib_a-vfiprintf.o)
 .rodata.blanks.6720
                0x00085b28       0x10 c:/program files (x86)/atmel/atmel toolchain/arm gcc/native/4.8.1437/arm-gnu-toolchain/bin/../lib/gcc/arm-none-eabi/4.8.4/../../../../arm-none-eabi/lib/armv7-m\libc.a(lib_a-vfiprintf.o)
 *(.ARM.extab* .gnu.linkonce.armextab.*)
                0x00085b38                . = ALIGN (0x4)
 *(.init)
 .init          0x00085b38        0x4 c:/program files (x86)/atmel/atmel toolchain/arm gcc/native/4.8.1437/arm-gnu-toolchain/bin/../lib/gcc/arm-none-eabi/4.8.4/armv7-m/crti.o
                0x00085b38                _init
 .init          0x00085b3c        0x8 c:/program files (x86)/atmel/atmel toolchain/arm gcc/native/4.8.1437/arm-gnu-toolchain/bin/../lib/gcc/arm-none-eabi/4.8.4/armv7-m/crtn.o
                0x00085b44                . = ALIGN (0x4)
                0x00085b44                __preinit_array_start = .
 *(.preinit_array)
                0x00085b44                __preinit_array_end = .
                0x00085b44                . = ALIGN (0x4)
                0x00085b44                __init_array_start = .
 *(SORT(.init_array.*))
 .init_array.00000
                0x00085b44        0x4 c:/program files (x86)/atmel/atmel toolchain/arm gcc/native/4.8.1437/arm-gnu-toolchain/bin/../lib/gcc/arm-none-eabi/4.8.4/../../../../arm-none-eabi/lib/armv7-m\libc.a(lib_a-__call_atexit.o)
 *(.init_array)
 .init_array    0x00085b48        0x4 c:/program files (x86)/atmel/atmel toolchain/arm gcc/native/4.8.1437/arm-gnu-toolchain/bin/../lib/gcc/arm-none-eabi/4.8.4/armv7-m/crtbegin.o
                0x00085b4c                __init_array_end = .
                0x00085b4c                . = ALIGN (0x4)
 *crtbegin.o(.ctors)
 *(EXCLUDE_FILE(*crtend.o) .ctors)
 *(SORT(.ctors.*))
 *crtend.o(.ctors)
                0x00085b4c                . = ALIGN (0x4)
 *(.fini)
 .fini          0x00085b4c        0x4 c:/program files (x86)/atmel/atmel toolchain/arm gcc/native/4.8.1437/arm-gnu-toolchain/bin/../lib/gcc/arm-none-eabi/4.8.4/armv7-m/crti.o
                0x00085b4c                _fini
 .fini          0x00085b50        0x8 c:/program files (x86)/atmel/atmel toolchain/arm gcc/native/4.8.1437/arm-gnu-toolchain/bin/../lib/gcc/arm-none-eabi/4.8.4/armv7-m/crtn.o
                0x00085b58                . = ALIGN (0x4)
                0x00085b58                __fini_array_start = .
 *(.fini_array)
 .fini_array    0x00085b58        0x4 c:/program files (x86)/atmel/atmel toolchain/arm gcc/native/4.8.1437/arm-gnu-toolchain/bin/../lib/gcc/arm-none-eabi/4.8.4/armv7-m/crtbegin.o
 *(SORT(.fini_array.*))
                0x00085b5c                __fini_array_end = .
 *crtbegin.o(.dtors)
 *(EXCLUDE_FILE(*crtend.o) .dtors)
 *(SORT(.dtors.*))
 *crtend.o(.dtors)
                0x00085b5c                . = ALIGN (0x4)
                0x00085b5c                _efixed = .
                0x00085b5c                PROVIDE (__exidx_start, .)

.vfp11_veneer   0x00085b5c        0x0
 .vfp11_veneer  0x00000000        0x0 linker stubs

.v4_bx          0x00085b5c        0x0
 .v4_bx         0x00000000        0x0 linker stubs

.iplt           0x00085b5c        0x0
 .iplt          0x00000000        0x0 c:/program files (x86)/atmel/atmel toolchain/arm gcc/native/4.8.1437/arm-gnu-toolchain/bin/../lib/gcc/arm-none-eabi/4.8.4/armv7-m/crtbegin.o

.ARM.exidx      0x00085b5c        0x8
 *(.ARM.exidx* .gnu.linkonce.armexidx.*)
 .ARM.exidx     0x00085b5c        0x8 c:/program files (x86)/atmel/atmel toolchain/arm gcc/native/4.8.1437/arm-gnu-toolchain/bin/../lib/gcc/arm-none-eabi/4.8.4/armv7-m\libgcc.a(_divdi3.o)
 .ARM.exidx     0x00085b64        0x0 c:/program files (x86)/atmel/atmel toolchain/arm gcc/native/4.8.1437/arm-gnu-toolchain/bin/../lib/gcc/arm-none-eabi/4.8.4/armv7-m\libgcc.a(_udivdi3.o)
                                  0x8 (size before relaxing)
                0x00085b64                PROVIDE (__exidx_end, .)

.eh_frame       0x00085b64        0x0
 .eh_frame      0x00085b64        0x0 c:/program files (x86)/atmel/atmel toolchain/arm gcc/native/4.8.1437/arm-gnu-toolchain/bin/../lib/gcc/arm-none-eabi/4.8.4/armv7-m/crtbegin.o

.rel.dyn        0x00085b64        0x0
 .rel.iplt      0x00000000        0x0 c:/program files (x86)/atmel/atmel toolchain/arm gcc/native/4.8.1437/arm-gnu-toolchain/bin/../lib/gcc/arm-none-eabi/4.8.4/armv7-m/crtbegin.o

.jcr            0x00085b64        0x0
 .jcr           0x00085b64        0x0 c:/program files (x86)/atmel/atmel toolchain/arm gcc/native/4.8.1437/arm-gnu-toolchain/bin/../lib/gcc/arm-none-eabi/4.8.4/armv7-m/crtbegin.o

.igot.plt       0x00085b64        0x0
 .igot.plt      0x00000000        0x0 c:/program files (x86)/atmel/atmel toolchain/arm gcc/native/4.8.1437/arm-gnu-toolchain/bin/../lib/gcc/arm-none-eabi/4.8.4/armv7-m/crtbegin.o
                0x00085b64                . = ALIGN (0x4)
                0x00085b64                _etext = .

.relocate       0x20070000      0x9c4 load address 0x00085b64
                0x20070000                . = ALIGN (0x4)
                0x20070000                _srelocate = .
 *(.ramfunc .ramfunc.*)
 .ramfunc       0x20070000      0x12c src/ASF/sam/utils/cmsis/sam3x/source/templates/system_sam3x.o
                0x20070000                SystemInit
                0x200700a4                system_init_flash
 *(.data .data.*)
 .data.adc_Channels
                0x2007012c       0x2c src/adcFunctions.o
                0x2007012c                adc_Channels
 .data.g_interrupt_enabled
                0x20070158        0x1 src/ASF/common/utils/interrupt/interrupt_sam_nvic.o
                0x20070158                g_interrupt_enabled
 *fill*         0x20070159        0x3 
 .data.SystemCoreClock
                0x2007015c        0x4 src/ASF/sam/utils/cmsis/sam3x/source/templates/system_sam3x.o
                0x2007015c                SystemCoreClock
 .data.impure_data
                0x20070160      0x428 c:/program files (x86)/atmel/atmel toolchain/arm gcc/native/4.8.1437/arm-gnu-toolchain/bin/../lib/gcc/arm-none-eabi/4.8.4/../../../../arm-none-eabi/lib/armv7-m\libc.a(lib_a-impure.o)
 .data._impure_ptr
                0x20070588        0x4 c:/program files (x86)/atmel/atmel toolchain/arm gcc/native/4.8.1437/arm-gnu-toolchain/bin/../lib/gcc/arm-none-eabi/4.8.4/../../../../arm-none-eabi/lib/armv7-m\libc.a(lib_a-impure.o)
                0x20070588                _impure_ptr
 .data.lc_ctype_charset
                0x2007058c       0x20 c:/program files (x86)/atmel/atmel toolchain/arm gcc/native/4.8.1437/arm-gnu-toolchain/bin/../lib/gcc/arm-none-eabi/4.8.4/../../../../arm-none-eabi/lib/armv7-m\libc.a(lib_a-locale.o)
 .data.__mb_cur_max
                0x200705ac        0x4 c:/program files (x86)/atmel/atmel toolchain/arm gcc/native/4.8.1437/arm-gnu-toolchain/bin/../lib/gcc/arm-none-eabi/4.8.4/../../../../arm-none-eabi/lib/armv7-m\libc.a(lib_a-locale.o)
                0x200705ac                __mb_cur_max
 .data.__malloc_av_
                0x200705b0      0x408 c:/program files (x86)/atmel/atmel toolchain/arm gcc/native/4.8.1437/arm-gnu-toolchain/bin/../lib/gcc/arm-none-eabi/4.8.4/../../../../arm-none-eabi/lib/armv7-m\libc.a(lib_a-mallocr.o)
                0x200705b0                __malloc_av_
 .data.__malloc_trim_threshold
                0x200709b8        0x4 c:/program files (x86)/atmel/atmel toolchain/arm gcc/native/4.8.1437/arm-gnu-toolchain/bin/../lib/gcc/arm-none-eabi/4.8.4/../../../../arm-none-eabi/lib/armv7-m\libc.a(lib_a-mallocr.o)
                0x200709b8                __malloc_trim_threshold
 .data.__malloc_sbrk_base
                0x200709bc        0x4 c:/program files (x86)/atmel/atmel toolchain/arm gcc/native/4.8.1437/arm-gnu-toolchain/bin/../lib/gcc/arm-none-eabi/4.8.4/../../../../arm-none-eabi/lib/armv7-m\libc.a(lib_a-mallocr.o)
                0x200709bc                __malloc_sbrk_base
 .data.__wctomb
                0x200709c0        0x4 c:/program files (x86)/atmel/atmel toolchain/arm gcc/native/4.8.1437/arm-gnu-toolchain/bin/../lib/gcc/arm-none-eabi/4.8.4/../../../../arm-none-eabi/lib/armv7-m\libc.a(lib_a-wctomb_r.o)
                0x200709c0                __wctomb
                0x200709c4                . = ALIGN (0x4)
                0x200709c4                _erelocate = .

.bss            0x200709c4      0x1f0 load address 0x00086528
                0x200709c4                . = ALIGN (0x4)
                0x200709c4                _sbss = .
                0x200709c4                _szero = .
 *(.bss .bss.*)
 .bss           0x200709c4       0x1c c:/program files (x86)/atmel/atmel toolchain/arm gcc/native/4.8.1437/arm-gnu-toolchain/bin/../lib/gcc/arm-none-eabi/4.8.4/armv7-m/crtbegin.o
 .bss.serial_rx_buf
                0x200709e0       0x9c src/ASF/thirdparty/wireless/addons/sio2host/uart/sio2host.o
 .bss.serial_rx_buf_tail
                0x20070a7c        0x1 src/ASF/thirdparty/wireless/addons/sio2host/uart/sio2host.o
 *fill*         0x20070a7d        0x3 
 .bss.gs_interrupt_sources
                0x20070a80       0x70 src/ASF/sam/drivers/pio/pio_handler.o
 .bss.heap.5098
                0x20070af0        0x4 src/ASF/sam/utils/syscalls/gcc/syscalls.o
 .bss.__malloc_max_total_mem
                0x20070af4        0x4 c:/program files (x86)/atmel/atmel toolchain/arm gcc/native/4.8.1437/arm-gnu-toolchain/bin/../lib/gcc/arm-none-eabi/4.8.4/../../../../arm-none-eabi/lib/armv7-m\libc.a(lib_a-mallocr.o)
                0x20070af4                __malloc_max_total_mem
 .bss.__malloc_max_sbrked_mem
                0x20070af8        0x4 c:/program files (x86)/atmel/atmel toolchain/arm gcc/native/4.8.1437/arm-gnu-toolchain/bin/../lib/gcc/arm-none-eabi/4.8.4/../../../../arm-none-eabi/lib/armv7-m\libc.a(lib_a-mallocr.o)
                0x20070af8                __malloc_max_sbrked_mem
 .bss.__malloc_top_pad
                0x20070afc        0x4 c:/program files (x86)/atmel/atmel toolchain/arm gcc/native/4.8.1437/arm-gnu-toolchain/bin/../lib/gcc/arm-none-eabi/4.8.4/../../../../arm-none-eabi/lib/armv7-m\libc.a(lib_a-mallocr.o)
                0x20070afc                __malloc_top_pad
 .bss.__malloc_current_mallinfo
                0x20070b00       0x28 c:/program files (x86)/atmel/atmel toolchain/arm gcc/native/4.8.1437/arm-gnu-toolchain/bin/../lib/gcc/arm-none-eabi/4.8.4/../../../../arm-none-eabi/lib/armv7-m\libc.a(lib_a-mallocr.o)
                0x20070b00                __malloc_current_mallinfo
 *(COMMON)
 COMMON         0x20070b28        0x4 src/ASF/common/utils/stdio/read.o
                0x20070b28                ptr_get
 COMMON         0x20070b2c        0x8 src/ASF/common/utils/stdio/write.o
                0x20070b2c                ptr_put
                0x20070b30                stdio_base
 COMMON         0x20070b34       0x7c unity/unity.o
                0x20070b34                Unity
 COMMON         0x20070bb0        0x4 c:/program files (x86)/atmel/atmel toolchain/arm gcc/native/4.8.1437/arm-gnu-toolchain/bin/../lib/gcc/arm-none-eabi/4.8.4/../../../../arm-none-eabi/lib/armv7-m\libc.a(lib_a-reent.o)
                0x20070bb0                errno
                0x20070bb4                . = ALIGN (0x4)
                0x20070bb4                _ebss = .
                0x20070bb4                _ezero = .

.stack          0x20070bb4     0x2004 load address 0x00086718
                0x20070bb8                . = ALIGN (0x8)
 *fill*         0x20070bb4        0x4 
                0x20070bb8                _sstack = .
                0x20072bb8                . = (. + __stack_size__)
 *fill*         0x20070bb8     0x2000 
                0x20072bb8                . = ALIGN (0x8)
                0x20072bb8                _estack = .
                0x20072bb8                . = ALIGN (0x4)
                0x20072bb8                _end = .
OUTPUT(ProjectShield.elf elf32-littlearm)

.ARM.attributes
                0x00000000       0x29
 .ARM.attributes
                0x00000000       0x1d c:/program files (x86)/atmel/atmel toolchain/arm gcc/native/4.8.1437/arm-gnu-toolchain/bin/../lib/gcc/arm-none-eabi/4.8.4/armv7-m/crti.o
 .ARM.attributes
                0x0000001d       0x2d c:/program files (x86)/atmel/atmel toolchain/arm gcc/native/4.8.1437/arm-gnu-toolchain/bin/../lib/gcc/arm-none-eabi/4.8.4/armv7-m/crtbegin.o
 .ARM.attributes
                0x0000004a       0x33 src/adcFunctions.o
 .ARM.attributes
                0x0000007d       0x33 src/ASF/common/services/serial/usart_serial.o
 .ARM.attributes
                0x000000b0       0x33 src/ASF/common/utils/stdio/read.o
 .ARM.attributes
                0x000000e3       0x33 src/ASF/common/utils/stdio/write.o
 .ARM.attributes
                0x00000116       0x33 src/ASF/sam/drivers/adc/adc.o
 .ARM.attributes
                0x00000149       0x33 src/ASF/sam/drivers/tc/tc.o
 .ARM.attributes
                0x0000017c       0x33 src/ASF/sam/drivers/uart/uart.o
 .ARM.attributes
                0x000001af       0x33 src/ASF/sam/drivers/usart/usart.o
 .ARM.attributes
                0x000001e2       0x33 src/ASF/thirdparty/wireless/addons/sio2host/uart/sio2host.o
 .ARM.attributes
                0x00000215       0x33 src/buttons.o
 .ARM.attributes
                0x00000248       0x33 src/ConsoleFunctions.o
 .ARM.attributes
                0x0000027b       0x33 src/DelayFunctions.o
 .ARM.attributes
                0x000002ae       0x33 src/lcdApplication.o
 .ARM.attributes
                0x000002e1       0x33 src/LCDFunctions.o
 .ARM.attributes
                0x00000314       0x33 test/main.o
 .ARM.attributes
                0x00000347       0x33 test/test_adcFunctions.o
 .ARM.attributes
                0x0000037a       0x33 test/test_buttons.o
 .ARM.attributes
                0x000003ad       0x33 test/test_delayFunctions.o
 .ARM.attributes
                0x000003e0       0x33 test/test_lcdApplication.o
 .ARM.attributes
                0x00000413       0x33 test/test_lcdFunctions.o
 .ARM.attributes
                0x00000446       0x33 unity/unity.o
 .ARM.attributes
                0x00000479       0x33 src/ASF/common/services/clock/sam3x/sysclk.o
 .ARM.attributes
                0x000004ac       0x33 src/ASF/common/utils/interrupt/interrupt_sam_nvic.o
 .ARM.attributes
                0x000004df       0x33 src/ASF/sam/boards/arduino_due_x/init.o
 .ARM.attributes
                0x00000512       0x33 src/ASF/sam/drivers/pio/pio.o
 .ARM.attributes
                0x00000545       0x33 src/ASF/sam/drivers/pio/pio_handler.o
 .ARM.attributes
                0x00000578       0x33 src/ASF/sam/drivers/pmc/pmc.o
 .ARM.attributes
                0x000005ab       0x33 src/ASF/sam/utils/cmsis/sam3x/source/templates/exceptions.o
 .ARM.attributes
                0x000005de       0x33 src/ASF/sam/utils/cmsis/sam3x/source/templates/gcc/startup_sam3x.o
 .ARM.attributes
                0x00000611       0x33 src/ASF/sam/utils/cmsis/sam3x/source/templates/system_sam3x.o
 .ARM.attributes
                0x00000644       0x33 src/ASF/sam/utils/syscalls/gcc/syscalls.o
 .ARM.attributes
                0x00000677       0x2d c:/program files (x86)/atmel/atmel toolchain/arm gcc/native/4.8.1437/arm-gnu-toolchain/bin/../lib/gcc/arm-none-eabi/4.8.4/../../../../arm-none-eabi/lib/armv7-m\libc.a(lib_a-impure.o)
 .ARM.attributes
                0x000006a4       0x2d c:/program files (x86)/atmel/atmel toolchain/arm gcc/native/4.8.1437/arm-gnu-toolchain/bin/../lib/gcc/arm-none-eabi/4.8.4/../../../../arm-none-eabi/lib/armv7-m\libc.a(lib_a-init.o)
 .ARM.attributes
                0x000006d1       0x2d c:/program files (x86)/atmel/atmel toolchain/arm gcc/native/4.8.1437/arm-gnu-toolchain/bin/../lib/gcc/arm-none-eabi/4.8.4/../../../../arm-none-eabi/lib/armv7-m\libc.a(lib_a-iprintf.o)
 .ARM.attributes
                0x000006fe       0x2d c:/program files (x86)/atmel/atmel toolchain/arm gcc/native/4.8.1437/arm-gnu-toolchain/bin/../lib/gcc/arm-none-eabi/4.8.4/../../../../arm-none-eabi/lib/armv7-m\libc.a(lib_a-memset.o)
 .ARM.attributes
                0x0000072b       0x2d c:/program files (x86)/atmel/atmel toolchain/arm gcc/native/4.8.1437/arm-gnu-toolchain/bin/../lib/gcc/arm-none-eabi/4.8.4/../../../../arm-none-eabi/lib/armv7-m\libc.a(lib_a-setbuf.o)
 .ARM.attributes
                0x00000758       0x1b c:/program files (x86)/atmel/atmel toolchain/arm gcc/native/4.8.1437/arm-gnu-toolchain/bin/../lib/gcc/arm-none-eabi/4.8.4/../../../../arm-none-eabi/lib/armv7-m\libc.a(lib_a-setjmp.o)
 .ARM.attributes
                0x00000773       0x2d c:/program files (x86)/atmel/atmel toolchain/arm gcc/native/4.8.1437/arm-gnu-toolchain/bin/../lib/gcc/arm-none-eabi/4.8.4/../../../../arm-none-eabi/lib/armv7-m\libc.a(lib_a-setvbuf.o)
 .ARM.attributes
                0x000007a0       0x2d c:/program files (x86)/atmel/atmel toolchain/arm gcc/native/4.8.1437/arm-gnu-toolchain/bin/../lib/gcc/arm-none-eabi/4.8.4/../../../../arm-none-eabi/lib/armv7-m\libc.a(lib_a-strlen.o)
 .ARM.attributes
                0x000007cd       0x2d c:/program files (x86)/atmel/atmel toolchain/arm gcc/native/4.8.1437/arm-gnu-toolchain/bin/../lib/gcc/arm-none-eabi/4.8.4/../../../../arm-none-eabi/lib/armv7-m\libc.a(lib_a-vfiprintf.o)
 .ARM.attributes
                0x000007fa       0x2d c:/program files (x86)/atmel/atmel toolchain/arm gcc/native/4.8.1437/arm-gnu-toolchain/bin/../lib/gcc/arm-none-eabi/4.8.4/../../../../arm-none-eabi/lib/armv7-m\libc.a(lib_a-wbuf.o)
 .ARM.attributes
                0x00000827       0x2d c:/program files (x86)/atmel/atmel toolchain/arm gcc/native/4.8.1437/arm-gnu-toolchain/bin/../lib/gcc/arm-none-eabi/4.8.4/../../../../arm-none-eabi/lib/armv7-m\libc.a(lib_a-wsetup.o)
 .ARM.attributes
                0x00000854       0x2d c:/program files (x86)/atmel/atmel toolchain/arm gcc/native/4.8.1437/arm-gnu-toolchain/bin/../lib/gcc/arm-none-eabi/4.8.4/../../../../arm-none-eabi/lib/armv7-m\libc.a(lib_a-__call_atexit.o)
 .ARM.attributes
                0x00000881       0x2d c:/program files (x86)/atmel/atmel toolchain/arm gcc/native/4.8.1437/arm-gnu-toolchain/bin/../lib/gcc/arm-none-eabi/4.8.4/../../../../arm-none-eabi/lib/armv7-m\libc.a(lib_a-atexit.o)
 .ARM.attributes
                0x000008ae       0x2d c:/program files (x86)/atmel/atmel toolchain/arm gcc/native/4.8.1437/arm-gnu-toolchain/bin/../lib/gcc/arm-none-eabi/4.8.4/../../../../arm-none-eabi/lib/armv7-m\libc.a(lib_a-fflush.o)
 .ARM.attributes
                0x000008db       0x2d c:/program files (x86)/atmel/atmel toolchain/arm gcc/native/4.8.1437/arm-gnu-toolchain/bin/../lib/gcc/arm-none-eabi/4.8.4/../../../../arm-none-eabi/lib/armv7-m\libc.a(lib_a-findfp.o)
 .ARM.attributes
                0x00000908       0x2d c:/program files (x86)/atmel/atmel toolchain/arm gcc/native/4.8.1437/arm-gnu-toolchain/bin/../lib/gcc/arm-none-eabi/4.8.4/../../../../arm-none-eabi/lib/armv7-m\libc.a(lib_a-fini.o)
 .ARM.attributes
                0x00000935       0x2d c:/program files (x86)/atmel/atmel toolchain/arm gcc/native/4.8.1437/arm-gnu-toolchain/bin/../lib/gcc/arm-none-eabi/4.8.4/../../../../arm-none-eabi/lib/armv7-m\libc.a(lib_a-fputwc.o)
 .ARM.attributes
                0x00000962       0x2d c:/program files (x86)/atmel/atmel toolchain/arm gcc/native/4.8.1437/arm-gnu-toolchain/bin/../lib/gcc/arm-none-eabi/4.8.4/../../../../arm-none-eabi/lib/armv7-m\libc.a(lib_a-freer.o)
 .ARM.attributes
                0x0000098f       0x2d c:/program files (x86)/atmel/atmel toolchain/arm gcc/native/4.8.1437/arm-gnu-toolchain/bin/../lib/gcc/arm-none-eabi/4.8.4/../../../../arm-none-eabi/lib/armv7-m\libc.a(lib_a-fvwrite.o)
 .ARM.attributes
                0x000009bc       0x2d c:/program files (x86)/atmel/atmel toolchain/arm gcc/native/4.8.1437/arm-gnu-toolchain/bin/../lib/gcc/arm-none-eabi/4.8.4/../../../../arm-none-eabi/lib/armv7-m\libc.a(lib_a-fwalk.o)
 .ARM.attributes
                0x000009e9       0x2d c:/program files (x86)/atmel/atmel toolchain/arm gcc/native/4.8.1437/arm-gnu-toolchain/bin/../lib/gcc/arm-none-eabi/4.8.4/../../../../arm-none-eabi/lib/armv7-m\libc.a(lib_a-locale.o)
 .ARM.attributes
                0x00000a16       0x2d c:/program files (x86)/atmel/atmel toolchain/arm gcc/native/4.8.1437/arm-gnu-toolchain/bin/../lib/gcc/arm-none-eabi/4.8.4/../../../../arm-none-eabi/lib/armv7-m\libc.a(lib_a-makebuf.o)
 .ARM.attributes
                0x00000a43       0x2d c:/program files (x86)/atmel/atmel toolchain/arm gcc/native/4.8.1437/arm-gnu-toolchain/bin/../lib/gcc/arm-none-eabi/4.8.4/../../../../arm-none-eabi/lib/armv7-m\libc.a(lib_a-malloc.o)
 .ARM.attributes
                0x00000a70       0x2d c:/program files (x86)/atmel/atmel toolchain/arm gcc/native/4.8.1437/arm-gnu-toolchain/bin/../lib/gcc/arm-none-eabi/4.8.4/../../../../arm-none-eabi/lib/armv7-m\libc.a(lib_a-mallocr.o)
 .ARM.attributes
                0x00000a9d       0x2d c:/program files (x86)/atmel/atmel toolchain/arm gcc/native/4.8.1437/arm-gnu-toolchain/bin/../lib/gcc/arm-none-eabi/4.8.4/../../../../arm-none-eabi/lib/armv7-m\libc.a(lib_a-memchr-stub.o)
 .ARM.attributes
                0x00000aca       0x1b c:/program files (x86)/atmel/atmel toolchain/arm gcc/native/4.8.1437/arm-gnu-toolchain/bin/../lib/gcc/arm-none-eabi/4.8.4/../../../../arm-none-eabi/lib/armv7-m\libc.a(lib_a-memcpy.o)
 .ARM.attributes
                0x00000ae5       0x2d c:/program files (x86)/atmel/atmel toolchain/arm gcc/native/4.8.1437/arm-gnu-toolchain/bin/../lib/gcc/arm-none-eabi/4.8.4/../../../../arm-none-eabi/lib/armv7-m\libc.a(lib_a-memmove.o)
 .ARM.attributes
                0x00000b12       0x2d c:/program files (x86)/atmel/atmel toolchain/arm gcc/native/4.8.1437/arm-gnu-toolchain/bin/../lib/gcc/arm-none-eabi/4.8.4/../../../../arm-none-eabi/lib/armv7-m\libc.a(lib_a-mlock.o)
 .ARM.attributes
                0x00000b3f       0x2d c:/program files (x86)/atmel/atmel toolchain/arm gcc/native/4.8.1437/arm-gnu-toolchain/bin/../lib/gcc/arm-none-eabi/4.8.4/../../../../arm-none-eabi/lib/armv7-m\libc.a(lib_a-reallocr.o)
 .ARM.attributes
                0x00000b6c       0x2d c:/program files (x86)/atmel/atmel toolchain/arm gcc/native/4.8.1437/arm-gnu-toolchain/bin/../lib/gcc/arm-none-eabi/4.8.4/../../../../arm-none-eabi/lib/armv7-m\libc.a(lib_a-sbrkr.o)
 .ARM.attributes
                0x00000b99       0x2d c:/program files (x86)/atmel/atmel toolchain/arm gcc/native/4.8.1437/arm-gnu-toolchain/bin/../lib/gcc/arm-none-eabi/4.8.4/../../../../arm-none-eabi/lib/armv7-m\libc.a(lib_a-stdio.o)
 .ARM.attributes
                0x00000bc6       0x2d c:/program files (x86)/atmel/atmel toolchain/arm gcc/native/4.8.1437/arm-gnu-toolchain/bin/../lib/gcc/arm-none-eabi/4.8.4/../../../../arm-none-eabi/lib/armv7-m\libc.a(lib_a-wcrtomb.o)
 .ARM.attributes
                0x00000bf3       0x2d c:/program files (x86)/atmel/atmel toolchain/arm gcc/native/4.8.1437/arm-gnu-toolchain/bin/../lib/gcc/arm-none-eabi/4.8.4/../../../../arm-none-eabi/lib/armv7-m\libc.a(lib_a-wctomb_r.o)
 .ARM.attributes
                0x00000c20       0x2d c:/program files (x86)/atmel/atmel toolchain/arm gcc/native/4.8.1437/arm-gnu-toolchain/bin/../lib/gcc/arm-none-eabi/4.8.4/../../../../arm-none-eabi/lib/armv7-m\libc.a(lib_a-writer.o)
 .ARM.attributes
                0x00000c4d       0x2d c:/program files (x86)/atmel/atmel toolchain/arm gcc/native/4.8.1437/arm-gnu-toolchain/bin/../lib/gcc/arm-none-eabi/4.8.4/../../../../arm-none-eabi/lib/armv7-m\libc.a(lib_a-__atexit.o)
 .ARM.attributes
                0x00000c7a       0x2d c:/program files (x86)/atmel/atmel toolchain/arm gcc/native/4.8.1437/arm-gnu-toolchain/bin/../lib/gcc/arm-none-eabi/4.8.4/../../../../arm-none-eabi/lib/armv7-m\libc.a(lib_a-closer.o)
 .ARM.attributes
                0x00000ca7       0x2d c:/program files (x86)/atmel/atmel toolchain/arm gcc/native/4.8.1437/arm-gnu-toolchain/bin/../lib/gcc/arm-none-eabi/4.8.4/../../../../arm-none-eabi/lib/armv7-m\libc.a(lib_a-fclose.o)
 .ARM.attributes
                0x00000cd4       0x2d c:/program files (x86)/atmel/atmel toolchain/arm gcc/native/4.8.1437/arm-gnu-toolchain/bin/../lib/gcc/arm-none-eabi/4.8.4/../../../../arm-none-eabi/lib/armv7-m\libc.a(lib_a-fstatr.o)
 .ARM.attributes
                0x00000d01       0x2d c:/program files (x86)/atmel/atmel toolchain/arm gcc/native/4.8.1437/arm-gnu-toolchain/bin/../lib/gcc/arm-none-eabi/4.8.4/../../../../arm-none-eabi/lib/armv7-m\libc.a(lib_a-isattyr.o)
 .ARM.attributes
                0x00000d2e       0x2d c:/program files (x86)/atmel/atmel toolchain/arm gcc/native/4.8.1437/arm-gnu-toolchain/bin/../lib/gcc/arm-none-eabi/4.8.4/../../../../arm-none-eabi/lib/armv7-m\libc.a(lib_a-lseekr.o)
 .ARM.attributes
                0x00000d5b       0x2d c:/program files (x86)/atmel/atmel toolchain/arm gcc/native/4.8.1437/arm-gnu-toolchain/bin/../lib/gcc/arm-none-eabi/4.8.4/../../../../arm-none-eabi/lib/armv7-m\libc.a(lib_a-readr.o)
 .ARM.attributes
                0x00000d88       0x2d c:/program files (x86)/atmel/atmel toolchain/arm gcc/native/4.8.1437/arm-gnu-toolchain/bin/../lib/gcc/arm-none-eabi/4.8.4/../../../../arm-none-eabi/lib/armv7-m\libc.a(lib_a-reent.o)
 .ARM.attributes
                0x00000db5       0x1d c:/program files (x86)/atmel/atmel toolchain/arm gcc/native/4.8.1437/arm-gnu-toolchain/bin/../lib/gcc/arm-none-eabi/4.8.4/armv7-m\libgcc.a(_aeabi_uldivmod.o)
 .ARM.attributes
                0x00000dd2       0x2d c:/program files (x86)/atmel/atmel toolchain/arm gcc/native/4.8.1437/arm-gnu-toolchain/bin/../lib/gcc/arm-none-eabi/4.8.4/armv7-m\libgcc.a(bpabi.o)
 .ARM.attributes
                0x00000dff       0x1d c:/program files (x86)/atmel/atmel toolchain/arm gcc/native/4.8.1437/arm-gnu-toolchain/bin/../lib/gcc/arm-none-eabi/4.8.4/armv7-m\libgcc.a(_dvmd_tls.o)
 .ARM.attributes
                0x00000e1c       0x2d c:/program files (x86)/atmel/atmel toolchain/arm gcc/native/4.8.1437/arm-gnu-toolchain/bin/../lib/gcc/arm-none-eabi/4.8.4/armv7-m\libgcc.a(_divdi3.o)
 .ARM.attributes
                0x00000e49       0x2d c:/program files (x86)/atmel/atmel toolchain/arm gcc/native/4.8.1437/arm-gnu-toolchain/bin/../lib/gcc/arm-none-eabi/4.8.4/armv7-m\libgcc.a(_udivdi3.o)
 .ARM.attributes
                0x00000e76       0x1d c:/program files (x86)/atmel/atmel toolchain/arm gcc/native/4.8.1437/arm-gnu-toolchain/bin/../lib/gcc/arm-none-eabi/4.8.4/armv7-m/crtn.o

.comment        0x00000000       0x5b
 .comment       0x00000000       0x5b src/adcFunctions.o
                                 0x5c (size before relaxing)
 .comment       0x00000000       0x5c src/ASF/common/services/serial/usart_serial.o
 .comment       0x00000000       0x5c src/ASF/common/utils/stdio/read.o
 .comment       0x00000000       0x5c src/ASF/common/utils/stdio/write.o
 .comment       0x00000000       0x5c src/ASF/sam/drivers/adc/adc.o
 .comment       0x00000000       0x5c src/ASF/sam/drivers/tc/tc.o
 .comment       0x00000000       0x5c src/ASF/sam/drivers/uart/uart.o
 .comment       0x00000000       0x5c src/ASF/sam/drivers/usart/usart.o
 .comment       0x00000000       0x5c src/ASF/thirdparty/wireless/addons/sio2host/uart/sio2host.o
 .comment       0x00000000       0x5c src/buttons.o
 .comment       0x00000000       0x5c src/ConsoleFunctions.o
 .comment       0x00000000       0x5c src/DelayFunctions.o
 .comment       0x00000000       0x5c src/lcdApplication.o
 .comment       0x00000000       0x5c src/LCDFunctions.o
 .comment       0x00000000       0x5c test/main.o
 .comment       0x00000000       0x5c test/test_adcFunctions.o
 .comment       0x00000000       0x5c test/test_buttons.o
 .comment       0x00000000       0x5c test/test_delayFunctions.o
 .comment       0x00000000       0x5c test/test_lcdApplication.o
 .comment       0x00000000       0x5c test/test_lcdFunctions.o
 .comment       0x00000000       0x5c unity/unity.o
 .comment       0x00000000       0x5c src/ASF/common/services/clock/sam3x/sysclk.o
 .comment       0x00000000       0x5c src/ASF/common/utils/interrupt/interrupt_sam_nvic.o
 .comment       0x00000000       0x5c src/ASF/sam/boards/arduino_due_x/init.o
 .comment       0x00000000       0x5c src/ASF/sam/drivers/pio/pio.o
 .comment       0x00000000       0x5c src/ASF/sam/drivers/pio/pio_handler.o
 .comment       0x00000000       0x5c src/ASF/sam/drivers/pmc/pmc.o
 .comment       0x00000000       0x5c src/ASF/sam/utils/cmsis/sam3x/source/templates/exceptions.o
 .comment       0x00000000       0x5c src/ASF/sam/utils/cmsis/sam3x/source/templates/gcc/startup_sam3x.o
 .comment       0x00000000       0x5c src/ASF/sam/utils/cmsis/sam3x/source/templates/system_sam3x.o
 .comment       0x00000000       0x5c src/ASF/sam/utils/syscalls/gcc/syscalls.o

.debug_info     0x00000000    0x19317
 .debug_info    0x00000000      0xf7e src/adcFunctions.o
 .debug_info    0x00000f7e      0x7c5 src/ASF/common/services/serial/usart_serial.o
 .debug_info    0x00001743      0x1bb src/ASF/common/utils/stdio/read.o
 .debug_info    0x000018fe      0x1c0 src/ASF/common/utils/stdio/write.o
 .debug_info    0x00001abe     0x1196 src/ASF/sam/drivers/adc/adc.o
 .debug_info    0x00002c54      0x94f src/ASF/sam/drivers/tc/tc.o
 .debug_info    0x000035a3      0x889 src/ASF/sam/drivers/uart/uart.o
 .debug_info    0x00003e2c     0x1bfa src/ASF/sam/drivers/usart/usart.o
 .debug_info    0x00005a26     0x187d src/ASF/thirdparty/wireless/addons/sio2host/uart/sio2host.o
 .debug_info    0x000072a3      0xae6 src/buttons.o
 .debug_info    0x00007d89     0x12c6 src/ConsoleFunctions.o
 .debug_info    0x0000904f      0xd16 src/DelayFunctions.o
 .debug_info    0x00009d65      0xb92 src/lcdApplication.o
 .debug_info    0x0000a8f7     0x1e08 src/LCDFunctions.o
 .debug_info    0x0000c6ff      0xc97 test/main.o
 .debug_info    0x0000d396      0xbbf test/test_adcFunctions.o
 .debug_info    0x0000df55      0xabf test/test_buttons.o
 .debug_info    0x0000ea14      0xc28 test/test_delayFunctions.o
 .debug_info    0x0000f63c      0xcdd test/test_lcdApplication.o
 .debug_info    0x00010319     0x1389 test/test_lcdFunctions.o
 .debug_info    0x000116a2     0x2b92 unity/unity.o
 .debug_info    0x00014234      0x796 src/ASF/common/services/clock/sam3x/sysclk.o
 .debug_info    0x000149ca      0x1e8 src/ASF/common/utils/interrupt/interrupt_sam_nvic.o
 .debug_info    0x00014bb2      0x728 src/ASF/sam/boards/arduino_due_x/init.o
 .debug_info    0x000152da     0x1385 src/ASF/sam/drivers/pio/pio.o
 .debug_info    0x0001665f      0xe52 src/ASF/sam/drivers/pio/pio_handler.o
 .debug_info    0x000174b1     0x1080 src/ASF/sam/drivers/pmc/pmc.o
 .debug_info    0x00018531      0x124 src/ASF/sam/utils/cmsis/sam3x/source/templates/exceptions.o
 .debug_info    0x00018655      0x3bd src/ASF/sam/utils/cmsis/sam3x/source/templates/gcc/startup_sam3x.o
 .debug_info    0x00018a12      0x4c6 src/ASF/sam/utils/cmsis/sam3x/source/templates/system_sam3x.o
 .debug_info    0x00018ed8      0x43f src/ASF/sam/utils/syscalls/gcc/syscalls.o

.debug_abbrev   0x00000000     0x3dda
 .debug_abbrev  0x00000000      0x255 src/adcFunctions.o
 .debug_abbrev  0x00000255      0x1a8 src/ASF/common/services/serial/usart_serial.o
 .debug_abbrev  0x000003fd      0x101 src/ASF/common/utils/stdio/read.o
 .debug_abbrev  0x000004fe       0xf5 src/ASF/common/utils/stdio/write.o
 .debug_abbrev  0x000005f3      0x235 src/ASF/sam/drivers/adc/adc.o
 .debug_abbrev  0x00000828      0x1bb src/ASF/sam/drivers/tc/tc.o
 .debug_abbrev  0x000009e3      0x1bd src/ASF/sam/drivers/uart/uart.o
 .debug_abbrev  0x00000ba0      0x325 src/ASF/sam/drivers/usart/usart.o
 .debug_abbrev  0x00000ec5      0x3da src/ASF/thirdparty/wireless/addons/sio2host/uart/sio2host.o
 .debug_abbrev  0x0000129f      0x1dc src/buttons.o
 .debug_abbrev  0x0000147b      0x330 src/ConsoleFunctions.o
 .debug_abbrev  0x000017ab      0x1fa src/DelayFunctions.o
 .debug_abbrev  0x000019a5      0x225 src/lcdApplication.o
 .debug_abbrev  0x00001bca      0x2d7 src/LCDFunctions.o
 .debug_abbrev  0x00001ea1      0x1ff test/main.o
 .debug_abbrev  0x000020a0      0x1fa test/test_adcFunctions.o
 .debug_abbrev  0x0000229a      0x1d8 test/test_buttons.o
 .debug_abbrev  0x00002472      0x1f8 test/test_delayFunctions.o
 .debug_abbrev  0x0000266a      0x1f4 test/test_lcdApplication.o
 .debug_abbrev  0x0000285e      0x1ed test/test_lcdFunctions.o
 .debug_abbrev  0x00002a4b      0x371 unity/unity.o
 .debug_abbrev  0x00002dbc      0x227 src/ASF/common/services/clock/sam3x/sysclk.o
 .debug_abbrev  0x00002fe3       0xef src/ASF/common/utils/interrupt/interrupt_sam_nvic.o
 .debug_abbrev  0x000030d2      0x16d src/ASF/sam/boards/arduino_due_x/init.o
 .debug_abbrev  0x0000323f      0x2d5 src/ASF/sam/drivers/pio/pio.o
 .debug_abbrev  0x00003514      0x257 src/ASF/sam/drivers/pio/pio_handler.o
 .debug_abbrev  0x0000376b      0x268 src/ASF/sam/drivers/pmc/pmc.o
 .debug_abbrev  0x000039d3       0x8c src/ASF/sam/utils/cmsis/sam3x/source/templates/exceptions.o
 .debug_abbrev  0x00003a5f      0x118 src/ASF/sam/utils/cmsis/sam3x/source/templates/gcc/startup_sam3x.o
 .debug_abbrev  0x00003b77      0x115 src/ASF/sam/utils/cmsis/sam3x/source/templates/system_sam3x.o
 .debug_abbrev  0x00003c8c      0x14e src/ASF/sam/utils/syscalls/gcc/syscalls.o

.debug_loc      0x00000000     0x74b7
 .debug_loc     0x00000000       0x98 src/adcFunctions.o
 .debug_loc     0x00000098      0x2d1 src/ASF/common/services/serial/usart_serial.o
 .debug_loc     0x00000369       0xc5 src/ASF/common/utils/stdio/read.o
 .debug_loc     0x0000042e      0x161 src/ASF/common/utils/stdio/write.o
 .debug_loc     0x0000058f      0x980 src/ASF/sam/drivers/adc/adc.o
 .debug_loc     0x00000f0f      0x57a src/ASF/sam/drivers/tc/tc.o
 .debug_loc     0x00001489      0x236 src/ASF/sam/drivers/uart/uart.o
 .debug_loc     0x000016bf     0x128d src/ASF/sam/drivers/usart/usart.o
 .debug_loc     0x0000294c      0x4b5 src/ASF/thirdparty/wireless/addons/sio2host/uart/sio2host.o
 .debug_loc     0x00002e01       0x20 src/buttons.o
 .debug_loc     0x00002e21      0x28b src/ConsoleFunctions.o
 .debug_loc     0x000030ac       0x6c src/DelayFunctions.o
 .debug_loc     0x00003118       0xfa src/lcdApplication.o
 .debug_loc     0x00003212      0x1ff src/LCDFunctions.o
 .debug_loc     0x00003411       0x20 test/main.o
 .debug_loc     0x00003431       0x58 test/test_adcFunctions.o
 .debug_loc     0x00003489       0x20 test/test_buttons.o
 .debug_loc     0x000034a9       0x58 test/test_delayFunctions.o
 .debug_loc     0x00003501       0x84 test/test_lcdApplication.o
 .debug_loc     0x00003585       0x84 test/test_lcdFunctions.o
 .debug_loc     0x00003609     0x1f45 unity/unity.o
 .debug_loc     0x0000554e      0x12d src/ASF/common/services/clock/sam3x/sysclk.o
 .debug_loc     0x0000567b       0x1e src/ASF/common/utils/interrupt/interrupt_sam_nvic.o
 .debug_loc     0x00005699       0x20 src/ASF/sam/boards/arduino_due_x/init.o
 .debug_loc     0x000056b9      0xa83 src/ASF/sam/drivers/pio/pio.o
 .debug_loc     0x0000613c      0x53d src/ASF/sam/drivers/pio/pio_handler.o
 .debug_loc     0x00006679      0xc95 src/ASF/sam/drivers/pmc/pmc.o
 .debug_loc     0x0000730e       0x7e src/ASF/sam/utils/cmsis/sam3x/source/templates/gcc/startup_sam3x.o
 .debug_loc     0x0000738c      0x12b src/ASF/sam/utils/syscalls/gcc/syscalls.o

.debug_aranges  0x00000000      0xeb0
 .debug_aranges
                0x00000000       0x28 src/adcFunctions.o
 .debug_aranges
                0x00000028       0x28 src/ASF/common/services/serial/usart_serial.o
 .debug_aranges
                0x00000050       0x20 src/ASF/common/utils/stdio/read.o
 .debug_aranges
                0x00000070       0x20 src/ASF/common/utils/stdio/write.o
 .debug_aranges
                0x00000090      0x178 src/ASF/sam/drivers/adc/adc.o
 .debug_aranges
                0x00000208       0xd0 src/ASF/sam/drivers/tc/tc.o
 .debug_aranges
                0x000002d8       0xe8 src/ASF/sam/drivers/uart/uart.o
 .debug_aranges
                0x000003c0      0x2a8 src/ASF/sam/drivers/usart/usart.o
 .debug_aranges
                0x00000668       0x60 src/ASF/thirdparty/wireless/addons/sio2host/uart/sio2host.o
 .debug_aranges
                0x000006c8       0x20 src/buttons.o
 .debug_aranges
                0x000006e8       0x30 src/ConsoleFunctions.o
 .debug_aranges
                0x00000718       0x28 src/DelayFunctions.o
 .debug_aranges
                0x00000740       0x30 src/lcdApplication.o
 .debug_aranges
                0x00000770       0x30 src/LCDFunctions.o
 .debug_aranges
                0x000007a0       0x38 test/main.o
 .debug_aranges
                0x000007d8       0x28 test/test_adcFunctions.o
 .debug_aranges
                0x00000800       0x20 test/test_buttons.o
 .debug_aranges
                0x00000820       0x28 test/test_delayFunctions.o
 .debug_aranges
                0x00000848       0x30 test/test_lcdApplication.o
 .debug_aranges
                0x00000878       0x30 test/test_lcdFunctions.o
 .debug_aranges
                0x000008a8      0x110 unity/unity.o
 .debug_aranges
                0x000009b8       0x40 src/ASF/common/services/clock/sam3x/sysclk.o
 .debug_aranges
                0x000009f8       0x28 src/ASF/common/utils/interrupt/interrupt_sam_nvic.o
 .debug_aranges
                0x00000a20       0x20 src/ASF/sam/boards/arduino_due_x/init.o
 .debug_aranges
                0x00000a40      0x148 src/ASF/sam/drivers/pio/pio.o
 .debug_aranges
                0x00000b88       0x58 src/ASF/sam/drivers/pio/pio_handler.o
 .debug_aranges
                0x00000be0      0x200 src/ASF/sam/drivers/pmc/pmc.o
 .debug_aranges
                0x00000de0       0x20 src/ASF/sam/utils/cmsis/sam3x/source/templates/exceptions.o
 .debug_aranges
                0x00000e00       0x20 src/ASF/sam/utils/cmsis/sam3x/source/templates/gcc/startup_sam3x.o
 .debug_aranges
                0x00000e20       0x30 src/ASF/sam/utils/cmsis/sam3x/source/templates/system_sam3x.o
 .debug_aranges
                0x00000e50       0x60 src/ASF/sam/utils/syscalls/gcc/syscalls.o

.debug_ranges   0x00000000      0xcd8
 .debug_ranges  0x00000000       0x18 src/adcFunctions.o
 .debug_ranges  0x00000018       0x30 src/ASF/common/services/serial/usart_serial.o
 .debug_ranges  0x00000048       0x10 src/ASF/common/utils/stdio/read.o
 .debug_ranges  0x00000058       0x10 src/ASF/common/utils/stdio/write.o
 .debug_ranges  0x00000068      0x168 src/ASF/sam/drivers/adc/adc.o
 .debug_ranges  0x000001d0       0xc0 src/ASF/sam/drivers/tc/tc.o
 .debug_ranges  0x00000290       0xd8 src/ASF/sam/drivers/uart/uart.o
 .debug_ranges  0x00000368      0x298 src/ASF/sam/drivers/usart/usart.o
 .debug_ranges  0x00000600       0x50 src/ASF/thirdparty/wireless/addons/sio2host/uart/sio2host.o
 .debug_ranges  0x00000650       0x10 src/buttons.o
 .debug_ranges  0x00000660       0x20 src/ConsoleFunctions.o
 .debug_ranges  0x00000680       0x18 src/DelayFunctions.o
 .debug_ranges  0x00000698       0x20 src/lcdApplication.o
 .debug_ranges  0x000006b8       0x20 src/LCDFunctions.o
 .debug_ranges  0x000006d8       0x28 test/main.o
 .debug_ranges  0x00000700       0x18 test/test_adcFunctions.o
 .debug_ranges  0x00000718       0x10 test/test_buttons.o
 .debug_ranges  0x00000728       0x18 test/test_delayFunctions.o
 .debug_ranges  0x00000740       0x20 test/test_lcdApplication.o
 .debug_ranges  0x00000760       0x20 test/test_lcdFunctions.o
 .debug_ranges  0x00000780      0x100 unity/unity.o
 .debug_ranges  0x00000880       0x30 src/ASF/common/services/clock/sam3x/sysclk.o
 .debug_ranges  0x000008b0       0x18 src/ASF/common/utils/interrupt/interrupt_sam_nvic.o
 .debug_ranges  0x000008c8       0x10 src/ASF/sam/boards/arduino_due_x/init.o
 .debug_ranges  0x000008d8      0x138 src/ASF/sam/drivers/pio/pio.o
 .debug_ranges  0x00000a10       0x48 src/ASF/sam/drivers/pio/pio_handler.o
 .debug_ranges  0x00000a58      0x1f0 src/ASF/sam/drivers/pmc/pmc.o
 .debug_ranges  0x00000c48       0x10 src/ASF/sam/utils/cmsis/sam3x/source/templates/exceptions.o
 .debug_ranges  0x00000c58       0x10 src/ASF/sam/utils/cmsis/sam3x/source/templates/gcc/startup_sam3x.o
 .debug_ranges  0x00000c68       0x20 src/ASF/sam/utils/cmsis/sam3x/source/templates/system_sam3x.o
 .debug_ranges  0x00000c88       0x50 src/ASF/sam/utils/syscalls/gcc/syscalls.o

.debug_macro    0x00000000    0x1dc47
 .debug_macro   0x00000000      0x606 src/adcFunctions.o
 .debug_macro   0x00000606      0x874 src/adcFunctions.o
 .debug_macro   0x00000e7a       0x16 src/adcFunctions.o
 .debug_macro   0x00000e90       0x4a src/adcFunctions.o
 .debug_macro   0x00000eda      0x209 src/adcFunctions.o
 .debug_macro   0x000010e3       0x82 src/adcFunctions.o
 .debug_macro   0x00001165      0x452 src/adcFunctions.o
 .debug_macro   0x000015b7       0xf6 src/adcFunctions.o
 .debug_macro   0x000016ad      0x621 src/adcFunctions.o
 .debug_macro   0x00001cce       0x76 src/adcFunctions.o
 .debug_macro   0x00001d44       0x16 src/adcFunctions.o
 .debug_macro   0x00001d5a      0x6e4 src/adcFunctions.o
 .debug_macro   0x0000243e       0x26 src/adcFunctions.o
 .debug_macro   0x00002464       0x3a src/adcFunctions.o
 .debug_macro   0x0000249e       0x2d src/adcFunctions.o
 .debug_macro   0x000024cb      0xbb1 src/adcFunctions.o
 .debug_macro   0x0000307c      0xab6 src/adcFunctions.o
 .debug_macro   0x00003b32      0x569 src/adcFunctions.o
 .debug_macro   0x0000409b      0x2b5 src/adcFunctions.o
 .debug_macro   0x00004350      0x31a src/adcFunctions.o
 .debug_macro   0x0000466a      0x74f src/adcFunctions.o
 .debug_macro   0x00004db9       0x82 src/adcFunctions.o
 .debug_macro   0x00004e3b      0x57b src/adcFunctions.o
 .debug_macro   0x000053b6       0x1c src/adcFunctions.o
 .debug_macro   0x000053d2      0x6b7 src/adcFunctions.o
 .debug_macro   0x00005a89      0x52d src/adcFunctions.o
 .debug_macro   0x00005fb6       0xbe src/adcFunctions.o
 .debug_macro   0x00006074     0x2342 src/adcFunctions.o
 .debug_macro   0x000083b6      0x85d src/adcFunctions.o
 .debug_macro   0x00008c13      0xdc9 src/adcFunctions.o
 .debug_macro   0x000099dc       0x7c src/adcFunctions.o
 .debug_macro   0x00009a58      0x263 src/adcFunctions.o
 .debug_macro   0x00009cbb       0x58 src/adcFunctions.o
 .debug_macro   0x00009d13      0x9a7 src/adcFunctions.o
 .debug_macro   0x0000a6ba      0x248 src/adcFunctions.o
 .debug_macro   0x0000a902      0x4df src/adcFunctions.o
 .debug_macro   0x0000ade1      0x6b3 src/adcFunctions.o
 .debug_macro   0x0000b494      0x59f src/adcFunctions.o
 .debug_macro   0x0000ba33       0x46 src/adcFunctions.o
 .debug_macro   0x0000ba79      0x34d src/adcFunctions.o
 .debug_macro   0x0000bdc6      0x28c src/adcFunctions.o
 .debug_macro   0x0000c052     0x14d7 src/adcFunctions.o
 .debug_macro   0x0000d529      0x7ba src/adcFunctions.o
 .debug_macro   0x0000dce3       0x76 src/adcFunctions.o
 .debug_macro   0x0000dd59       0x82 src/adcFunctions.o
 .debug_macro   0x0000dddb       0x76 src/adcFunctions.o
 .debug_macro   0x0000de51       0x4c src/adcFunctions.o
 .debug_macro   0x0000de9d      0x105 src/adcFunctions.o
 .debug_macro   0x0000dfa2      0x105 src/adcFunctions.o
 .debug_macro   0x0000e0a7      0x105 src/adcFunctions.o
 .debug_macro   0x0000e1ac       0x88 src/adcFunctions.o
 .debug_macro   0x0000e234       0x88 src/adcFunctions.o
 .debug_macro   0x0000e2bc      0x3b4 src/adcFunctions.o
 .debug_macro   0x0000e670       0xb8 src/adcFunctions.o
 .debug_macro   0x0000e728       0xb8 src/adcFunctions.o
 .debug_macro   0x0000e7e0       0xb8 src/adcFunctions.o
 .debug_macro   0x0000e898       0xb8 src/adcFunctions.o
 .debug_macro   0x0000e950      0x2b8 src/adcFunctions.o
 .debug_macro   0x0000ec08      0x125 src/adcFunctions.o
 .debug_macro   0x0000ed2d      0x225 src/adcFunctions.o
 .debug_macro   0x0000ef52      0x225 src/adcFunctions.o
 .debug_macro   0x0000f177       0x2e src/adcFunctions.o
 .debug_macro   0x0000f1a5       0xac src/adcFunctions.o
 .debug_macro   0x0000f251      0x14d src/adcFunctions.o
 .debug_macro   0x0000f39e       0x7c src/adcFunctions.o
 .debug_macro   0x0000f41a      0x205 src/adcFunctions.o
 .debug_macro   0x0000f61f       0x64 src/adcFunctions.o
 .debug_macro   0x0000f683       0xa6 src/adcFunctions.o
 .debug_macro   0x0000f729       0x7c src/adcFunctions.o
 .debug_macro   0x0000f7a5       0x16 src/adcFunctions.o
 .debug_macro   0x0000f7bb       0x22 src/adcFunctions.o
 .debug_macro   0x0000f7dd       0x22 src/adcFunctions.o
 .debug_macro   0x0000f7ff      0x115 src/adcFunctions.o
 .debug_macro   0x0000f914      0x115 src/adcFunctions.o
 .debug_macro   0x0000fa29      0x115 src/adcFunctions.o
 .debug_macro   0x0000fb3e      0x115 src/adcFunctions.o
 .debug_macro   0x0000fc53       0x1c src/adcFunctions.o
 .debug_macro   0x0000fc6f       0x2e src/adcFunctions.o
 .debug_macro   0x0000fc9d       0x22 src/adcFunctions.o
 .debug_macro   0x0000fcbf       0x1c src/adcFunctions.o
 .debug_macro   0x0000fcdb       0x58 src/adcFunctions.o
 .debug_macro   0x0000fd33       0x10 src/adcFunctions.o
 .debug_macro   0x0000fd43      0x273 src/adcFunctions.o
 .debug_macro   0x0000ffb6      0xd43 src/adcFunctions.o
 .debug_macro   0x00010cf9      0x131 src/adcFunctions.o
 .debug_macro   0x00010e2a       0x58 src/adcFunctions.o
 .debug_macro   0x00010e82       0x35 src/adcFunctions.o
 .debug_macro   0x00010eb7       0xa3 src/adcFunctions.o
 .debug_macro   0x00010f5a       0x16 src/adcFunctions.o
 .debug_macro   0x00010f70       0x35 src/adcFunctions.o
 .debug_macro   0x00010fa5       0x10 src/adcFunctions.o
 .debug_macro   0x00010fb5       0x52 src/adcFunctions.o
 .debug_macro   0x00011007       0x16 src/adcFunctions.o
 .debug_macro   0x0001101d       0x43 src/adcFunctions.o
 .debug_macro   0x00011060      0x180 src/adcFunctions.o
 .debug_macro   0x000111e0       0x10 src/adcFunctions.o
 .debug_macro   0x000111f0       0x22 src/adcFunctions.o
 .debug_macro   0x00011212       0xbd src/adcFunctions.o
 .debug_macro   0x000112cf       0x16 src/adcFunctions.o
 .debug_macro   0x000112e5      0x16c src/adcFunctions.o
 .debug_macro   0x00011451       0x22 src/adcFunctions.o
 .debug_macro   0x00011473       0x16 src/adcFunctions.o
 .debug_macro   0x00011489       0x16 src/adcFunctions.o
 .debug_macro   0x0001149f       0x29 src/adcFunctions.o
 .debug_macro   0x000114c8       0x6e src/adcFunctions.o
 .debug_macro   0x00011536       0x45 src/adcFunctions.o
 .debug_macro   0x0001157b      0x3ca src/adcFunctions.o
 .debug_macro   0x00011945       0x1c src/adcFunctions.o
 .debug_macro   0x00011961       0x94 src/adcFunctions.o
 .debug_macro   0x000119f5       0x40 src/adcFunctions.o
 .debug_macro   0x00011a35      0x279 src/adcFunctions.o
 .debug_macro   0x00011cae      0x790 src/adcFunctions.o
 .debug_macro   0x0001243e       0x34 src/adcFunctions.o
 .debug_macro   0x00012472       0x5e src/adcFunctions.o
 .debug_macro   0x000124d0       0x64 src/adcFunctions.o
 .debug_macro   0x00012534       0x5f src/adcFunctions.o
 .debug_macro   0x00012593       0x90 src/adcFunctions.o
 .debug_macro   0x00012623       0x6a src/adcFunctions.o
 .debug_macro   0x0001268d       0x34 src/adcFunctions.o
 .debug_macro   0x000126c1       0x1c src/adcFunctions.o
 .debug_macro   0x000126dd       0x2e src/adcFunctions.o
 .debug_macro   0x0001270b       0x1c src/adcFunctions.o
 .debug_macro   0x00012727       0x10 src/adcFunctions.o
 .debug_macro   0x00012737      0x55c src/ASF/common/services/serial/usart_serial.o
 .debug_macro   0x00012c93      0x166 src/ASF/common/services/serial/usart_serial.o
 .debug_macro   0x00012df9       0x44 src/ASF/common/services/serial/usart_serial.o
 .debug_macro   0x00012e3d       0x20 src/ASF/common/services/serial/usart_serial.o
 .debug_macro   0x00012e5d      0x4a9 src/ASF/common/utils/stdio/read.o
 .debug_macro   0x00013306      0x4a9 src/ASF/common/utils/stdio/write.o
 .debug_macro   0x000137af      0x4c9 src/ASF/sam/drivers/adc/adc.o
 .debug_macro   0x00013c78      0x4c5 src/ASF/sam/drivers/tc/tc.o
 .debug_macro   0x0001413d       0x16 src/ASF/sam/drivers/tc/tc.o
 .debug_macro   0x00014153       0x1c src/ASF/sam/drivers/tc/tc.o
 .debug_macro   0x0001416f      0x4b8 src/ASF/sam/drivers/uart/uart.o
 .debug_macro   0x00014627       0x16 src/ASF/sam/drivers/uart/uart.o
 .debug_macro   0x0001463d      0x4f4 src/ASF/sam/drivers/usart/usart.o
 .debug_macro   0x00014b31       0x28 src/ASF/sam/drivers/usart/usart.o
 .debug_macro   0x00014b59      0x5f3 src/ASF/thirdparty/wireless/addons/sio2host/uart/sio2host.o
 .debug_macro   0x0001514c       0x40 src/ASF/thirdparty/wireless/addons/sio2host/uart/sio2host.o
 .debug_macro   0x0001518c      0x621 src/buttons.o
 .debug_macro   0x000157ad       0x34 src/buttons.o
 .debug_macro   0x000157e1      0x5db src/ConsoleFunctions.o
 .debug_macro   0x00015dbc       0x97 src/ConsoleFunctions.o
 .debug_macro   0x00015e53       0xef src/ConsoleFunctions.o
 .debug_macro   0x00015f42      0x20f src/ConsoleFunctions.o
 .debug_macro   0x00016151       0x22 src/ConsoleFunctions.o
 .debug_macro   0x00016173       0x70 src/ConsoleFunctions.o
 .debug_macro   0x000161e3       0x58 src/ConsoleFunctions.o
 .debug_macro   0x0001623b      0x5e9 src/DelayFunctions.o
 .debug_macro   0x00016824      0x60f src/lcdApplication.o
 .debug_macro   0x00016e33      0x61b src/LCDFunctions.o
 .debug_macro   0x0001744e       0x34 src/LCDFunctions.o
 .debug_macro   0x00017482      0x6f3 test/main.o
 .debug_macro   0x00017b75       0x7f test/main.o
 .debug_macro   0x00017bf4       0x10 test/main.o
 .debug_macro   0x00017c04       0x2b test/main.o
 .debug_macro   0x00017c2f      0x118 test/main.o
 .debug_macro   0x00017d47      0x303 test/main.o
 .debug_macro   0x0001804a      0x4a2 test/main.o
 .debug_macro   0x000184ec      0x66c test/test_adcFunctions.o
 .debug_macro   0x00018b58      0x66d test/test_buttons.o
 .debug_macro   0x000191c5      0x673 test/test_delayFunctions.o
 .debug_macro   0x00019838      0x691 test/test_lcdApplication.o
 .debug_macro   0x00019ec9      0x682 test/test_lcdFunctions.o
 .debug_macro   0x0001a54b      0x17a unity/unity.o
 .debug_macro   0x0001a6c5       0x55 unity/unity.o
 .debug_macro   0x0001a71a      0x2b2 unity/unity.o
 .debug_macro   0x0001a9cc      0x529 src/ASF/common/services/clock/sam3x/sysclk.o
 .debug_macro   0x0001aef5      0x273 src/ASF/common/services/clock/sam3x/sysclk.o
 .debug_macro   0x0001b168      0x4b3 src/ASF/common/utils/interrupt/interrupt_sam_nvic.o
 .debug_macro   0x0001b61b       0x3f src/ASF/common/utils/interrupt/interrupt_sam_nvic.o
 .debug_macro   0x0001b65a      0x568 src/ASF/sam/boards/arduino_due_x/init.o
 .debug_macro   0x0001bbc2      0x4c4 src/ASF/sam/drivers/pio/pio.o
 .debug_macro   0x0001c086       0x8e src/ASF/sam/drivers/pio/pio.o
 .debug_macro   0x0001c114      0x4c8 src/ASF/sam/drivers/pio/pio_handler.o
 .debug_macro   0x0001c5dc      0x4be src/ASF/sam/drivers/pmc/pmc.o
 .debug_macro   0x0001ca9a       0x58 src/ASF/sam/drivers/pmc/pmc.o
 .debug_macro   0x0001caf2      0x4bd src/ASF/sam/utils/cmsis/sam3x/source/templates/exceptions.o
 .debug_macro   0x0001cfaf      0x4cb src/ASF/sam/utils/cmsis/sam3x/source/templates/gcc/startup_sam3x.o
 .debug_macro   0x0001d47a      0x4cb src/ASF/sam/utils/cmsis/sam3x/source/templates/system_sam3x.o
 .debug_macro   0x0001d945      0x129 src/ASF/sam/utils/syscalls/gcc/syscalls.o
 .debug_macro   0x0001da6e       0x52 src/ASF/sam/utils/syscalls/gcc/syscalls.o
 .debug_macro   0x0001dac0       0x16 src/ASF/sam/utils/syscalls/gcc/syscalls.o
 .debug_macro   0x0001dad6       0x10 src/ASF/sam/utils/syscalls/gcc/syscalls.o
 .debug_macro   0x0001dae6       0x41 src/ASF/sam/utils/syscalls/gcc/syscalls.o
 .debug_macro   0x0001db27      0x120 src/ASF/sam/utils/syscalls/gcc/syscalls.o

.debug_line     0x00000000    0x1a323
 .debug_line    0x00000000      0xe9f src/adcFunctions.o
 .debug_line    0x00000e9f      0xd1b src/ASF/common/services/serial/usart_serial.o
 .debug_line    0x00001bba      0xad9 src/ASF/common/utils/stdio/read.o
 .debug_line    0x00002693      0xacf src/ASF/common/utils/stdio/write.o
 .debug_line    0x00003162      0xe60 src/ASF/sam/drivers/adc/adc.o
 .debug_line    0x00003fc2      0xc7a src/ASF/sam/drivers/tc/tc.o
 .debug_line    0x00004c3c      0xc8f src/ASF/sam/drivers/uart/uart.o
 .debug_line    0x000058cb     0x11a9 src/ASF/sam/drivers/usart/usart.o
 .debug_line    0x00006a74     0x1043 src/ASF/thirdparty/wireless/addons/sio2host/uart/sio2host.o
 .debug_line    0x00007ab7      0xeac src/buttons.o
 .debug_line    0x00008963      0xf41 src/ConsoleFunctions.o
 .debug_line    0x000098a4      0xe83 src/DelayFunctions.o
 .debug_line    0x0000a727      0xec6 src/lcdApplication.o
 .debug_line    0x0000b5ed      0xf7f src/LCDFunctions.o
 .debug_line    0x0000c56c     0x113e test/main.o
 .debug_line    0x0000d6aa      0xfa8 test/test_adcFunctions.o
 .debug_line    0x0000e652      0xf8b test/test_buttons.o
 .debug_line    0x0000f5dd      0xfc2 test/test_delayFunctions.o
 .debug_line    0x0001059f     0x1005 test/test_lcdApplication.o
 .debug_line    0x000115a4     0x1065 test/test_lcdFunctions.o
 .debug_line    0x00012609      0xa77 unity/unity.o
 .debug_line    0x00013080      0xc48 src/ASF/common/services/clock/sam3x/sysclk.o
 .debug_line    0x00013cc8      0xaf4 src/ASF/common/utils/interrupt/interrupt_sam_nvic.o
 .debug_line    0x000147bc      0xcda src/ASF/sam/boards/arduino_due_x/init.o
 .debug_line    0x00015496      0xe42 src/ASF/sam/drivers/pio/pio.o
 .debug_line    0x000162d8      0xb8d src/ASF/sam/drivers/pio/pio_handler.o
 .debug_line    0x00016e65     0x1047 src/ASF/sam/drivers/pmc/pmc.o
 .debug_line    0x00017eac      0xab5 src/ASF/sam/utils/cmsis/sam3x/source/templates/exceptions.o
 .debug_line    0x00018961      0xb05 src/ASF/sam/utils/cmsis/sam3x/source/templates/gcc/startup_sam3x.o
 .debug_line    0x00019466      0xb22 src/ASF/sam/utils/cmsis/sam3x/source/templates/system_sam3x.o
 .debug_line    0x00019f88      0x39b src/ASF/sam/utils/syscalls/gcc/syscalls.o

.debug_str      0x00000000    0x6de20
 .debug_str     0x00000000    0x5fc3c src/adcFunctions.o
                              0x5ffe7 (size before relaxing)
 .debug_str     0x0005fc3c      0x377 src/ASF/common/services/serial/usart_serial.o
                              0x5e45c (size before relaxing)
 .debug_str     0x0005ffb3       0x2c src/ASF/common/utils/stdio/read.o
                              0x5a3d1 (size before relaxing)
 .debug_str     0x0005ffdf       0x26 src/ASF/common/utils/stdio/write.o
                              0x5a3d3 (size before relaxing)
 .debug_str     0x00060005      0x721 src/ASF/sam/drivers/adc/adc.o
                              0x5aea4 (size before relaxing)