Archive member included because of file (symbol)

c:/program files (x86)/atmel/atmel toolchain/arm gcc/native/4.8.1437/arm-gnu-toolchain/bin/../lib/gcc/arm-none-eabi/4.8.4/../../../../arm-none-eabi/lib/armv7-m\libc.a(lib_a-exit.o)
                              c:/program files (x86)/atmel/atmel toolchain/arm gcc/native/4.8.1437/arm-gnu-toolchain/bin/../lib/gcc/arm-none-eabi/4.8.4/../../../../arm-none-eabi/lib/armv7-m/crt0.o (exit)
c:/program files (x86)/atmel/atmel toolchain/arm gcc/native/4.8.1437/arm-gnu-toolchain/bin/../lib/gcc/arm-none-eabi/4.8.4/../../../../arm-none-eabi/lib/armv7-m\libc.a(lib_a-impure.o)
                              c:/program files (x86)/atmel/atmel toolchain/arm gcc/native/4.8.1437/arm-gnu-toolchain/bin/../lib/gcc/arm-none-eabi/4.8.4/../../../../arm-none-eabi/lib/armv7-m\libc.a(lib_a-exit.o) (_global_impure_ptr)
c:/program files (x86)/atmel/atmel toolchain/arm gcc/native/4.8.1437/arm-gnu-toolchain/bin/../lib/gcc/arm-none-eabi/4.8.4/../../../../arm-none-eabi/lib/armv7-m\libc.a(lib_a-init.o)
                              c:/program files (x86)/atmel/atmel toolchain/arm gcc/native/4.8.1437/arm-gnu-toolchain/bin/../lib/gcc/arm-none-eabi/4.8.4/../../../../arm-none-eabi/lib/armv7-m/crt0.o (__libc_init_array)
c:/program files (x86)/atmel/atmel toolchain/arm gcc/native/4.8.1437/arm-gnu-toolchain/bin/../lib/gcc/arm-none-eabi/4.8.4/../../../../arm-none-eabi/lib/armv7-m\libc.a(lib_a-iprintf.o)
                              src/ASF/sam/utils/syscalls/gcc/syscalls.o (iprintf)
c:/program files (x86)/atmel/atmel toolchain/arm gcc/native/4.8.1437/arm-gnu-toolchain/bin/../lib/gcc/arm-none-eabi/4.8.4/../../../../arm-none-eabi/lib/armv7-m\libc.a(lib_a-memcpy.o)
                              src/ASF/thirdparty/freertos/freertos-7.3.0/source/queue.o (memcpy)
c:/program files (x86)/atmel/atmel toolchain/arm gcc/native/4.8.1437/arm-gnu-toolchain/bin/../lib/gcc/arm-none-eabi/4.8.4/../../../../arm-none-eabi/lib/armv7-m\libc.a(lib_a-memset.o)
                              c:/program files (x86)/atmel/atmel toolchain/arm gcc/native/4.8.1437/arm-gnu-toolchain/bin/../lib/gcc/arm-none-eabi/4.8.4/../../../../arm-none-eabi/lib/armv7-m/crt0.o (memset)
c:/program files (x86)/atmel/atmel toolchain/arm gcc/native/4.8.1437/arm-gnu-toolchain/bin/../lib/gcc/arm-none-eabi/4.8.4/../../../../arm-none-eabi/lib/armv7-m\libc.a(lib_a-setbuf.o)
                              src/ASF/thirdparty/wireless/addons/sio2host/uart/sio2host.o (setbuf)
c:/program files (x86)/atmel/atmel toolchain/arm gcc/native/4.8.1437/arm-gnu-toolchain/bin/../lib/gcc/arm-none-eabi/4.8.4/../../../../arm-none-eabi/lib/armv7-m\libc.a(lib_a-setvbuf.o)
                              c:/program files (x86)/atmel/atmel toolchain/arm gcc/native/4.8.1437/arm-gnu-toolchain/bin/../lib/gcc/arm-none-eabi/4.8.4/../../../../arm-none-eabi/lib/armv7-m\libc.a(lib_a-setbuf.o) (setvbuf)
c:/program files (x86)/atmel/atmel toolchain/arm gcc/native/4.8.1437/arm-gnu-toolchain/bin/../lib/gcc/arm-none-eabi/4.8.4/../../../../arm-none-eabi/lib/armv7-m\libc.a(lib_a-sprintf.o)
                              src/ASF/thirdparty/freertos/freertos-7.3.0/source/tasks.o (sprintf)
c:/program files (x86)/atmel/atmel toolchain/arm gcc/native/4.8.1437/arm-gnu-toolchain/bin/../lib/gcc/arm-none-eabi/4.8.4/../../../../arm-none-eabi/lib/armv7-m\libc.a(lib_a-strcat.o)
                              src/ASF/thirdparty/freertos/freertos-7.3.0/source/tasks.o (strcat)
c:/program files (x86)/atmel/atmel toolchain/arm gcc/native/4.8.1437/arm-gnu-toolchain/bin/../lib/gcc/arm-none-eabi/4.8.4/../../../../arm-none-eabi/lib/armv7-m\libc.a(lib_a-strcpy.o)
                              c:/program files (x86)/atmel/atmel toolchain/arm gcc/native/4.8.1437/arm-gnu-toolchain/bin/../lib/gcc/arm-none-eabi/4.8.4/../../../../arm-none-eabi/lib/armv7-m\libc.a(lib_a-strcat.o) (strcpy)
c:/program files (x86)/atmel/atmel toolchain/arm gcc/native/4.8.1437/arm-gnu-toolchain/bin/../lib/gcc/arm-none-eabi/4.8.4/../../../../arm-none-eabi/lib/armv7-m\libc.a(lib_a-strlen.o)
                              src/ASF/thirdparty/freertos/freertos-7.3.0/source/FreeRTOS_CLI.o (strlen)
c:/program files (x86)/atmel/atmel toolchain/arm gcc/native/4.8.1437/arm-gnu-toolchain/bin/../lib/gcc/arm-none-eabi/4.8.4/../../../../arm-none-eabi/lib/armv7-m\libc.a(lib_a-strncmp.o)
                              src/ASF/thirdparty/freertos/freertos-7.3.0/source/FreeRTOS_CLI.o (strncmp)
c:/program files (x86)/atmel/atmel toolchain/arm gcc/native/4.8.1437/arm-gnu-toolchain/bin/../lib/gcc/arm-none-eabi/4.8.4/../../../../arm-none-eabi/lib/armv7-m\libc.a(lib_a-strncpy.o)
                              src/ASF/thirdparty/freertos/freertos-7.3.0/source/FreeRTOS_CLI.o (strncpy)
c:/program files (x86)/atmel/atmel toolchain/arm gcc/native/4.8.1437/arm-gnu-toolchain/bin/../lib/gcc/arm-none-eabi/4.8.4/../../../../arm-none-eabi/lib/armv7-m\libc.a(lib_a-svfprintf.o)
[...]
Memory Configuration

Name             Origin             Length             Attributes
rom              0x00080000         0x00080000         xr
sram0            0x20000000         0x00010000         xrw
sram1            0x20080000         0x00008000         xrw
ram              0x20070000         0x00018000         xrw
*default*        0x00000000         0xffffffff

Linker script and memory map

LOAD c:/program files (x86)/atmel/atmel toolchain/arm gcc/native/4.8.1437/arm-gnu-toolchain/bin/../lib/gcc/arm-none-eabi/4.8.4/armv7-m/crti.o
LOAD c:/program files (x86)/atmel/atmel toolchain/arm gcc/native/4.8.1437/arm-gnu-toolchain/bin/../lib/gcc/arm-none-eabi/4.8.4/armv7-m/crtbegin.o
LOAD c:/program files (x86)/atmel/atmel toolchain/arm gcc/native/4.8.1437/arm-gnu-toolchain/bin/../lib/gcc/arm-none-eabi/4.8.4/../../../../arm-none-eabi/lib/armv7-m/crt0.o
LOAD src/ASF/common/services/serial/usart_serial.o
LOAD src/ASF/common/utils/stdio/read.o
LOAD src/ASF/common/utils/stdio/write.o
LOAD src/ASF/sam/drivers/tc/tc.o
LOAD src/ASF/sam/drivers/uart/uart.o
LOAD src/ASF/sam/drivers/usart/usart.o
LOAD src/ASF/thirdparty/freertos/freertos-7.3.0/source/FreeRTOS_CLI.o
LOAD src/ASF/thirdparty/freertos/freertos-7.3.0/source/list.o
LOAD src/ASF/thirdparty/freertos/freertos-7.3.0/source/portable/gcc/arm_cm3/port.o
LOAD src/ASF/thirdparty/freertos/freertos-7.3.0/source/portable/memmang/heap_4.o
LOAD src/ASF/thirdparty/freertos/freertos-7.3.0/source/queue.o
LOAD src/ASF/thirdparty/freertos/freertos-7.3.0/source/tasks.o
LOAD src/ASF/thirdparty/freertos/freertos-7.3.0/source/timers.o
LOAD src/ASF/thirdparty/wireless/addons/sio2host/uart/sio2host.o
LOAD src/codeLock.o
LOAD src/consoleFunctions.o
LOAD src/delayFunctions.o
LOAD src/ASF/common/services/clock/sam3x/sysclk.o
LOAD src/ASF/common/utils/interrupt/interrupt_sam_nvic.o
LOAD src/ASF/sam/boards/arduino_due_x/init.o
LOAD src/ASF/sam/drivers/pio/pio.o
LOAD src/ASF/sam/drivers/pio/pio_handler.o
LOAD src/ASF/sam/drivers/pmc/pmc.o
LOAD src/ASF/sam/drivers/pmc/sleep.o
LOAD src/ASF/sam/utils/cmsis/sam3x/source/templates/exceptions.o
LOAD src/ASF/sam/utils/cmsis/sam3x/source/templates/gcc/startup_sam3x.o
LOAD src/ASF/sam/utils/cmsis/sam3x/source/templates/system_sam3x.o
LOAD src/ASF/sam/utils/syscalls/gcc/syscalls.o
LOAD src/initComponents.o
LOAD src/lockLED.o
LOAD src/main.o
START GROUP
LOAD ../src/ASF/thirdparty/CMSIS/Lib/GCC\libarm_cortexM3l_math.a
LOAD c:/program files (x86)/atmel/atmel toolchain/arm gcc/native/4.8.1437/arm-gnu-toolchain/bin/../lib/gcc/arm-none-eabi/4.8.4/../../../../arm-none-eabi/lib/armv7-m\libm.a
END GROUP
START GROUP
LOAD c:/program files (x86)/atmel/atmel toolchain/arm gcc/native/4.8.1437/arm-gnu-toolchain/bin/../lib/gcc/arm-none-eabi/4.8.4/armv7-m\libgcc.a
LOAD c:/program files (x86)/atmel/atmel toolchain/arm gcc/native/4.8.1437/arm-gnu-toolchain/bin/../lib/gcc/arm-none-eabi/4.8.4/../../../../arm-none-eabi/lib/armv7-m\libc.a
END GROUP
LOAD c:/program files (x86)/atmel/atmel toolchain/arm gcc/native/4.8.1437/arm-gnu-toolchain/bin/../lib/gcc/arm-none-eabi/4.8.4/armv7-m/crtend.o
LOAD c:/program files (x86)/atmel/atmel toolchain/arm gcc/native/4.8.1437/arm-gnu-toolchain/bin/../lib/gcc/arm-none-eabi/4.8.4/armv7-m/crtn.o
                0x00002000                __stack_size__ = DEFINED (__stack_size__)?__stack_size__:0x2000
                0x20087ffc                __ram_end__ = ((ORIGIN (ram) + 0x18000) - 0x4)

.text           0x00080000     0x56ec
                0x00080000                . = ALIGN (0x4)
                0x00080000                _sfixed = .
 *(.vectors .vectors.*)
 .vectors       0x00080000       0xf4 src/ASF/sam/utils/cmsis/sam3x/source/templates/gcc/startup_sam3x.o
                0x00080000                exception_table
 *(.text .text.* .gnu.linkonce.t.*)
 .text          0x000800f4       0x54 c:/program files (x86)/atmel/atmel toolchain/arm gcc/native/4.8.1437/arm-gnu-toolchain/bin/../lib/gcc/arm-none-eabi/4.8.4/armv7-m/crtbegin.o
 .text.usart_serial_read_packet
                0x00080148       0xc4 src/ASF/common/services/serial/usart_serial.o
                0x00080148                usart_serial_read_packet
 .text._read    0x0008020c       0x40 src/ASF/common/utils/stdio/read.o
                0x0008020c                _read
 .text._write   0x0008024c       0x54 src/ASF/common/utils/stdio/write.o
                0x0008024c                _write
 .text.uart_init
                0x000802a0       0x38 src/ASF/sam/drivers/uart/uart.o
                0x000802a0                uart_init
 .text.uart_write
                0x000802d8       0x10 src/ASF/sam/drivers/uart/uart.o
                0x000802d8                uart_write
 .text.uart_read
                0x000802e8       0x14 src/ASF/sam/drivers/uart/uart.o
                0x000802e8                uart_read
 .text.usart_write
                0x000802fc       0x14 src/ASF/sam/drivers/usart/usart.o
                0x000802fc                usart_write
 .text.usart_read
                0x00080310       0x18 src/ASF/sam/drivers/usart/usart.o
                0x00080310                usart_read
 .text.vListInitialise
                0x00080328       0x18 src/ASF/thirdparty/freertos/freertos-7.3.0/source/list.o
                0x00080328                vListInitialise
 .text.vListInitialiseItem
                0x00080340        0x8 src/ASF/thirdparty/freertos/freertos-7.3.0/source/list.o
                0x00080340                vListInitialiseItem
 .text.vListInsertEnd
                0x00080348       0x1c src/ASF/thirdparty/freertos/freertos-7.3.0/source/list.o
                0x00080348                vListInsertEnd
 .text.vListInsert
                0x00080364       0x44 src/ASF/thirdparty/freertos/freertos-7.3.0/source/list.o
                0x00080364                vListInsert
 .text.uxListRemove
                0x000803a8       0x28 src/ASF/thirdparty/freertos/freertos-7.3.0/source/list.o
                0x000803a8                uxListRemove
 .text.prvPortStartFirstTask
                0x000803d0       0x14 src/ASF/thirdparty/freertos/freertos-7.3.0/source/portable/gcc/arm_cm3/port.o
 .text.pxPortInitialiseStack
                0x000803e4       0x1c src/ASF/thirdparty/freertos/freertos-7.3.0/source/portable/gcc/arm_cm3/port.o
                0x000803e4                pxPortInitialiseStack
 .text.SVC_Handler
                0x00080400       0x20 src/ASF/thirdparty/freertos/freertos-7.3.0/source/portable/gcc/arm_cm3/port.o
                0x00080400                SVC_Handler
 .text.vPortYieldFromISR
                0x00080420       0x10 src/ASF/thirdparty/freertos/freertos-7.3.0/source/portable/gcc/arm_cm3/port.o
                0x00080420                vPortYieldFromISR
 .text.ulPortSetInterruptMask
                0x00080430       0x10 src/ASF/thirdparty/freertos/freertos-7.3.0/source/portable/gcc/arm_cm3/port.o
                0x00080430                ulPortSetInterruptMask
 .text.vPortEnterCritical
                0x00080440       0x18 src/ASF/thirdparty/freertos/freertos-7.3.0/source/portable/gcc/arm_cm3/port.o
                0x00080440                vPortEnterCritical
 .text.vPortClearInterruptMask
                0x00080458        0x8 src/ASF/thirdparty/freertos/freertos-7.3.0/source/portable/gcc/arm_cm3/port.o
                0x00080458                vPortClearInterruptMask
 .text.vPortExitCritical
                0x00080460       0x1c src/ASF/thirdparty/freertos/freertos-7.3.0/source/portable/gcc/arm_cm3/port.o
                0x00080460                vPortExitCritical
 .text.PendSV_Handler
                0x0008047c       0x3c src/ASF/thirdparty/freertos/freertos-7.3.0/source/portable/gcc/arm_cm3/port.o
                0x0008047c                PendSV_Handler
 .text.SysTick_Handler
                0x000804b8       0x2c src/ASF/thirdparty/freertos/freertos-7.3.0/source/portable/gcc/arm_cm3/port.o
                0x000804b8                SysTick_Handler
 .text.vPortSetupTimerInterrupt
                0x000804e4       0x18 src/ASF/thirdparty/freertos/freertos-7.3.0/source/portable/gcc/arm_cm3/port.o
                0x000804e4                vPortSetupTimerInterrupt
 .text.xPortStartScheduler
                0x000804fc       0x38 src/ASF/thirdparty/freertos/freertos-7.3.0/source/portable/gcc/arm_cm3/port.o
                0x000804fc                xPortStartScheduler
 .text.prvInsertBlockIntoFreeList
                0x00080534       0x58 src/ASF/thirdparty/freertos/freertos-7.3.0/source/portable/memmang/heap_4.o
 .text.pvPortMalloc
                0x0008058c       0xc4 src/ASF/thirdparty/freertos/freertos-7.3.0/source/portable/memmang/heap_4.o
                0x0008058c                pvPortMalloc
 .text.vPortFree
                0x00080650       0x34 src/ASF/thirdparty/freertos/freertos-7.3.0/source/portable/memmang/heap_4.o
                0x00080650                vPortFree
 .text.prvCopyDataToQueue
                0x00080684       0x64 src/ASF/thirdparty/freertos/freertos-7.3.0/source/queue.o
 .text.prvCopyDataFromQueue
                0x000806e8       0x28 src/ASF/thirdparty/freertos/freertos-7.3.0/source/queue.o
 .text.prvUnlockQueue
                0x00080710       0x8c src/ASF/thirdparty/freertos/freertos-7.3.0/source/queue.o
 .text.xQueueGenericReset
                0x0008079c       0x7c src/ASF/thirdparty/freertos/freertos-7.3.0/source/queue.o
                0x0008079c                xQueueGenericReset
 .text.xQueueGenericCreate
                0x00080818       0x58 src/ASF/thirdparty/freertos/freertos-7.3.0/source/queue.o
                0x00080818                xQueueGenericCreate
 .text.xQueueGenericSend
                0x00080870      0x124 src/ASF/thirdparty/freertos/freertos-7.3.0/source/queue.o
                0x00080870                xQueueGenericSend
 .text.xQueueGenericSendFromISR
                0x00080994       0x90 src/ASF/thirdparty/freertos/freertos-7.3.0/source/queue.o
                0x00080994                xQueueGenericSendFromISR
 .text.xQueueGenericReceive
                0x00080a24      0x164 src/ASF/thirdparty/freertos/freertos-7.3.0/source/queue.o
                0x00080a24                xQueueGenericReceive
 .text.vQueueWaitForMessageRestricted
                0x00080b88       0x4c src/ASF/thirdparty/freertos/freertos-7.3.0/source/queue.o
                0x00080b88                vQueueWaitForMessageRestricted
 .text.prvAddCurrentTaskToDelayedList
                0x00080bd4       0x5c src/ASF/thirdparty/freertos/freertos-7.3.0/source/tasks.o
 .text.xTaskGenericCreate
                0x00080c30      0x208 src/ASF/thirdparty/freertos/freertos-7.3.0/source/tasks.o
                0x00080c30                xTaskGenericCreate
 .text.vTaskStartScheduler
                0x00080e38       0x6c src/ASF/thirdparty/freertos/freertos-7.3.0/source/tasks.o
                0x00080e38                vTaskStartScheduler
 .text.vTaskSuspendAll
                0x00080ea4       0x10 src/ASF/thirdparty/freertos/freertos-7.3.0/source/tasks.o
                0x00080ea4                vTaskSuspendAll
 .text.xTaskGetTickCount
                0x00080eb4       0x20 src/ASF/thirdparty/freertos/freertos-7.3.0/source/tasks.o
                0x00080eb4                xTaskGetTickCount
 .text.vTaskIncrementTick
                0x00080ed4      0x12c src/ASF/thirdparty/freertos/freertos-7.3.0/source/tasks.o
                0x00080ed4                vTaskIncrementTick
 .text.xTaskResumeAll
                0x00081000      0x108 src/ASF/thirdparty/freertos/freertos-7.3.0/source/tasks.o
                0x00081000                xTaskResumeAll
 .text.vTaskDelayUntil
                0x00081108       0x98 src/ASF/thirdparty/freertos/freertos-7.3.0/source/tasks.o
                0x00081108                vTaskDelayUntil
 .text.vTaskDelay
                0x000811a0       0x4c src/ASF/thirdparty/freertos/freertos-7.3.0/source/tasks.o
                0x000811a0                vTaskDelay
 .text.prvIdleTask
                0x000811ec       0x84 src/ASF/thirdparty/freertos/freertos-7.3.0/source/tasks.o
 .text.vTaskSwitchContext
                0x00081270       0x90 src/ASF/thirdparty/freertos/freertos-7.3.0/source/tasks.o
                0x00081270                vTaskSwitchContext
 .text.vTaskPlaceOnEventList
                0x00081300       0x64 src/ASF/thirdparty/freertos/freertos-7.3.0/source/tasks.o
                0x00081300                vTaskPlaceOnEventList
 .text.vTaskPlaceOnEventListRestricted
                0x00081364       0x48 src/ASF/thirdparty/freertos/freertos-7.3.0/source/tasks.o
                0x00081364                vTaskPlaceOnEventListRestricted
 .text.xTaskRemoveFromEventList
                0x000813ac       0x84 src/ASF/thirdparty/freertos/freertos-7.3.0/source/tasks.o
                0x000813ac                xTaskRemoveFromEventList
 .text.vTaskSetTimeOutState
                0x00081430       0x28 src/ASF/thirdparty/freertos/freertos-7.3.0/source/tasks.o
                0x00081430                vTaskSetTimeOutState
 .text.xTaskCheckForTimeOut
                0x00081458       0x8c src/ASF/thirdparty/freertos/freertos-7.3.0/source/tasks.o
                0x00081458                xTaskCheckForTimeOut
 .text.vTaskMissedYield
                0x000814e4        0xc src/ASF/thirdparty/freertos/freertos-7.3.0/source/tasks.o
                0x000814e4                vTaskMissedYield
 .text.xTaskGetCurrentTaskHandle
                0x000814f0        0xc src/ASF/thirdparty/freertos/freertos-7.3.0/source/tasks.o
                0x000814f0                xTaskGetCurrentTaskHandle
 .text.xTaskGetSchedulerState
                0x000814fc       0x20 src/ASF/thirdparty/freertos/freertos-7.3.0/source/tasks.o
                0x000814fc                xTaskGetSchedulerState
 .text.vTaskPriorityInherit
                0x0008151c       0x7c src/ASF/thirdparty/freertos/freertos-7.3.0/source/tasks.o
                0x0008151c                vTaskPriorityInherit
 .text.vTaskPriorityDisinherit
                0x00081598       0x50 src/ASF/thirdparty/freertos/freertos-7.3.0/source/tasks.o
                0x00081598                vTaskPriorityDisinherit
 .text.prvInsertTimerInActiveList
                0x000815e8       0x50 src/ASF/thirdparty/freertos/freertos-7.3.0/source/timers.o
 .text.prvCheckForValidListAndQueue
                0x00081638       0x5c src/ASF/thirdparty/freertos/freertos-7.3.0/source/timers.o
 .text.xTimerCreateTimerTask
                0x00081694       0x4c src/ASF/thirdparty/freertos/freertos-7.3.0/source/timers.o
                0x00081694                xTimerCreateTimerTask
 .text.xTimerGenericCommand
                0x000816e0       0x58 src/ASF/thirdparty/freertos/freertos-7.3.0/source/timers.o
                0x000816e0                xTimerGenericCommand
 .text.prvSampleTimeNow
                0x00081738       0xbc src/ASF/thirdparty/freertos/freertos-7.3.0/source/timers.o
 .text.prvTimerTask
                0x000817f4      0x180 src/ASF/thirdparty/freertos/freertos-7.3.0/source/timers.o
 .text.USART0_Handler
                0x00081974       0x60 src/ASF/thirdparty/wireless/addons/sio2host/uart/sio2host.o
                0x00081974                USART0_Handler
 .text.task_codeLock
                0x000819d4      0x104 src/codeLock.o
                0x000819d4                task_codeLock
 .text.usart_serial_getchar
                0x00081ad8       0xa8 src/consoleFunctions.o
 .text.usart_serial_putchar
                0x00081b80       0xa8 src/consoleFunctions.o
 .text.configureConsole
                0x00081c28       0x80 src/consoleFunctions.o
                0x00081c28                configureConsole
 .text.sysclk_init
                0x00081ca8       0x64 src/ASF/common/services/clock/sam3x/sysclk.o
                0x00081ca8                sysclk_init
 .text.board_init
                0x00081d0c       0x80 src/ASF/sam/boards/arduino_due_x/init.o
                0x00081d0c                board_init
 .text.pio_set_peripheral
                0x00081d8c       0x40 src/ASF/sam/drivers/pio/pio.o
                0x00081d8c                pio_set_peripheral
 .text.pio_set_input
                0x00081dcc       0x34 src/ASF/sam/drivers/pio/pio.o
                0x00081dcc                pio_set_input
 .text.pio_set_output
                0x00081e00       0x28 src/ASF/sam/drivers/pio/pio.o
                0x00081e00                pio_set_output
 .text.pio_get_interrupt_status
                0x00081e28        0x4 src/ASF/sam/drivers/pio/pio.o
                0x00081e28                pio_get_interrupt_status
 .text.pio_get_interrupt_mask
                0x00081e2c        0x4 src/ASF/sam/drivers/pio/pio.o
                0x00081e2c                pio_get_interrupt_mask
 .text.pio_configure_pin
                0x00081e30       0xd4 src/ASF/sam/drivers/pio/pio.o
                0x00081e30                pio_configure_pin
 .text.pio_configure_pin_group
                0x00081f04       0xa0 src/ASF/sam/drivers/pio/pio.o
                0x00081f04                pio_configure_pin_group
 .text.pio_handler_process
                0x00081fa4       0x58 src/ASF/sam/drivers/pio/pio_handler.o
                0x00081fa4                pio_handler_process
 .text.PIOA_Handler
                0x00081ffc       0x14 src/ASF/sam/drivers/pio/pio_handler.o
                0x00081ffc                PIOA_Handler
 .text.PIOB_Handler
                0x00082010       0x14 src/ASF/sam/drivers/pio/pio_handler.o
                0x00082010                PIOB_Handler
 .text.PIOC_Handler
                0x00082024       0x14 src/ASF/sam/drivers/pio/pio_handler.o
                0x00082024                PIOC_Handler
 .text.PIOD_Handler
                0x00082038       0x14 src/ASF/sam/drivers/pio/pio_handler.o
                0x00082038                PIOD_Handler
 .text.pmc_switch_mck_to_pllack
                0x0008204c       0x64 src/ASF/sam/drivers/pmc/pmc.o
                0x0008204c                pmc_switch_mck_to_pllack
 .text.pmc_switch_mainck_to_xtal
                0x000820b0       0x54 src/ASF/sam/drivers/pmc/pmc.o
                0x000820b0                pmc_switch_mainck_to_xtal
 .text.pmc_osc_is_ready_mainck
                0x00082104       0x10 src/ASF/sam/drivers/pmc/pmc.o
                0x00082104                pmc_osc_is_ready_mainck
 .text.pmc_disable_pllack
                0x00082114       0x10 src/ASF/sam/drivers/pmc/pmc.o
                0x00082114                pmc_disable_pllack
 .text.pmc_is_locked_pllack
                0x00082124       0x10 src/ASF/sam/drivers/pmc/pmc.o
                0x00082124                pmc_is_locked_pllack
 .text.pmc_enable_periph_clk
                0x00082134       0x58 src/ASF/sam/drivers/pmc/pmc.o
                0x00082134                pmc_enable_periph_clk
 .text.Dummy_Handler
                0x0008218c        0x4 src/ASF/sam/utils/cmsis/sam3x/source/templates/exceptions.o
                0x0008218c                DACC_Handler
                0x0008218c                DebugMon_Handler
                0x0008218c                DMAC_Handler
                0x0008218c                TRNG_Handler
                0x0008218c                HardFault_Handler
                0x0008218c                TC2_Handler
                0x0008218c                USART3_Handler
                0x0008218c                TWI1_Handler
                0x0008218c                NMI_Handler
                0x0008218c                TC7_Handler
                0x0008218c                ADC_Handler
                0x0008218c                SMC_Handler
                0x0008218c                RTT_Handler
                0x0008218c                EFC1_Handler
                0x0008218c                RTC_Handler
                0x0008218c                UsageFault_Handler
                0x0008218c                TC6_Handler
                0x0008218c                WDT_Handler
                0x0008218c                CAN0_Handler
                0x0008218c                TC4_Handler
                0x0008218c                TC1_Handler
                0x0008218c                HSMCI_Handler
                0x0008218c                TC3_Handler
                0x0008218c                Dummy_Handler
                0x0008218c                TWI0_Handler
                0x0008218c                USART1_Handler
                0x0008218c                SSC_Handler
                0x0008218c                EFC0_Handler
                0x0008218c                PMC_Handler
                0x0008218c                PWM_Handler
                0x0008218c                CAN1_Handler
                0x0008218c                MemManage_Handler
                0x0008218c                SUPC_Handler
                0x0008218c                TC8_Handler
                0x0008218c                USART2_Handler
                0x0008218c                EMAC_Handler
                0x0008218c                UART_Handler
                0x0008218c                BusFault_Handler
                0x0008218c                RSTC_Handler
                0x0008218c                TC0_Handler
                0x0008218c                TC5_Handler
                0x0008218c                UOTGHS_Handler
                0x0008218c                SPI0_Handler
 .text.Reset_Handler
                0x00082190       0xb0 src/ASF/sam/utils/cmsis/sam3x/source/templates/gcc/startup_sam3x.o
                0x00082190                Reset_Handler
 .text.SystemCoreClockUpdate
                0x00082240      0x11c src/ASF/sam/utils/cmsis/sam3x/source/templates/system_sam3x.o
                0x00082240                SystemCoreClockUpdate
 .text._sbrk    0x0008235c       0x34 src/ASF/sam/utils/syscalls/gcc/syscalls.o
                0x0008235c                _sbrk
 .text._close   0x00082390        0x8 src/ASF/sam/utils/syscalls/gcc/syscalls.o
                0x00082390                _close
 .text._fstat   0x00082398        0xc src/ASF/sam/utils/syscalls/gcc/syscalls.o
                0x00082398                _fstat
 .text._isatty  0x000823a4        0x4 src/ASF/sam/utils/syscalls/gcc/syscalls.o
                0x000823a4                _isatty
 .text._lseek   0x000823a8        0x4 src/ASF/sam/utils/syscalls/gcc/syscalls.o
                0x000823a8                _lseek
 .text.init     0x000823ac       0x44 src/initComponents.o
                0x000823ac                init
 .text.digitalWrite
                0x000823f0       0x7c src/initComponents.o
                0x000823f0                digitalWrite
 .text.digitalRead
                0x0008246c       0x30 src/initComponents.o
                0x0008246c                digitalRead
 .text.task_led
                0x0008249c       0x38 src/lockLED.o
                0x0008249c                task_led
 .text.main     0x000824d4       0xb8 src/main.o
                0x000824d4                main
 .text.__libc_init_array
                0x0008258c       0x50 c:/program files (x86)/atmel/atmel toolchain/arm gcc/native/4.8.1437/arm-gnu-toolchain/bin/../lib/gcc/arm-none-eabi/4.8.4/../../../../arm-none-eabi/lib/armv7-m\libc.a(lib_a-init.o)
                0x0008258c                __libc_init_array
 .text.iprintf  0x000825dc       0x28 c:/program files (x86)/atmel/atmel toolchain/arm gcc/native/4.8.1437/arm-gnu-toolchain/bin/../lib/gcc/arm-none-eabi/4.8.4/../../../../arm-none-eabi/lib/armv7-m\libc.a(lib_a-iprintf.o)
                0x000825dc                iprintf
 .text          0x00082604       0xec c:/program files (x86)/atmel/atmel toolchain/arm gcc/native/4.8.1437/arm-gnu-toolchain/bin/../lib/gcc/arm-none-eabi/4.8.4/../../../../arm-none-eabi/lib/armv7-m\libc.a(lib_a-memcpy.o)
                0x00082604                memcpy
 .text.memset   0x000826f0       0x94 c:/program files (x86)/atmel/atmel toolchain/arm gcc/native/4.8.1437/arm-gnu-toolchain/bin/../lib/gcc/arm-none-eabi/4.8.4/../../../../arm-none-eabi/lib/armv7-m\libc.a(lib_a-memset.o)
                0x000826f0                memset
 .text.setbuf   0x00082784       0x10 c:/program files (x86)/atmel/atmel toolchain/arm gcc/native/4.8.1437/arm-gnu-toolchain/bin/../lib/gcc/arm-none-eabi/4.8.4/../../../../arm-none-eabi/lib/armv7-m\libc.a(lib_a-setbuf.o)
                0x00082784                setbuf
 .text.setvbuf  0x00082794      0x100 c:/program files (x86)/atmel/atmel toolchain/arm gcc/native/4.8.1437/arm-gnu-toolchain/bin/../lib/gcc/arm-none-eabi/4.8.4/../../../../arm-none-eabi/lib/armv7-m\libc.a(lib_a-setvbuf.o)
                0x00082794                setvbuf
 .text.strlen   0x00082894       0x60 c:/program files (x86)/atmel/atmel toolchain/arm gcc/native/4.8.1437/arm-gnu-toolchain/bin/../lib/gcc/arm-none-eabi/4.8.4/../../../../arm-none-eabi/lib/armv7-m\libc.a(lib_a-strlen.o)
                0x00082894                strlen
 .text.strncpy  0x000828f4       0x64 c:/program files (x86)/atmel/atmel toolchain/arm gcc/native/4.8.1437/arm-gnu-toolchain/bin/../lib/gcc/arm-none-eabi/4.8.4/../../../../arm-none-eabi/lib/armv7-m\libc.a(lib_a-strncpy.o)
                0x000828f4                strncpy
 .text.__sprint_r.part.0
                0x00082958       0x78 c:/program files (x86)/atmel/atmel toolchain/arm gcc/native/4.8.1437/arm-gnu-toolchain/bin/../lib/gcc/arm-none-eabi/4.8.4/../../../../arm-none-eabi/lib/armv7-m\libc.a(lib_a-vfiprintf.o)
 .text._vfiprintf_r
                0x000829d0      0xc54 c:/program files (x86)/atmel/atmel toolchain/arm gcc/native/4.8.1437/arm-gnu-toolchain/bin/../lib/gcc/arm-none-eabi/4.8.4/../../../../arm-none-eabi/lib/armv7-m\libc.a(lib_a-vfiprintf.o)
                0x000829d0                _vfiprintf_r
 .text.__sbprintf
                0x00083624       0x7c c:/program files (x86)/atmel/atmel toolchain/arm gcc/native/4.8.1437/arm-gnu-toolchain/bin/../lib/gcc/arm-none-eabi/4.8.4/../../../../arm-none-eabi/lib/armv7-m\libc.a(lib_a-vfiprintf.o)
 .text.__swsetup_r
                0x000836a0       0xc4 c:/program files (x86)/atmel/atmel toolchain/arm gcc/native/4.8.1437/arm-gnu-toolchain/bin/../lib/gcc/arm-none-eabi/4.8.4/../../../../arm-none-eabi/lib/armv7-m\libc.a(lib_a-wsetup.o)
                0x000836a0                __swsetup_r
 .text.startup.register_fini
                0x00083764       0x14 c:/program files (x86)/atmel/atmel toolchain/arm gcc/native/4.8.1437/arm-gnu-toolchain/bin/../lib/gcc/arm-none-eabi/4.8.4/../../../../arm-none-eabi/lib/armv7-m\libc.a(lib_a-__call_atexit.o)
 .text.atexit   0x00083778        0xc c:/program files (x86)/atmel/atmel toolchain/arm gcc/native/4.8.1437/arm-gnu-toolchain/bin/../lib/gcc/arm-none-eabi/4.8.4/../../../../arm-none-eabi/lib/armv7-m\libc.a(lib_a-atexit.o)
                0x00083778                atexit
 .text.__sflush_r
                0x00083784      0x148 c:/program files (x86)/atmel/atmel toolchain/arm gcc/native/4.8.1437/arm-gnu-toolchain/bin/../lib/gcc/arm-none-eabi/4.8.4/../../../../arm-none-eabi/lib/armv7-m\libc.a(lib_a-fflush.o)
                0x00083784                __sflush_r
 .text._fflush_r
                0x000838cc       0x2c c:/program files (x86)/atmel/atmel toolchain/arm gcc/native/4.8.1437/arm-gnu-toolchain/bin/../lib/gcc/arm-none-eabi/4.8.4/../../../../arm-none-eabi/lib/armv7-m\libc.a(lib_a-fflush.o)
                0x000838cc                _fflush_r
 .text._cleanup_r
                0x000838f8        0xc c:/program files (x86)/atmel/atmel toolchain/arm gcc/native/4.8.1437/arm-gnu-toolchain/bin/../lib/gcc/arm-none-eabi/4.8.4/../../../../arm-none-eabi/lib/armv7-m\libc.a(lib_a-findfp.o)
                0x000838f8                _cleanup_r
 .text.__sinit  0x00083904       0xf4 c:/program files (x86)/atmel/atmel toolchain/arm gcc/native/4.8.1437/arm-gnu-toolchain/bin/../lib/gcc/arm-none-eabi/4.8.4/../../../../arm-none-eabi/lib/armv7-m\libc.a(lib_a-findfp.o)
                0x00083904                __sinit
 .text.__sfp_lock_acquire
                0x000839f8        0x4 c:/program files (x86)/atmel/atmel toolchain/arm gcc/native/4.8.1437/arm-gnu-toolchain/bin/../lib/gcc/arm-none-eabi/4.8.4/../../../../arm-none-eabi/lib/armv7-m\libc.a(lib_a-findfp.o)
                0x000839f8                __sfp_lock_acquire
 .text.__sfp_lock_release
                0x000839fc        0x4 c:/program files (x86)/atmel/atmel toolchain/arm gcc/native/4.8.1437/arm-gnu-toolchain/bin/../lib/gcc/arm-none-eabi/4.8.4/../../../../arm-none-eabi/lib/armv7-m\libc.a(lib_a-findfp.o)
                0x000839fc                __sfp_lock_release
 .text.__libc_fini_array
                0x00083a00       0x30 c:/program files (x86)/atmel/atmel toolchain/arm gcc/native/4.8.1437/arm-gnu-toolchain/bin/../lib/gcc/arm-none-eabi/4.8.4/../../../../arm-none-eabi/lib/armv7-m\libc.a(lib_a-fini.o)
                0x00083a00                __libc_fini_array
 .text._fputwc_r
                0x00083a30       0xc0 c:/program files (x86)/atmel/atmel toolchain/arm gcc/native/4.8.1437/arm-gnu-toolchain/bin/../lib/gcc/arm-none-eabi/4.8.4/../../../../arm-none-eabi/lib/armv7-m\libc.a(lib_a-fputwc.o)
                0x00083a30                _fputwc_r
 .text._malloc_trim_r
                0x00083af0       0x9c c:/program files (x86)/atmel/atmel toolchain/arm gcc/native/4.8.1437/arm-gnu-toolchain/bin/../lib/gcc/arm-none-eabi/4.8.4/../../../../arm-none-eabi/lib/armv7-m\libc.a(lib_a-freer.o)
                0x00083af0                _malloc_trim_r
 .text._free_r  0x00083b8c      0x198 c:/program files (x86)/atmel/atmel toolchain/arm gcc/native/4.8.1437/arm-gnu-toolchain/bin/../lib/gcc/arm-none-eabi/4.8.4/../../../../arm-none-eabi/lib/armv7-m\libc.a(lib_a-freer.o)
                0x00083b8c                _free_r
 .text.__sfvwrite_r
                0x00083d24      0x318 c:/program files (x86)/atmel/atmel toolchain/arm gcc/native/4.8.1437/arm-gnu-toolchain/bin/../lib/gcc/arm-none-eabi/4.8.4/../../../../arm-none-eabi/lib/armv7-m\libc.a(lib_a-fvwrite.o)
                0x00083d24                __sfvwrite_r
 .text._fwalk   0x0008403c       0x48 c:/program files (x86)/atmel/atmel toolchain/arm gcc/native/4.8.1437/arm-gnu-toolchain/bin/../lib/gcc/arm-none-eabi/4.8.4/../../../../arm-none-eabi/lib/armv7-m\libc.a(lib_a-fwalk.o)
                0x0008403c                _fwalk
 .text.__locale_charset
                0x00084084        0x8 c:/program files (x86)/atmel/atmel toolchain/arm gcc/native/4.8.1437/arm-gnu-toolchain/bin/../lib/gcc/arm-none-eabi/4.8.4/../../../../arm-none-eabi/lib/armv7-m\libc.a(lib_a-locale.o)
                0x00084084                __locale_charset
 .text.__locale_mb_cur_max
                0x0008408c        0xc c:/program files (x86)/atmel/atmel toolchain/arm gcc/native/4.8.1437/arm-gnu-toolchain/bin/../lib/gcc/arm-none-eabi/4.8.4/../../../../arm-none-eabi/lib/armv7-m\libc.a(lib_a-locale.o)
                0x0008408c                __locale_mb_cur_max
 .text.__smakebuf_r
                0x00084098       0xe0 c:/program files (x86)/atmel/atmel toolchain/arm gcc/native/4.8.1437/arm-gnu-toolchain/bin/../lib/gcc/arm-none-eabi/4.8.4/../../../../arm-none-eabi/lib/armv7-m\libc.a(lib_a-makebuf.o)
                0x00084098                __smakebuf_r
 .text.malloc   0x00084178       0x10 c:/program files (x86)/atmel/atmel toolchain/arm gcc/native/4.8.1437/arm-gnu-toolchain/bin/../lib/gcc/arm-none-eabi/4.8.4/../../../../arm-none-eabi/lib/armv7-m\libc.a(lib_a-malloc.o)
                0x00084178                malloc
 .text._malloc_r
                0x00084188      0x538 c:/program files (x86)/atmel/atmel toolchain/arm gcc/native/4.8.1437/arm-gnu-toolchain/bin/../lib/gcc/arm-none-eabi/4.8.4/../../../../arm-none-eabi/lib/armv7-m\libc.a(lib_a-mallocr.o)
                0x00084188                _malloc_r
 .text.memchr   0x000846c0       0x94 c:/program files (x86)/atmel/atmel toolchain/arm gcc/native/4.8.1437/arm-gnu-toolchain/bin/../lib/gcc/arm-none-eabi/4.8.4/../../../../arm-none-eabi/lib/armv7-m\libc.a(lib_a-memchr-stub.o)
                0x000846c0                memchr
 .text.memmove  0x00084754       0xcc c:/program files (x86)/atmel/atmel toolchain/arm gcc/native/4.8.1437/arm-gnu-toolchain/bin/../lib/gcc/arm-none-eabi/4.8.4/../../../../arm-none-eabi/lib/armv7-m\libc.a(lib_a-memmove.o)
                0x00084754                memmove
 .text.__malloc_lock
                0x00084820        0x4 c:/program files (x86)/atmel/atmel toolchain/arm gcc/native/4.8.1437/arm-gnu-toolchain/bin/../lib/gcc/arm-none-eabi/4.8.4/../../../../arm-none-eabi/lib/armv7-m\libc.a(lib_a-mlock.o)
                0x00084820                __malloc_lock
 .text.__malloc_unlock
                0x00084824        0x4 c:/program files (x86)/atmel/atmel toolchain/arm gcc/native/4.8.1437/arm-gnu-toolchain/bin/../lib/gcc/arm-none-eabi/4.8.4/../../../../arm-none-eabi/lib/armv7-m\libc.a(lib_a-mlock.o)
                0x00084824                __malloc_unlock
 .text._realloc_r
                0x00084828      0x3c0 c:/program files (x86)/atmel/atmel toolchain/arm gcc/native/4.8.1437/arm-gnu-toolchain/bin/../lib/gcc/arm-none-eabi/4.8.4/../../../../arm-none-eabi/lib/armv7-m\libc.a(lib_a-reallocr.o)
                0x00084828                _realloc_r
 .text._sbrk_r  0x00084be8       0x24 c:/program files (x86)/atmel/atmel toolchain/arm gcc/native/4.8.1437/arm-gnu-toolchain/bin/../lib/gcc/arm-none-eabi/4.8.4/../../../../arm-none-eabi/lib/armv7-m\libc.a(lib_a-sbrkr.o)
                0x00084be8                _sbrk_r
 .text.__sread  0x00084c0c       0x24 c:/program files (x86)/atmel/atmel toolchain/arm gcc/native/4.8.1437/arm-gnu-toolchain/bin/../lib/gcc/arm-none-eabi/4.8.4/../../../../arm-none-eabi/lib/armv7-m\libc.a(lib_a-stdio.o)
                0x00084c0c                __sread
 .text.__swrite
                0x00084c30       0x38 c:/program files (x86)/atmel/atmel toolchain/arm gcc/native/4.8.1437/arm-gnu-toolchain/bin/../lib/gcc/arm-none-eabi/4.8.4/../../../../arm-none-eabi/lib/armv7-m\libc.a(lib_a-stdio.o)
                0x00084c30                __swrite
 .text.__sseek  0x00084c68       0x20 c:/program files (x86)/atmel/atmel toolchain/arm gcc/native/4.8.1437/arm-gnu-toolchain/bin/../lib/gcc/arm-none-eabi/4.8.4/../../../../arm-none-eabi/lib/armv7-m\libc.a(lib_a-stdio.o)
                0x00084c68                __sseek
 .text.__sclose
                0x00084c88        0x8 c:/program files (x86)/atmel/atmel toolchain/arm gcc/native/4.8.1437/arm-gnu-toolchain/bin/../lib/gcc/arm-none-eabi/4.8.4/../../../../arm-none-eabi/lib/armv7-m\libc.a(lib_a-stdio.o)
                0x00084c88                __sclose
 .text.__swbuf_r
                0x00084c90       0xa8 c:/program files (x86)/atmel/atmel toolchain/arm gcc/native/4.8.1437/arm-gnu-toolchain/bin/../lib/gcc/arm-none-eabi/4.8.4/../../../../arm-none-eabi/lib/armv7-m\libc.a(lib_a-wbuf.o)
                0x00084c90                __swbuf_r
 .text._wcrtomb_r
                0x00084d38       0x50 c:/program files (x86)/atmel/atmel toolchain/arm gcc/native/4.8.1437/arm-gnu-toolchain/bin/../lib/gcc/arm-none-eabi/4.8.4/../../../../arm-none-eabi/lib/armv7-m\libc.a(lib_a-wcrtomb.o)
                0x00084d38                _wcrtomb_r
 .text.__ascii_wctomb
                0x00084d88       0x1c c:/program files (x86)/atmel/atmel toolchain/arm gcc/native/4.8.1437/arm-gnu-toolchain/bin/../lib/gcc/arm-none-eabi/4.8.4/../../../../arm-none-eabi/lib/armv7-m\libc.a(lib_a-wctomb_r.o)
                0x00084d88                __ascii_wctomb
 .text._write_r
                0x00084da4       0x28 c:/program files (x86)/atmel/atmel toolchain/arm gcc/native/4.8.1437/arm-gnu-toolchain/bin/../lib/gcc/arm-none-eabi/4.8.4/../../../../arm-none-eabi/lib/armv7-m\libc.a(lib_a-writer.o)
                0x00084da4                _write_r
 .text.__register_exitproc
                0x00084dcc       0xa8 c:/program files (x86)/atmel/atmel toolchain/arm gcc/native/4.8.1437/arm-gnu-toolchain/bin/../lib/gcc/arm-none-eabi/4.8.4/../../../../arm-none-eabi/lib/armv7-m\libc.a(lib_a-__atexit.o)
                0x00084dcc                __register_exitproc
 .text._close_r
                0x00084e74       0x24 c:/program files (x86)/atmel/atmel toolchain/arm gcc/native/4.8.1437/arm-gnu-toolchain/bin/../lib/gcc/arm-none-eabi/4.8.4/../../../../arm-none-eabi/lib/armv7-m\libc.a(lib_a-closer.o)
                0x00084e74                _close_r
 .text._fclose_r
                0x00084e98       0x80 c:/program files (x86)/atmel/atmel toolchain/arm gcc/native/4.8.1437/arm-gnu-toolchain/bin/../lib/gcc/arm-none-eabi/4.8.4/../../../../arm-none-eabi/lib/armv7-m\libc.a(lib_a-fclose.o)
                0x00084e98                _fclose_r
 .text.fclose   0x00084f18       0x10 c:/program files (x86)/atmel/atmel toolchain/arm gcc/native/4.8.1437/arm-gnu-toolchain/bin/../lib/gcc/arm-none-eabi/4.8.4/../../../../arm-none-eabi/lib/armv7-m\libc.a(lib_a-fclose.o)
                0x00084f18                fclose
 .text._fstat_r
                0x00084f28       0x28 c:/program files (x86)/atmel/atmel toolchain/arm gcc/native/4.8.1437/arm-gnu-toolchain/bin/../lib/gcc/arm-none-eabi/4.8.4/../../../../arm-none-eabi/lib/armv7-m\libc.a(lib_a-fstatr.o)
                0x00084f28                _fstat_r
 .text._isatty_r
                0x00084f50       0x24 c:/program files (x86)/atmel/atmel toolchain/arm gcc/native/4.8.1437/arm-gnu-toolchain/bin/../lib/gcc/arm-none-eabi/4.8.4/../../../../arm-none-eabi/lib/armv7-m\libc.a(lib_a-isattyr.o)
                0x00084f50                _isatty_r
 .text._lseek_r
                0x00084f74       0x28 c:/program files (x86)/atmel/atmel toolchain/arm gcc/native/4.8.1437/arm-gnu-toolchain/bin/../lib/gcc/arm-none-eabi/4.8.4/../../../../arm-none-eabi/lib/armv7-m\libc.a(lib_a-lseekr.o)
                0x00084f74                _lseek_r
 .text._read_r  0x00084f9c       0x28 c:/program files (x86)/atmel/atmel toolchain/arm gcc/native/4.8.1437/arm-gnu-toolchain/bin/../lib/gcc/arm-none-eabi/4.8.4/../../../../arm-none-eabi/lib/armv7-m\libc.a(lib_a-readr.o)
                0x00084f9c                _read_r
 .text          0x00084fc4       0x2c c:/program files (x86)/atmel/atmel toolchain/arm gcc/native/4.8.1437/arm-gnu-toolchain/bin/../lib/gcc/arm-none-eabi/4.8.4/armv7-m\libgcc.a(_aeabi_uldivmod.o)
                0x00084fc4                __aeabi_uldivmod
 .text          0x00084ff0       0x60 c:/program files (x86)/atmel/atmel toolchain/arm gcc/native/4.8.1437/arm-gnu-toolchain/bin/../lib/gcc/arm-none-eabi/4.8.4/armv7-m\libgcc.a(bpabi.o)
                0x00084ff0                __gnu_ldivmod_helper
                0x00085020                __gnu_uldivmod_helper
 .text          0x00085050        0x4 c:/program files (x86)/atmel/atmel toolchain/arm gcc/native/4.8.1437/arm-gnu-toolchain/bin/../lib/gcc/arm-none-eabi/4.8.4/armv7-m\libgcc.a(_dvmd_tls.o)
                0x00085050                __aeabi_idiv0
                0x00085050                __aeabi_ldiv0
 .text          0x00085054      0x2a0 c:/program files (x86)/atmel/atmel toolchain/arm gcc/native/4.8.1437/arm-gnu-toolchain/bin/../lib/gcc/arm-none-eabi/4.8.4/armv7-m\libgcc.a(_divdi3.o)
                0x00085054                __divdi3
 .text          0x000852f4      0x290 c:/program files (x86)/atmel/atmel toolchain/arm gcc/native/4.8.1437/arm-gnu-toolchain/bin/../lib/gcc/arm-none-eabi/4.8.4/armv7-m\libgcc.a(_udivdi3.o)
                0x000852f4                __udivdi3
 *(.glue_7t)
 .glue_7t       0x00000000        0x0 linker stubs
 *(.glue_7)
 .glue_7        0x00000000        0x0 linker stubs
 *(.rodata .rodata* .gnu.linkonce.r.*)
 .rodata.str1.4
                0x00085584       0x1f src/ASF/thirdparty/freertos/freertos-7.3.0/source/tasks.o
                                 0x20 (size before relaxing)
 *fill*         0x000855a3        0x1 
 .rodata.str1.4
                0x000855a4        0x8 src/ASF/thirdparty/freertos/freertos-7.3.0/source/timers.o
 .rodata.str1.4
                0x000855ac       0xc1 src/main.o
                                 0xc4 (size before relaxing)
 *fill*         0x0008566d        0x3 
 .rodata.str1.4
                0x00085670        0x2 c:/program files (x86)/atmel/atmel toolchain/arm gcc/native/4.8.1437/arm-gnu-toolchain/bin/../lib/gcc/arm-none-eabi/4.8.4/../../../../arm-none-eabi/lib/armv7-m\libc.a(lib_a-impure.o)
                                  0x4 (size before relaxing)
 *fill*         0x00085672        0x2 
 .rodata._global_impure_ptr
                0x00085674        0x4 c:/program files (x86)/atmel/atmel toolchain/arm gcc/native/4.8.1437/arm-gnu-toolchain/bin/../lib/gcc/arm-none-eabi/4.8.4/../../../../arm-none-eabi/lib/armv7-m\libc.a(lib_a-impure.o)
                0x00085674                _global_impure_ptr
 .rodata.str1.4
                0x00085678       0x30 c:/program files (x86)/atmel/atmel toolchain/arm gcc/native/4.8.1437/arm-gnu-toolchain/bin/../lib/gcc/arm-none-eabi/4.8.4/../../../../arm-none-eabi/lib/armv7-m\libc.a(lib_a-vfiprintf.o)
 .rodata.zeroes.6721
                0x000856a8       0x10 c:/program files (x86)/atmel/atmel toolchain/arm gcc/native/4.8.1437/arm-gnu-toolchain/bin/../lib/gcc/arm-none-eabi/4.8.4/../../../../arm-none-eabi/lib/armv7-m\libc.a(lib_a-vfiprintf.o)
 .rodata.blanks.6720
                0x000856b8       0x10 c:/program files (x86)/atmel/atmel toolchain/arm gcc/native/4.8.1437/arm-gnu-toolchain/bin/../lib/gcc/arm-none-eabi/4.8.4/../../../../arm-none-eabi/lib/armv7-m\libc.a(lib_a-vfiprintf.o)
 *(.ARM.extab* .gnu.linkonce.armextab.*)
                0x000856c8                . = ALIGN (0x4)
 *(.init)
 .init          0x000856c8        0x4 c:/program files (x86)/atmel/atmel toolchain/arm gcc/native/4.8.1437/arm-gnu-toolchain/bin/../lib/gcc/arm-none-eabi/4.8.4/armv7-m/crti.o
                0x000856c8                _init
 .init          0x000856cc        0x8 c:/program files (x86)/atmel/atmel toolchain/arm gcc/native/4.8.1437/arm-gnu-toolchain/bin/../lib/gcc/arm-none-eabi/4.8.4/armv7-m/crtn.o
                0x000856d4                . = ALIGN (0x4)
                0x000856d4                __preinit_array_start = .
 *(.preinit_array)
                0x000856d4                __preinit_array_end = .
                0x000856d4                . = ALIGN (0x4)
                0x000856d4                __init_array_start = .
 *(SORT(.init_array.*))
 .init_array.00000
                0x000856d4        0x4 c:/program files (x86)/atmel/atmel toolchain/arm gcc/native/4.8.1437/arm-gnu-toolchain/bin/../lib/gcc/arm-none-eabi/4.8.4/../../../../arm-none-eabi/lib/armv7-m\libc.a(lib_a-__call_atexit.o)
 *(.init_array)
 .init_array    0x000856d8        0x4 c:/program files (x86)/atmel/atmel toolchain/arm gcc/native/4.8.1437/arm-gnu-toolchain/bin/../lib/gcc/arm-none-eabi/4.8.4/armv7-m/crtbegin.o
                0x000856dc                __init_array_end = .
                0x000856dc                . = ALIGN (0x4)
 *crtbegin.o(.ctors)
 *(EXCLUDE_FILE(*crtend.o) .ctors)
 *(SORT(.ctors.*))
 *crtend.o(.ctors)
                0x000856dc                . = ALIGN (0x4)
 *(.fini)
 .fini          0x000856dc        0x4 c:/program files (x86)/atmel/atmel toolchain/arm gcc/native/4.8.1437/arm-gnu-toolchain/bin/../lib/gcc/arm-none-eabi/4.8.4/armv7-m/crti.o
                0x000856dc                _fini
 .fini          0x000856e0        0x8 c:/program files (x86)/atmel/atmel toolchain/arm gcc/native/4.8.1437/arm-gnu-toolchain/bin/../lib/gcc/arm-none-eabi/4.8.4/armv7-m/crtn.o
                0x000856e8                . = ALIGN (0x4)
                0x000856e8                __fini_array_start = .
 *(.fini_array)
 .fini_array    0x000856e8        0x4 c:/program files (x86)/atmel/atmel toolchain/arm gcc/native/4.8.1437/arm-gnu-toolchain/bin/../lib/gcc/arm-none-eabi/4.8.4/armv7-m/crtbegin.o
 *(SORT(.fini_array.*))
                0x000856ec                __fini_array_end = .
 *crtbegin.o(.dtors)
 *(EXCLUDE_FILE(*crtend.o) .dtors)
 *(SORT(.dtors.*))
 *crtend.o(.dtors)
                0x000856ec                . = ALIGN (0x4)
                0x000856ec                _efixed = .
                0x000856ec                PROVIDE (__exidx_start, .)

.vfp11_veneer   0x000856ec        0x0
 .vfp11_veneer  0x00000000        0x0 linker stubs

.v4_bx          0x000856ec        0x0
 .v4_bx         0x00000000        0x0 linker stubs

.iplt           0x000856ec        0x0
 .iplt          0x00000000        0x0 c:/program files (x86)/atmel/atmel toolchain/arm gcc/native/4.8.1437/arm-gnu-toolchain/bin/../lib/gcc/arm-none-eabi/4.8.4/armv7-m/crtbegin.o

.ARM.exidx      0x000856ec        0x8
 *(.ARM.exidx* .gnu.linkonce.armexidx.*)
 .ARM.exidx     0x000856ec        0x8 c:/program files (x86)/atmel/atmel toolchain/arm gcc/native/4.8.1437/arm-gnu-toolchain/bin/../lib/gcc/arm-none-eabi/4.8.4/armv7-m\libgcc.a(_divdi3.o)
 .ARM.exidx     0x000856f4        0x0 c:/program files (x86)/atmel/atmel toolchain/arm gcc/native/4.8.1437/arm-gnu-toolchain/bin/../lib/gcc/arm-none-eabi/4.8.4/armv7-m\libgcc.a(_udivdi3.o)
                                  0x8 (size before relaxing)
                0x000856f4                PROVIDE (__exidx_end, .)

.eh_frame       0x000856f4        0x0
 .eh_frame      0x000856f4        0x0 c:/program files (x86)/atmel/atmel toolchain/arm gcc/native/4.8.1437/arm-gnu-toolchain/bin/../lib/gcc/arm-none-eabi/4.8.4/armv7-m/crtbegin.o

.rel.dyn        0x000856f4        0x0
 .rel.iplt      0x00000000        0x0 c:/program files (x86)/atmel/atmel toolchain/arm gcc/native/4.8.1437/arm-gnu-toolchain/bin/../lib/gcc/arm-none-eabi/4.8.4/armv7-m/crtbegin.o

.jcr            0x000856f4        0x0
 .jcr           0x000856f4        0x0 c:/program files (x86)/atmel/atmel toolchain/arm gcc/native/4.8.1437/arm-gnu-toolchain/bin/../lib/gcc/arm-none-eabi/4.8.4/armv7-m/crtbegin.o

.igot.plt       0x000856f4        0x0
 .igot.plt      0x00000000        0x0 c:/program files (x86)/atmel/atmel toolchain/arm gcc/native/4.8.1437/arm-gnu-toolchain/bin/../lib/gcc/arm-none-eabi/4.8.4/armv7-m/crtbegin.o
                0x000856f4                . = ALIGN (0x4)
                0x000856f4                _etext = .

.relocate       0x20070000      0x9a4 load address 0x000856f4
                0x20070000                . = ALIGN (0x4)
                0x20070000                _srelocate = .
 *(.ramfunc .ramfunc.*)
 .ramfunc       0x20070000      0x12c src/ASF/sam/utils/cmsis/sam3x/source/templates/system_sam3x.o
                0x20070000                SystemInit
                0x200700a4                system_init_flash
 *(.data .data.*)
 .data.uxCriticalNesting
                0x2007012c        0x4 src/ASF/thirdparty/freertos/freertos-7.3.0/source/portable/gcc/arm_cm3/port.o
 .data.xFreeBytesRemaining
                0x20070130        0x4 src/ASF/thirdparty/freertos/freertos-7.3.0/source/portable/memmang/heap_4.o
 .data.xNextTaskUnblockTime
                0x20070134        0x2 src/ASF/thirdparty/freertos/freertos-7.3.0/source/tasks.o
 .data.g_interrupt_enabled
                0x20070136        0x1 src/ASF/common/utils/interrupt/interrupt_sam_nvic.o
                0x20070136                g_interrupt_enabled
 *fill*         0x20070137        0x1 
 .data.SystemCoreClock
                0x20070138        0x4 src/ASF/sam/utils/cmsis/sam3x/source/templates/system_sam3x.o
                0x20070138                SystemCoreClock
 *fill*         0x2007013c        0x4 
 .data.impure_data
                0x20070140      0x428 c:/program files (x86)/atmel/atmel toolchain/arm gcc/native/4.8.1437/arm-gnu-toolchain/bin/../lib/gcc/arm-none-eabi/4.8.4/../../../../arm-none-eabi/lib/armv7-m\libc.a(lib_a-impure.o)
 .data._impure_ptr
                0x20070568        0x4 c:/program files (x86)/atmel/atmel toolchain/arm gcc/native/4.8.1437/arm-gnu-toolchain/bin/../lib/gcc/arm-none-eabi/4.8.4/../../../../arm-none-eabi/lib/armv7-m\libc.a(lib_a-impure.o)
                0x20070568                _impure_ptr
 .data.lc_ctype_charset
                0x2007056c       0x20 c:/program files (x86)/atmel/atmel toolchain/arm gcc/native/4.8.1437/arm-gnu-toolchain/bin/../lib/gcc/arm-none-eabi/4.8.4/../../../../arm-none-eabi/lib/armv7-m\libc.a(lib_a-locale.o)
 .data.__mb_cur_max
                0x2007058c        0x4 c:/program files (x86)/atmel/atmel toolchain/arm gcc/native/4.8.1437/arm-gnu-toolchain/bin/../lib/gcc/arm-none-eabi/4.8.4/../../../../arm-none-eabi/lib/armv7-m\libc.a(lib_a-locale.o)
                0x2007058c                __mb_cur_max
 .data.__malloc_av_
                0x20070590      0x408 c:/program files (x86)/atmel/atmel toolchain/arm gcc/native/4.8.1437/arm-gnu-toolchain/bin/../lib/gcc/arm-none-eabi/4.8.4/../../../../arm-none-eabi/lib/armv7-m\libc.a(lib_a-mallocr.o)
                0x20070590                __malloc_av_
 .data.__malloc_trim_threshold
                0x20070998        0x4 c:/program files (x86)/atmel/atmel toolchain/arm gcc/native/4.8.1437/arm-gnu-toolchain/bin/../lib/gcc/arm-none-eabi/4.8.4/../../../../arm-none-eabi/lib/armv7-m\libc.a(lib_a-mallocr.o)
                0x20070998                __malloc_trim_threshold
 .data.__malloc_sbrk_base
                0x2007099c        0x4 c:/program files (x86)/atmel/atmel toolchain/arm gcc/native/4.8.1437/arm-gnu-toolchain/bin/../lib/gcc/arm-none-eabi/4.8.4/../../../../arm-none-eabi/lib/armv7-m\libc.a(lib_a-mallocr.o)
                0x2007099c                __malloc_sbrk_base
 .data.__wctomb
                0x200709a0        0x4 c:/program files (x86)/atmel/atmel toolchain/arm gcc/native/4.8.1437/arm-gnu-toolchain/bin/../lib/gcc/arm-none-eabi/4.8.4/../../../../arm-none-eabi/lib/armv7-m\libc.a(lib_a-wctomb_r.o)
                0x200709a0                __wctomb
                0x200709a4                . = ALIGN (0x4)
                0x200709a4                _erelocate = .

.bss            0x200709a8     0x8320 load address 0x000860a0
                0x200709a8                . = ALIGN (0x4)
                0x200709a8                _sbss = .
                0x200709a8                _szero = .
 *(.bss .bss.*)
 .bss           0x200709a8       0x1c c:/program files (x86)/atmel/atmel toolchain/arm gcc/native/4.8.1437/arm-gnu-toolchain/bin/../lib/gcc/arm-none-eabi/4.8.4/armv7-m/crtbegin.o
 *fill*         0x200709c4        0x4 
 .bss.xHeap     0x200709c8     0x8000 src/ASF/thirdparty/freertos/freertos-7.3.0/source/portable/memmang/heap_4.o
 .bss.pxEnd     0x200789c8        0x4 src/ASF/thirdparty/freertos/freertos-7.3.0/source/portable/memmang/heap_4.o
 .bss.xStart    0x200789cc        0x8 src/ASF/thirdparty/freertos/freertos-7.3.0/source/portable/memmang/heap_4.o
 .bss.uxMissedTicks
                0x200789d4        0x4 src/ASF/thirdparty/freertos/freertos-7.3.0/source/tasks.o
 .bss.xSuspendedTaskList
                0x200789d8       0x14 src/ASF/thirdparty/freertos/freertos-7.3.0/source/tasks.o
 .bss.pxDelayedTaskList
                0x200789ec        0x4 src/ASF/thirdparty/freertos/freertos-7.3.0/source/tasks.o
 .bss.xSchedulerRunning
                0x200789f0        0x4 src/ASF/thirdparty/freertos/freertos-7.3.0/source/tasks.o
 .bss.uxTasksDeleted
                0x200789f4        0x4 src/ASF/thirdparty/freertos/freertos-7.3.0/source/tasks.o
 .bss.xTasksWaitingTermination
                0x200789f8       0x14 src/ASF/thirdparty/freertos/freertos-7.3.0/source/tasks.o
 .bss.xDelayedTaskList2
                0x20078a0c       0x14 src/ASF/thirdparty/freertos/freertos-7.3.0/source/tasks.o
 .bss.uxTopReadyPriority
                0x20078a20        0x4 src/ASF/thirdparty/freertos/freertos-7.3.0/source/tasks.o
 .bss.pxReadyTasksLists
                0x20078a24       0xc8 src/ASF/thirdparty/freertos/freertos-7.3.0/source/tasks.o
 .bss.uxSchedulerSuspended
                0x20078aec        0x4 src/ASF/thirdparty/freertos/freertos-7.3.0/source/tasks.o
 .bss.pxCurrentTCB
                0x20078af0        0x4 src/ASF/thirdparty/freertos/freertos-7.3.0/source/tasks.o
                0x20078af0                pxCurrentTCB
 .bss.xPendingReadyList
                0x20078af4       0x14 src/ASF/thirdparty/freertos/freertos-7.3.0/source/tasks.o
 .bss.xNumOfOverflows
                0x20078b08        0x4 src/ASF/thirdparty/freertos/freertos-7.3.0/source/tasks.o
 .bss.xTickCount
                0x20078b0c        0x2 src/ASF/thirdparty/freertos/freertos-7.3.0/source/tasks.o
 *fill*         0x20078b0e        0x2 
 .bss.pxOverflowDelayedTaskList
                0x20078b10        0x4 src/ASF/thirdparty/freertos/freertos-7.3.0/source/tasks.o
 .bss.uxTaskNumber
                0x20078b14        0x4 src/ASF/thirdparty/freertos/freertos-7.3.0/source/tasks.o
 .bss.xDelayedTaskList1
                0x20078b18       0x14 src/ASF/thirdparty/freertos/freertos-7.3.0/source/tasks.o
 .bss.xMissedYield
                0x20078b2c        0x4 src/ASF/thirdparty/freertos/freertos-7.3.0/source/tasks.o
 .bss.uxCurrentNumberOfTasks
                0x20078b30        0x4 src/ASF/thirdparty/freertos/freertos-7.3.0/source/tasks.o
 .bss.uxTopUsedPriority
                0x20078b34        0x4 src/ASF/thirdparty/freertos/freertos-7.3.0/source/tasks.o
 .bss.pxCurrentTimerList
                0x20078b38        0x4 src/ASF/thirdparty/freertos/freertos-7.3.0/source/timers.o
 .bss.xActiveTimerList1
                0x20078b3c       0x14 src/ASF/thirdparty/freertos/freertos-7.3.0/source/timers.o
 .bss.xActiveTimerList2
                0x20078b50       0x14 src/ASF/thirdparty/freertos/freertos-7.3.0/source/timers.o
 .bss.xLastTime.4484
                0x20078b64        0x2 src/ASF/thirdparty/freertos/freertos-7.3.0/source/timers.o
 *fill*         0x20078b66        0x2 
 .bss.xTimerQueue
                0x20078b68        0x4 src/ASF/thirdparty/freertos/freertos-7.3.0/source/timers.o
 .bss.pxOverflowTimerList
                0x20078b6c        0x4 src/ASF/thirdparty/freertos/freertos-7.3.0/source/timers.o
 .bss.serial_rx_buf
                0x20078b70       0x9c src/ASF/thirdparty/wireless/addons/sio2host/uart/sio2host.o
 .bss.serial_rx_buf_tail
                0x20078c0c        0x1 src/ASF/thirdparty/wireless/addons/sio2host/uart/sio2host.o
 *fill*         0x20078c0d        0x3 
 .bss.gs_interrupt_sources
                0x20078c10       0x70 src/ASF/sam/drivers/pio/pio_handler.o
 .bss.heap.5098
                0x20078c80        0x4 src/ASF/sam/utils/syscalls/gcc/syscalls.o
 .bss.__malloc_max_total_mem
                0x20078c84        0x4 c:/program files (x86)/atmel/atmel toolchain/arm gcc/native/4.8.1437/arm-gnu-toolchain/bin/../lib/gcc/arm-none-eabi/4.8.4/../../../../arm-none-eabi/lib/armv7-m\libc.a(lib_a-mallocr.o)
                0x20078c84                __malloc_max_total_mem
 .bss.__malloc_max_sbrked_mem
                0x20078c88        0x4 c:/program files (x86)/atmel/atmel toolchain/arm gcc/native/4.8.1437/arm-gnu-toolchain/bin/../lib/gcc/arm-none-eabi/4.8.4/../../../../arm-none-eabi/lib/armv7-m\libc.a(lib_a-mallocr.o)
                0x20078c88                __malloc_max_sbrked_mem
 .bss.__malloc_top_pad
                0x20078c8c        0x4 c:/program files (x86)/atmel/atmel toolchain/arm gcc/native/4.8.1437/arm-gnu-toolchain/bin/../lib/gcc/arm-none-eabi/4.8.4/../../../../arm-none-eabi/lib/armv7-m\libc.a(lib_a-mallocr.o)
                0x20078c8c                __malloc_top_pad
 .bss.__malloc_current_mallinfo
                0x20078c90       0x28 c:/program files (x86)/atmel/atmel toolchain/arm gcc/native/4.8.1437/arm-gnu-toolchain/bin/../lib/gcc/arm-none-eabi/4.8.4/../../../../arm-none-eabi/lib/armv7-m\libc.a(lib_a-mallocr.o)
                0x20078c90                __malloc_current_mallinfo
 *(COMMON)
 COMMON         0x20078cb8        0x4 src/ASF/common/utils/stdio/read.o
                0x20078cb8                ptr_get
 COMMON         0x20078cbc        0x8 src/ASF/common/utils/stdio/write.o
                0x20078cbc                ptr_put
                0x20078cc0                stdio_base
 COMMON         0x20078cc4        0x4 c:/program files (x86)/atmel/atmel toolchain/arm gcc/native/4.8.1437/arm-gnu-toolchain/bin/../lib/gcc/arm-none-eabi/4.8.4/../../../../arm-none-eabi/lib/armv7-m\libc.a(lib_a-reent.o)
                0x20078cc4                errno
                0x20078cc8                . = ALIGN (0x4)
                0x20078cc8                _ebss = .
                0x20078cc8                _ezero = .

.stack          0x20078cc8     0x2000 load address 0x0008e3c0
                0x20078cc8                . = ALIGN (0x8)
                0x20078cc8                _sstack = .
                0x2007acc8                . = (. + __stack_size__)
 *fill*         0x20078cc8     0x2000 
                0x2007acc8                . = ALIGN (0x8)
                0x2007acc8                _estack = .
                0x2007acc8                . = ALIGN (0x4)
                0x2007acc8                _end = .
OUTPUT(ProjectCodeLockInC.elf elf32-littlearm)

.ARM.attributes
                0x00000000       0x29
 .ARM.attributes
                0x00000000       0x1d c:/program files (x86)/atmel/atmel toolchain/arm gcc/native/4.8.1437/arm-gnu-toolchain/bin/../lib/gcc/arm-none-eabi/4.8.4/armv7-m/crti.o
 .ARM.attributes
                0x0000001d       0x2d c:/program files (x86)/atmel/atmel toolchain/arm gcc/native/4.8.1437/arm-gnu-toolchain/bin/../lib/gcc/arm-none-eabi/4.8.4/armv7-m/crtbegin.o
 .ARM.attributes
                0x0000004a       0x33 src/ASF/common/services/serial/usart_serial.o
 .ARM.attributes
                0x0000007d       0x33 src/ASF/common/utils/stdio/read.o
 .ARM.attributes
                0x000000b0       0x33 src/ASF/common/utils/stdio/write.o
 .ARM.attributes
                0x000000e3       0x33 src/ASF/sam/drivers/uart/uart.o
 .ARM.attributes
                0x00000116       0x33 src/ASF/sam/drivers/usart/usart.o
 .ARM.attributes
                0x00000149       0x33 src/ASF/thirdparty/freertos/freertos-7.3.0/source/list.o
 .ARM.attributes
                0x0000017c       0x33 src/ASF/thirdparty/freertos/freertos-7.3.0/source/portable/gcc/arm_cm3/port.o
 .ARM.attributes
                0x000001af       0x33 src/ASF/thirdparty/freertos/freertos-7.3.0/source/portable/memmang/heap_4.o
 .ARM.attributes
                0x000001e2       0x33 src/ASF/thirdparty/freertos/freertos-7.3.0/source/queue.o
 .ARM.attributes
                0x00000215       0x33 src/ASF/thirdparty/freertos/freertos-7.3.0/source/tasks.o
 .ARM.attributes
                0x00000248       0x33 src/ASF/thirdparty/freertos/freertos-7.3.0/source/timers.o
 .ARM.attributes
                0x0000027b       0x33 src/ASF/thirdparty/wireless/addons/sio2host/uart/sio2host.o
 .ARM.attributes
                0x000002ae       0x33 src/codeLock.o
 .ARM.attributes
                0x000002e1       0x33 src/consoleFunctions.o
 .ARM.attributes
                0x00000314       0x33 src/ASF/common/services/clock/sam3x/sysclk.o
 .ARM.attributes
                0x00000347       0x33 src/ASF/common/utils/interrupt/interrupt_sam_nvic.o
 .ARM.attributes
                0x0000037a       0x33 src/ASF/sam/boards/arduino_due_x/init.o
 .ARM.attributes
                0x000003ad       0x33 src/ASF/sam/drivers/pio/pio.o
 .ARM.attributes
                0x000003e0       0x33 src/ASF/sam/drivers/pio/pio_handler.o
 .ARM.attributes
                0x00000413       0x33 src/ASF/sam/drivers/pmc/pmc.o
 .ARM.attributes
                0x00000446       0x33 src/ASF/sam/utils/cmsis/sam3x/source/templates/exceptions.o
 .ARM.attributes
                0x00000479       0x33 src/ASF/sam/utils/cmsis/sam3x/source/templates/gcc/startup_sam3x.o
 .ARM.attributes
                0x000004ac       0x33 src/ASF/sam/utils/cmsis/sam3x/source/templates/system_sam3x.o
 .ARM.attributes
                0x000004df       0x33 src/ASF/sam/utils/syscalls/gcc/syscalls.o
 .ARM.attributes
                0x00000512       0x33 src/initComponents.o
 .ARM.attributes
                0x00000545       0x33 src/lockLED.o
 .ARM.attributes
                0x00000578       0x33 src/main.o
 .ARM.attributes
                0x000005ab       0x2d c:/program files (x86)/atmel/atmel toolchain/arm gcc/native/4.8.1437/arm-gnu-toolchain/bin/../lib/gcc/arm-none-eabi/4.8.4/../../../../arm-none-eabi/lib/armv7-m\libc.a(lib_a-impure.o)
 .ARM.attributes
                0x000005d8       0x2d c:/program files (x86)/atmel/atmel toolchain/arm gcc/native/4.8.1437/arm-gnu-toolchain/bin/../lib/gcc/arm-none-eabi/4.8.4/../../../../arm-none-eabi/lib/armv7-m\libc.a(lib_a-init.o)
 .ARM.attributes
                0x00000605       0x2d c:/program files (x86)/atmel/atmel toolchain/arm gcc/native/4.8.1437/arm-gnu-toolchain/bin/../lib/gcc/arm-none-eabi/4.8.4/../../../../arm-none-eabi/lib/armv7-m\libc.a(lib_a-iprintf.o)
 .ARM.attributes
                0x00000632       0x1b c:/program files (x86)/atmel/atmel toolchain/arm gcc/native/4.8.1437/arm-gnu-toolchain/bin/../lib/gcc/arm-none-eabi/4.8.4/../../../../arm-none-eabi/lib/armv7-m\libc.a(lib_a-memcpy.o)
 .ARM.attributes
                0x0000064d       0x2d c:/program files (x86)/atmel/atmel toolchain/arm gcc/native/4.8.1437/arm-gnu-toolchain/bin/../lib/gcc/arm-none-eabi/4.8.4/../../../../arm-none-eabi/lib/armv7-m\libc.a(lib_a-memset.o)
 .ARM.attributes
                0x0000067a       0x2d c:/program files (x86)/atmel/atmel toolchain/arm gcc/native/4.8.1437/arm-gnu-toolchain/bin/../lib/gcc/arm-none-eabi/4.8.4/../../../../arm-none-eabi/lib/armv7-m\libc.a(lib_a-setbuf.o)
 .ARM.attributes
                0x000006a7       0x2d c:/program files (x86)/atmel/atmel toolchain/arm gcc/native/4.8.1437/arm-gnu-toolchain/bin/../lib/gcc/arm-none-eabi/4.8.4/../../../../arm-none-eabi/lib/armv7-m\libc.a(lib_a-setvbuf.o)
 .ARM.attributes
                0x000006d4       0x2d c:/program files (x86)/atmel/atmel toolchain/arm gcc/native/4.8.1437/arm-gnu-toolchain/bin/../lib/gcc/arm-none-eabi/4.8.4/../../../../arm-none-eabi/lib/armv7-m\libc.a(lib_a-strlen.o)
 .ARM.attributes
                0x00000701       0x2d c:/program files (x86)/atmel/atmel toolchain/arm gcc/native/4.8.1437/arm-gnu-toolchain/bin/../lib/gcc/arm-none-eabi/4.8.4/../../../../arm-none-eabi/lib/armv7-m\libc.a(lib_a-strncpy.o)
 .ARM.attributes
                0x0000072e       0x2d c:/program files (x86)/atmel/atmel toolchain/arm gcc/native/4.8.1437/arm-gnu-toolchain/bin/../lib/gcc/arm-none-eabi/4.8.4/../../../../arm-none-eabi/lib/armv7-m\libc.a(lib_a-vfiprintf.o)
 .ARM.attributes
                0x0000075b       0x2d c:/program files (x86)/atmel/atmel toolchain/arm gcc/native/4.8.1437/arm-gnu-toolchain/bin/../lib/gcc/arm-none-eabi/4.8.4/../../../../arm-none-eabi/lib/armv7-m\libc.a(lib_a-wsetup.o)
 .ARM.attributes
                0x00000788       0x2d c:/program files (x86)/atmel/atmel toolchain/arm gcc/native/4.8.1437/arm-gnu-toolchain/bin/../lib/gcc/arm-none-eabi/4.8.4/../../../../arm-none-eabi/lib/armv7-m\libc.a(lib_a-__call_atexit.o)
 .ARM.attributes
                0x000007b5       0x2d c:/program files (x86)/atmel/atmel toolchain/arm gcc/native/4.8.1437/arm-gnu-toolchain/bin/../lib/gcc/arm-none-eabi/4.8.4/../../../../arm-none-eabi/lib/armv7-m\libc.a(lib_a-atexit.o)
 .ARM.attributes
                0x000007e2       0x2d c:/program files (x86)/atmel/atmel toolchain/arm gcc/native/4.8.1437/arm-gnu-toolchain/bin/../lib/gcc/arm-none-eabi/4.8.4/../../../../arm-none-eabi/lib/armv7-m\libc.a(lib_a-fflush.o)
 .ARM.attributes
                0x0000080f       0x2d c:/program files (x86)/atmel/atmel toolchain/arm gcc/native/4.8.1437/arm-gnu-toolchain/bin/../lib/gcc/arm-none-eabi/4.8.4/../../../../arm-none-eabi/lib/armv7-m\libc.a(lib_a-findfp.o)
 .ARM.attributes
                0x0000083c       0x2d c:/program files (x86)/atmel/atmel toolchain/arm gcc/native/4.8.1437/arm-gnu-toolchain/bin/../lib/gcc/arm-none-eabi/4.8.4/../../../../arm-none-eabi/lib/armv7-m\libc.a(lib_a-fini.o)
 .ARM.attributes
                0x00000869       0x2d c:/program files (x86)/atmel/atmel toolchain/arm gcc/native/4.8.1437/arm-gnu-toolchain/bin/../lib/gcc/arm-none-eabi/4.8.4/../../../../arm-none-eabi/lib/armv7-m\libc.a(lib_a-fputwc.o)
 .ARM.attributes
                0x00000896       0x2d c:/program files (x86)/atmel/atmel toolchain/arm gcc/native/4.8.1437/arm-gnu-toolchain/bin/../lib/gcc/arm-none-eabi/4.8.4/../../../../arm-none-eabi/lib/armv7-m\libc.a(lib_a-freer.o)
 .ARM.attributes
                0x000008c3       0x2d c:/program files (x86)/atmel/atmel toolchain/arm gcc/native/4.8.1437/arm-gnu-toolchain/bin/../lib/gcc/arm-none-eabi/4.8.4/../../../../arm-none-eabi/lib/armv7-m\libc.a(lib_a-fvwrite.o)
 .ARM.attributes
                0x000008f0       0x2d c:/program files (x86)/atmel/atmel toolchain/arm gcc/native/4.8.1437/arm-gnu-toolchain/bin/../lib/gcc/arm-none-eabi/4.8.4/../../../../arm-none-eabi/lib/armv7-m\libc.a(lib_a-fwalk.o)
 .ARM.attributes
                0x0000091d       0x2d c:/program files (x86)/atmel/atmel toolchain/arm gcc/native/4.8.1437/arm-gnu-toolchain/bin/../lib/gcc/arm-none-eabi/4.8.4/../../../../arm-none-eabi/lib/armv7-m\libc.a(lib_a-locale.o)
 .ARM.attributes
                0x0000094a       0x2d c:/program files (x86)/atmel/atmel toolchain/arm gcc/native/4.8.1437/arm-gnu-toolchain/bin/../lib/gcc/arm-none-eabi/4.8.4/../../../../arm-none-eabi/lib/armv7-m\libc.a(lib_a-makebuf.o)
 .ARM.attributes
                0x00000977       0x2d c:/program files (x86)/atmel/atmel toolchain/arm gcc/native/4.8.1437/arm-gnu-toolchain/bin/../lib/gcc/arm-none-eabi/4.8.4/../../../../arm-none-eabi/lib/armv7-m\libc.a(lib_a-malloc.o)
 .ARM.attributes
                0x000009a4       0x2d c:/program files (x86)/atmel/atmel toolchain/arm gcc/native/4.8.1437/arm-gnu-toolchain/bin/../lib/gcc/arm-none-eabi/4.8.4/../../../../arm-none-eabi/lib/armv7-m\libc.a(lib_a-mallocr.o)
 .ARM.attributes
                0x000009d1       0x2d c:/program files (x86)/atmel/atmel toolchain/arm gcc/native/4.8.1437/arm-gnu-toolchain/bin/../lib/gcc/arm-none-eabi/4.8.4/../../../../arm-none-eabi/lib/armv7-m\libc.a(lib_a-memchr-stub.o)
 .ARM.attributes
                0x000009fe       0x2d c:/program files (x86)/atmel/atmel toolchain/arm gcc/native/4.8.1437/arm-gnu-toolchain/bin/../lib/gcc/arm-none-eabi/4.8.4/../../../../arm-none-eabi/lib/armv7-m\libc.a(lib_a-memmove.o)
 .ARM.attributes
                0x00000a2b       0x2d c:/program files (x86)/atmel/atmel toolchain/arm gcc/native/4.8.1437/arm-gnu-toolchain/bin/../lib/gcc/arm-none-eabi/4.8.4/../../../../arm-none-eabi/lib/armv7-m\libc.a(lib_a-mlock.o)
 .ARM.attributes
                0x00000a58       0x2d c:/program files (x86)/atmel/atmel toolchain/arm gcc/native/4.8.1437/arm-gnu-toolchain/bin/../lib/gcc/arm-none-eabi/4.8.4/../../../../arm-none-eabi/lib/armv7-m\libc.a(lib_a-reallocr.o)
 .ARM.attributes
                0x00000a85       0x2d c:/program files (x86)/atmel/atmel toolchain/arm gcc/native/4.8.1437/arm-gnu-toolchain/bin/../lib/gcc/arm-none-eabi/4.8.4/../../../../arm-none-eabi/lib/armv7-m\libc.a(lib_a-sbrkr.o)
 .ARM.attributes
                0x00000ab2       0x2d c:/program files (x86)/atmel/atmel toolchain/arm gcc/native/4.8.1437/arm-gnu-toolchain/bin/../lib/gcc/arm-none-eabi/4.8.4/../../../../arm-none-eabi/lib/armv7-m\libc.a(lib_a-stdio.o)
 .ARM.attributes
                0x00000adf       0x2d c:/program files (x86)/atmel/atmel toolchain/arm gcc/native/4.8.1437/arm-gnu-toolchain/bin/../lib/gcc/arm-none-eabi/4.8.4/../../../../arm-none-eabi/lib/armv7-m\libc.a(lib_a-wbuf.o)
 .ARM.attributes
                0x00000b0c       0x2d c:/program files (x86)/atmel/atmel toolchain/arm gcc/native/4.8.1437/arm-gnu-toolchain/bin/../lib/gcc/arm-none-eabi/4.8.4/../../../../arm-none-eabi/lib/armv7-m\libc.a(lib_a-wcrtomb.o)
 .ARM.attributes
                0x00000b39       0x2d c:/program files (x86)/atmel/atmel toolchain/arm gcc/native/4.8.1437/arm-gnu-toolchain/bin/../lib/gcc/arm-none-eabi/4.8.4/../../../../arm-none-eabi/lib/armv7-m\libc.a(lib_a-wctomb_r.o)
 .ARM.attributes
                0x00000b66       0x2d c:/program files (x86)/atmel/atmel toolchain/arm gcc/native/4.8.1437/arm-gnu-toolchain/bin/../lib/gcc/arm-none-eabi/4.8.4/../../../../arm-none-eabi/lib/armv7-m\libc.a(lib_a-writer.o)
 .ARM.attributes
                0x00000b93       0x2d c:/program files (x86)/atmel/atmel toolchain/arm gcc/native/4.8.1437/arm-gnu-toolchain/bin/../lib/gcc/arm-none-eabi/4.8.4/../../../../arm-none-eabi/lib/armv7-m\libc.a(lib_a-__atexit.o)
 .ARM.attributes
                0x00000bc0       0x2d c:/program files (x86)/atmel/atmel toolchain/arm gcc/native/4.8.1437/arm-gnu-toolchain/bin/../lib/gcc/arm-none-eabi/4.8.4/../../../../arm-none-eabi/lib/armv7-m\libc.a(lib_a-closer.o)
 .ARM.attributes
                0x00000bed       0x2d c:/program files (x86)/atmel/atmel toolchain/arm gcc/native/4.8.1437/arm-gnu-toolchain/bin/../lib/gcc/arm-none-eabi/4.8.4/../../../../arm-none-eabi/lib/armv7-m\libc.a(lib_a-fclose.o)
 .ARM.attributes
                0x00000c1a       0x2d c:/program files (x86)/atmel/atmel toolchain/arm gcc/native/4.8.1437/arm-gnu-toolchain/bin/../lib/gcc/arm-none-eabi/4.8.4/../../../../arm-none-eabi/lib/armv7-m\libc.a(lib_a-fstatr.o)
 .ARM.attributes
                0x00000c47       0x2d c:/program files (x86)/atmel/atmel toolchain/arm gcc/native/4.8.1437/arm-gnu-toolchain/bin/../lib/gcc/arm-none-eabi/4.8.4/../../../../arm-none-eabi/lib/armv7-m\libc.a(lib_a-isattyr.o)
 .ARM.attributes
                0x00000c74       0x2d c:/program files (x86)/atmel/atmel toolchain/arm gcc/native/4.8.1437/arm-gnu-toolchain/bin/../lib/gcc/arm-none-eabi/4.8.4/../../../../arm-none-eabi/lib/armv7-m\libc.a(lib_a-lseekr.o)
 .ARM.attributes
                0x00000ca1       0x2d c:/program files (x86)/atmel/atmel toolchain/arm gcc/native/4.8.1437/arm-gnu-toolchain/bin/../lib/gcc/arm-none-eabi/4.8.4/../../../../arm-none-eabi/lib/armv7-m\libc.a(lib_a-readr.o)
 .ARM.attributes
                0x00000cce       0x2d c:/program files (x86)/atmel/atmel toolchain/arm gcc/native/4.8.1437/arm-gnu-toolchain/bin/../lib/gcc/arm-none-eabi/4.8.4/../../../../arm-none-eabi/lib/armv7-m\libc.a(lib_a-reent.o)
 .ARM.attributes
                0x00000cfb       0x1d c:/program files (x86)/atmel/atmel toolchain/arm gcc/native/4.8.1437/arm-gnu-toolchain/bin/../lib/gcc/arm-none-eabi/4.8.4/armv7-m\libgcc.a(_aeabi_uldivmod.o)
 .ARM.attributes
                0x00000d18       0x2d c:/program files (x86)/atmel/atmel toolchain/arm gcc/native/4.8.1437/arm-gnu-toolchain/bin/../lib/gcc/arm-none-eabi/4.8.4/armv7-m\libgcc.a(bpabi.o)
 .ARM.attributes
                0x00000d45       0x1d c:/program files (x86)/atmel/atmel toolchain/arm gcc/native/4.8.1437/arm-gnu-toolchain/bin/../lib/gcc/arm-none-eabi/4.8.4/armv7-m\libgcc.a(_dvmd_tls.o)
 .ARM.attributes
                0x00000d62       0x2d c:/program files (x86)/atmel/atmel toolchain/arm gcc/native/4.8.1437/arm-gnu-toolchain/bin/../lib/gcc/arm-none-eabi/4.8.4/armv7-m\libgcc.a(_divdi3.o)
 .ARM.attributes
                0x00000d8f       0x2d c:/program files (x86)/atmel/atmel toolchain/arm gcc/native/4.8.1437/arm-gnu-toolchain/bin/../lib/gcc/arm-none-eabi/4.8.4/armv7-m\libgcc.a(_udivdi3.o)
 .ARM.attributes
                0x00000dbc       0x1d c:/program files (x86)/atmel/atmel toolchain/arm gcc/native/4.8.1437/arm-gnu-toolchain/bin/../lib/gcc/arm-none-eabi/4.8.4/armv7-m/crtn.o

.comment        0x00000000       0x5b
 .comment       0x00000000       0x5b src/ASF/common/services/serial/usart_serial.o
                                 0x5c (size before relaxing)
 .comment       0x00000000       0x5c src/ASF/common/utils/stdio/read.o
 .comment       0x00000000       0x5c src/ASF/common/utils/stdio/write.o
 .comment       0x00000000       0x5c src/ASF/sam/drivers/uart/uart.o
 .comment       0x00000000       0x5c src/ASF/sam/drivers/usart/usart.o
 .comment       0x00000000       0x5c src/ASF/thirdparty/freertos/freertos-7.3.0/source/list.o
 .comment       0x00000000       0x5c src/ASF/thirdparty/freertos/freertos-7.3.0/source/portable/gcc/arm_cm3/port.o
 .comment       0x00000000       0x5c src/ASF/thirdparty/freertos/freertos-7.3.0/source/portable/memmang/heap_4.o
 .comment       0x00000000       0x5c src/ASF/thirdparty/freertos/freertos-7.3.0/source/queue.o
 .comment       0x00000000       0x5c src/ASF/thirdparty/freertos/freertos-7.3.0/source/tasks.o
 .comment       0x00000000       0x5c src/ASF/thirdparty/freertos/freertos-7.3.0/source/timers.o
 .comment       0x00000000       0x5c src/ASF/thirdparty/wireless/addons/sio2host/uart/sio2host.o
 .comment       0x00000000       0x5c src/codeLock.o
 .comment       0x00000000       0x5c src/consoleFunctions.o
 .comment       0x00000000       0x5c src/ASF/common/services/clock/sam3x/sysclk.o
 .comment       0x00000000       0x5c src/ASF/common/utils/interrupt/interrupt_sam_nvic.o
 .comment       0x00000000       0x5c src/ASF/sam/boards/arduino_due_x/init.o
 .comment       0x00000000       0x5c src/ASF/sam/drivers/pio/pio.o
 .comment       0x00000000       0x5c src/ASF/sam/drivers/pio/pio_handler.o
 .comment       0x00000000       0x5c src/ASF/sam/drivers/pmc/pmc.o
 .comment       0x00000000       0x5c src/ASF/sam/utils/cmsis/sam3x/source/templates/exceptions.o
 .comment       0x00000000       0x5c src/ASF/sam/utils/cmsis/sam3x/source/templates/gcc/startup_sam3x.o
 .comment       0x00000000       0x5c src/ASF/sam/utils/cmsis/sam3x/source/templates/system_sam3x.o
 .comment       0x00000000       0x5c src/ASF/sam/utils/syscalls/gcc/syscalls.o
 .comment       0x00000000       0x5c src/initComponents.o
 .comment       0x00000000       0x5c src/lockLED.o
 .comment       0x00000000       0x5c src/main.o

.debug_info     0x00000000    0x12c95
 .debug_info    0x00000000      0x7c5 src/ASF/common/services/serial/usart_serial.o
 .debug_info    0x000007c5      0x1bb src/ASF/common/utils/stdio/read.o
 .debug_info    0x00000980      0x1c0 src/ASF/common/utils/stdio/write.o
 .debug_info    0x00000b40      0x889 src/ASF/sam/drivers/uart/uart.o
 .debug_info    0x000013c9     0x1bfa src/ASF/sam/drivers/usart/usart.o
 .debug_info    0x00002fc3      0x2b7 src/ASF/thirdparty/freertos/freertos-7.3.0/source/list.o
 .debug_info    0x0000327a      0x3a0 src/ASF/thirdparty/freertos/freertos-7.3.0/source/portable/gcc/arm_cm3/port.o
 .debug_info    0x0000361a      0x38d src/ASF/thirdparty/freertos/freertos-7.3.0/source/portable/memmang/heap_4.o
 .debug_info    0x000039a7      0xea7 src/ASF/thirdparty/freertos/freertos-7.3.0/source/queue.o
 .debug_info    0x0000484e     0x178e src/ASF/thirdparty/freertos/freertos-7.3.0/source/tasks.o
 .debug_info    0x00005fdc      0xb44 src/ASF/thirdparty/freertos/freertos-7.3.0/source/timers.o
 .debug_info    0x00006b20     0x187d src/ASF/thirdparty/wireless/addons/sio2host/uart/sio2host.o
 .debug_info    0x0000839d      0xbfb src/codeLock.o
 .debug_info    0x00008f98     0x129e src/consoleFunctions.o
 .debug_info    0x0000a236      0x796 src/ASF/common/services/clock/sam3x/sysclk.o
 .debug_info    0x0000a9cc      0x1e8 src/ASF/common/utils/interrupt/interrupt_sam_nvic.o
 .debug_info    0x0000abb4      0x75c src/ASF/sam/boards/arduino_due_x/init.o
 .debug_info    0x0000b310     0x1385 src/ASF/sam/drivers/pio/pio.o
 .debug_info    0x0000c695      0xe52 src/ASF/sam/drivers/pio/pio_handler.o
 .debug_info    0x0000d4e7     0x1080 src/ASF/sam/drivers/pmc/pmc.o
 .debug_info    0x0000e567      0x124 src/ASF/sam/utils/cmsis/sam3x/source/templates/exceptions.o
 .debug_info    0x0000e68b      0x3bd src/ASF/sam/utils/cmsis/sam3x/source/templates/gcc/startup_sam3x.o
 .debug_info    0x0000ea48      0x4c6 src/ASF/sam/utils/cmsis/sam3x/source/templates/system_sam3x.o
 .debug_info    0x0000ef0e      0x43f src/ASF/sam/utils/syscalls/gcc/syscalls.o
 .debug_info    0x0000f34d     0x1e00 src/initComponents.o
 .debug_info    0x0001114d      0xfda src/lockLED.o
 .debug_info    0x00012127      0xb6e src/main.o

.debug_abbrev   0x00000000     0x3631
 .debug_abbrev  0x00000000      0x1a8 src/ASF/common/services/serial/usart_serial.o
 .debug_abbrev  0x000001a8      0x101 src/ASF/common/utils/stdio/read.o
 .debug_abbrev  0x000002a9       0xf5 src/ASF/common/utils/stdio/write.o
 .debug_abbrev  0x0000039e      0x1bd src/ASF/sam/drivers/uart/uart.o
 .debug_abbrev  0x0000055b      0x325 src/ASF/sam/drivers/usart/usart.o
 .debug_abbrev  0x00000880       0xfb src/ASF/thirdparty/freertos/freertos-7.3.0/source/list.o
 .debug_abbrev  0x0000097b      0x246 src/ASF/thirdparty/freertos/freertos-7.3.0/source/portable/gcc/arm_cm3/port.o
 .debug_abbrev  0x00000bc1      0x220 src/ASF/thirdparty/freertos/freertos-7.3.0/source/portable/memmang/heap_4.o
 .debug_abbrev  0x00000de1      0x231 src/ASF/thirdparty/freertos/freertos-7.3.0/source/queue.o
 .debug_abbrev  0x00001012      0x2e0 src/ASF/thirdparty/freertos/freertos-7.3.0/source/tasks.o
 .debug_abbrev  0x000012f2      0x261 src/ASF/thirdparty/freertos/freertos-7.3.0/source/timers.o
 .debug_abbrev  0x00001553      0x3da src/ASF/thirdparty/wireless/addons/sio2host/uart/sio2host.o
 .debug_abbrev  0x0000192d      0x21d src/codeLock.o
 .debug_abbrev  0x00001b4a      0x341 src/consoleFunctions.o
 .debug_abbrev  0x00001e8b      0x227 src/ASF/common/services/clock/sam3x/sysclk.o
 .debug_abbrev  0x000020b2       0xef src/ASF/common/utils/interrupt/interrupt_sam_nvic.o
 .debug_abbrev  0x000021a1      0x16f src/ASF/sam/boards/arduino_due_x/init.o
 .debug_abbrev  0x00002310      0x2d5 src/ASF/sam/drivers/pio/pio.o
 .debug_abbrev  0x000025e5      0x257 src/ASF/sam/drivers/pio/pio_handler.o
 .debug_abbrev  0x0000283c      0x268 src/ASF/sam/drivers/pmc/pmc.o
 .debug_abbrev  0x00002aa4       0x8c src/ASF/sam/utils/cmsis/sam3x/source/templates/exceptions.o
 .debug_abbrev  0x00002b30      0x118 src/ASF/sam/utils/cmsis/sam3x/source/templates/gcc/startup_sam3x.o
 .debug_abbrev  0x00002c48      0x115 src/ASF/sam/utils/cmsis/sam3x/source/templates/system_sam3x.o
 .debug_abbrev  0x00002d5d      0x14e src/ASF/sam/utils/syscalls/gcc/syscalls.o
 .debug_abbrev  0x00002eab      0x33a src/initComponents.o
 .debug_abbrev  0x000031e5      0x27a src/lockLED.o
 .debug_abbrev  0x0000345f      0x1d2 src/main.o

.debug_loc      0x00000000     0x7a72
 .debug_loc     0x00000000      0x2d1 src/ASF/common/services/serial/usart_serial.o
 .debug_loc     0x000002d1       0xc5 src/ASF/common/utils/stdio/read.o
 .debug_loc     0x00000396      0x161 src/ASF/common/utils/stdio/write.o
 .debug_loc     0x000004f7      0x236 src/ASF/sam/drivers/uart/uart.o
 .debug_loc     0x0000072d     0x128d src/ASF/sam/drivers/usart/usart.o
 .debug_loc     0x000019ba       0x91 src/ASF/thirdparty/freertos/freertos-7.3.0/source/list.o
 .debug_loc     0x00001a4b      0x100 src/ASF/thirdparty/freertos/freertos-7.3.0/source/portable/gcc/arm_cm3/port.o
 .debug_loc     0x00001b4b      0x371 src/ASF/thirdparty/freertos/freertos-7.3.0/source/portable/memmang/heap_4.o
 .debug_loc     0x00001ebc     0x10da src/ASF/thirdparty/freertos/freertos-7.3.0/source/queue.o
 .debug_loc     0x00002f96     0x1545 src/ASF/thirdparty/freertos/freertos-7.3.0/source/tasks.o
 .debug_loc     0x000044db      0x9a4 src/ASF/thirdparty/freertos/freertos-7.3.0/source/timers.o
 .debug_loc     0x00004e7f      0x4b5 src/ASF/thirdparty/wireless/addons/sio2host/uart/sio2host.o
 .debug_loc     0x00005334      0x1ce src/codeLock.o
 .debug_loc     0x00005502      0x28b src/consoleFunctions.o
 .debug_loc     0x0000578d      0x12d src/ASF/common/services/clock/sam3x/sysclk.o
 .debug_loc     0x000058ba       0x1e src/ASF/common/utils/interrupt/interrupt_sam_nvic.o
 .debug_loc     0x000058d8       0x20 src/ASF/sam/boards/arduino_due_x/init.o
 .debug_loc     0x000058f8      0xa83 src/ASF/sam/drivers/pio/pio.o
 .debug_loc     0x0000637b      0x53d src/ASF/sam/drivers/pio/pio_handler.o
 .debug_loc     0x000068b8      0xc95 src/ASF/sam/drivers/pmc/pmc.o
 .debug_loc     0x0000754d       0x7e src/ASF/sam/utils/cmsis/sam3x/source/templates/gcc/startup_sam3x.o
 .debug_loc     0x000075cb      0x12b src/ASF/sam/utils/syscalls/gcc/syscalls.o
 .debug_loc     0x000076f6      0x303 src/initComponents.o
 .debug_loc     0x000079f9       0x4d src/lockLED.o
 .debug_loc     0x00007a46       0x2c src/main.o

.debug_aranges  0x00000000      0xd78
 .debug_aranges
                0x00000000       0x28 src/ASF/common/services/serial/usart_serial.o
 .debug_aranges
                0x00000028       0x20 src/ASF/common/utils/stdio/read.o
 .debug_aranges
                0x00000048       0x20 src/ASF/common/utils/stdio/write.o
 .debug_aranges
                0x00000068       0xe8 src/ASF/sam/drivers/uart/uart.o
 .debug_aranges
                0x00000150      0x2a8 src/ASF/sam/drivers/usart/usart.o
 .debug_aranges
                0x000003f8       0x40 src/ASF/thirdparty/freertos/freertos-7.3.0/source/list.o
 .debug_aranges
                0x00000438       0x80 src/ASF/thirdparty/freertos/freertos-7.3.0/source/portable/gcc/arm_cm3/port.o
 .debug_aranges
                0x000004b8       0x40 src/ASF/thirdparty/freertos/freertos-7.3.0/source/portable/memmang/heap_4.o
 .debug_aranges
                0x000004f8       0xc8 src/ASF/thirdparty/freertos/freertos-7.3.0/source/queue.o
 .debug_aranges
                0x000005c0      0x130 src/ASF/thirdparty/freertos/freertos-7.3.0/source/tasks.o
 .debug_aranges
                0x000006f0       0x60 src/ASF/thirdparty/freertos/freertos-7.3.0/source/timers.o
 .debug_aranges
                0x00000750       0x60 src/ASF/thirdparty/wireless/addons/sio2host/uart/sio2host.o
 .debug_aranges
                0x000007b0       0x20 src/codeLock.o
 .debug_aranges
                0x000007d0       0x30 src/consoleFunctions.o
 .debug_aranges
                0x00000800       0x40 src/ASF/common/services/clock/sam3x/sysclk.o
 .debug_aranges
                0x00000840       0x28 src/ASF/common/utils/interrupt/interrupt_sam_nvic.o
 .debug_aranges
                0x00000868       0x20 src/ASF/sam/boards/arduino_due_x/init.o
 .debug_aranges
                0x00000888      0x148 src/ASF/sam/drivers/pio/pio.o
 .debug_aranges
                0x000009d0       0x58 src/ASF/sam/drivers/pio/pio_handler.o
 .debug_aranges
                0x00000a28      0x200 src/ASF/sam/drivers/pmc/pmc.o
 .debug_aranges
                0x00000c28       0x20 src/ASF/sam/utils/cmsis/sam3x/source/templates/exceptions.o
 .debug_aranges
                0x00000c48       0x20 src/ASF/sam/utils/cmsis/sam3x/source/templates/gcc/startup_sam3x.o
 .debug_aranges
                0x00000c68       0x30 src/ASF/sam/utils/cmsis/sam3x/source/templates/system_sam3x.o
 .debug_aranges
                0x00000c98       0x60 src/ASF/sam/utils/syscalls/gcc/syscalls.o
 .debug_aranges
                0x00000cf8       0x40 src/initComponents.o
 .debug_aranges
                0x00000d38       0x20 src/lockLED.o
 .debug_aranges
                0x00000d58       0x20 src/main.o

.debug_ranges   0x00000000      0xcf8
 .debug_ranges  0x00000000       0x30 src/ASF/common/services/serial/usart_serial.o
 .debug_ranges  0x00000030       0x10 src/ASF/common/utils/stdio/read.o
 .debug_ranges  0x00000040       0x10 src/ASF/common/utils/stdio/write.o
 .debug_ranges  0x00000050       0xd8 src/ASF/sam/drivers/uart/uart.o
 .debug_ranges  0x00000128      0x298 src/ASF/sam/drivers/usart/usart.o
 .debug_ranges  0x000003c0       0x30 src/ASF/thirdparty/freertos/freertos-7.3.0/source/list.o
 .debug_ranges  0x000003f0       0x70 src/ASF/thirdparty/freertos/freertos-7.3.0/source/portable/gcc/arm_cm3/port.o
 .debug_ranges  0x00000460       0x30 src/ASF/thirdparty/freertos/freertos-7.3.0/source/portable/memmang/heap_4.o
 .debug_ranges  0x00000490       0xb8 src/ASF/thirdparty/freertos/freertos-7.3.0/source/queue.o
 .debug_ranges  0x00000548      0x168 src/ASF/thirdparty/freertos/freertos-7.3.0/source/tasks.o
 .debug_ranges  0x000006b0       0xa8 src/ASF/thirdparty/freertos/freertos-7.3.0/source/timers.o
 .debug_ranges  0x00000758       0x50 src/ASF/thirdparty/wireless/addons/sio2host/uart/sio2host.o
 .debug_ranges  0x000007a8       0x10 src/codeLock.o
 .debug_ranges  0x000007b8       0x20 src/consoleFunctions.o
 .debug_ranges  0x000007d8       0x30 src/ASF/common/services/clock/sam3x/sysclk.o
 .debug_ranges  0x00000808       0x18 src/ASF/common/utils/interrupt/interrupt_sam_nvic.o
 .debug_ranges  0x00000820       0x10 src/ASF/sam/boards/arduino_due_x/init.o
 .debug_ranges  0x00000830      0x138 src/ASF/sam/drivers/pio/pio.o
 .debug_ranges  0x00000968       0x48 src/ASF/sam/drivers/pio/pio_handler.o
 .debug_ranges  0x000009b0      0x1f0 src/ASF/sam/drivers/pmc/pmc.o
 .debug_ranges  0x00000ba0       0x10 src/ASF/sam/utils/cmsis/sam3x/source/templates/exceptions.o
 .debug_ranges  0x00000bb0       0x10 src/ASF/sam/utils/cmsis/sam3x/source/templates/gcc/startup_sam3x.o
 .debug_ranges  0x00000bc0       0x20 src/ASF/sam/utils/cmsis/sam3x/source/templates/system_sam3x.o
 .debug_ranges  0x00000be0       0x50 src/ASF/sam/utils/syscalls/gcc/syscalls.o
 .debug_ranges  0x00000c30       0x90 src/initComponents.o
 .debug_ranges  0x00000cc0       0x28 src/lockLED.o
 .debug_ranges  0x00000ce8       0x10 src/main.o

.debug_macro    0x00000000    0x1a5b4
 .debug_macro   0x00000000      0x55c src/ASF/common/services/serial/usart_serial.o
 .debug_macro   0x0000055c      0x874 src/ASF/common/services/serial/usart_serial.o
 .debug_macro   0x00000dd0      0x5db src/ASF/common/services/serial/usart_serial.o
 .debug_macro   0x000013ab      0x166 src/ASF/common/services/serial/usart_serial.o
 .debug_macro   0x00001511       0x76 src/ASF/common/services/serial/usart_serial.o
 .debug_macro   0x00001587       0x16 src/ASF/common/services/serial/usart_serial.o
 .debug_macro   0x0000159d      0x6e4 src/ASF/common/services/serial/usart_serial.o
 .debug_macro   0x00001c81       0x16 src/ASF/common/services/serial/usart_serial.o
 .debug_macro   0x00001c97       0x44 src/ASF/common/services/serial/usart_serial.o
 .debug_macro   0x00001cdb      0x209 src/ASF/common/services/serial/usart_serial.o
 .debug_macro   0x00001ee4       0x20 src/ASF/common/services/serial/usart_serial.o
 .debug_macro   0x00001f04       0x3a src/ASF/common/services/serial/usart_serial.o
 .debug_macro   0x00001f3e       0x2d src/ASF/common/services/serial/usart_serial.o
 .debug_macro   0x00001f6b      0xbb1 src/ASF/common/services/serial/usart_serial.o
 .debug_macro   0x00002b1c      0xab6 src/ASF/common/services/serial/usart_serial.o
 .debug_macro   0x000035d2      0x569 src/ASF/common/services/serial/usart_serial.o
 .debug_macro   0x00003b3b      0x2b5 src/ASF/common/services/serial/usart_serial.o
 .debug_macro   0x00003df0      0x31a src/ASF/common/services/serial/usart_serial.o
 .debug_macro   0x0000410a      0x74f src/ASF/common/services/serial/usart_serial.o
 .debug_macro   0x00004859       0x82 src/ASF/common/services/serial/usart_serial.o
 .debug_macro   0x000048db      0x57b src/ASF/common/services/serial/usart_serial.o
 .debug_macro   0x00004e56       0x1c src/ASF/common/services/serial/usart_serial.o
 .debug_macro   0x00004e72      0x6b7 src/ASF/common/services/serial/usart_serial.o
 .debug_macro   0x00005529      0x52d src/ASF/common/services/serial/usart_serial.o
 .debug_macro   0x00005a56       0xbe src/ASF/common/services/serial/usart_serial.o
 .debug_macro   0x00005b14     0x2342 src/ASF/common/services/serial/usart_serial.o
 .debug_macro   0x00007e56      0x85d src/ASF/common/services/serial/usart_serial.o
 .debug_macro   0x000086b3      0xdc9 src/ASF/common/services/serial/usart_serial.o
 .debug_macro   0x0000947c       0x7c src/ASF/common/services/serial/usart_serial.o
 .debug_macro   0x000094f8      0x263 src/ASF/common/services/serial/usart_serial.o
 .debug_macro   0x0000975b       0x58 src/ASF/common/services/serial/usart_serial.o
 .debug_macro   0x000097b3      0x9a7 src/ASF/common/services/serial/usart_serial.o
 .debug_macro   0x0000a15a      0x248 src/ASF/common/services/serial/usart_serial.o
 .debug_macro   0x0000a3a2      0x4df src/ASF/common/services/serial/usart_serial.o
 .debug_macro   0x0000a881      0x6b3 src/ASF/common/services/serial/usart_serial.o
 .debug_macro   0x0000af34      0x59f src/ASF/common/services/serial/usart_serial.o
 .debug_macro   0x0000b4d3       0x46 src/ASF/common/services/serial/usart_serial.o
 .debug_macro   0x0000b519      0x34d src/ASF/common/services/serial/usart_serial.o
 .debug_macro   0x0000b866      0x28c src/ASF/common/services/serial/usart_serial.o
 .debug_macro   0x0000baf2     0x14d7 src/ASF/common/services/serial/usart_serial.o
 .debug_macro   0x0000cfc9      0x7ba src/ASF/common/services/serial/usart_serial.o
 .debug_macro   0x0000d783       0x76 src/ASF/common/services/serial/usart_serial.o
 .debug_macro   0x0000d7f9       0x82 src/ASF/common/services/serial/usart_serial.o
 .debug_macro   0x0000d87b       0x76 src/ASF/common/services/serial/usart_serial.o
 .debug_macro   0x0000d8f1       0x4c src/ASF/common/services/serial/usart_serial.o
 .debug_macro   0x0000d93d      0x105 src/ASF/common/services/serial/usart_serial.o
 .debug_macro   0x0000da42      0x105 src/ASF/common/services/serial/usart_serial.o
 .debug_macro   0x0000db47      0x105 src/ASF/common/services/serial/usart_serial.o
 .debug_macro   0x0000dc4c       0x88 src/ASF/common/services/serial/usart_serial.o
 .debug_macro   0x0000dcd4       0x88 src/ASF/common/services/serial/usart_serial.o
 .debug_macro   0x0000dd5c      0x3b4 src/ASF/common/services/serial/usart_serial.o
 .debug_macro   0x0000e110       0xb8 src/ASF/common/services/serial/usart_serial.o
 .debug_macro   0x0000e1c8       0xb8 src/ASF/common/services/serial/usart_serial.o
 .debug_macro   0x0000e280       0xb8 src/ASF/common/services/serial/usart_serial.o
 .debug_macro   0x0000e338       0xb8 src/ASF/common/services/serial/usart_serial.o
 .debug_macro   0x0000e3f0      0x2b8 src/ASF/common/services/serial/usart_serial.o
 .debug_macro   0x0000e6a8      0x125 src/ASF/common/services/serial/usart_serial.o
 .debug_macro   0x0000e7cd      0x225 src/ASF/common/services/serial/usart_serial.o
 .debug_macro   0x0000e9f2      0x225 src/ASF/common/services/serial/usart_serial.o
 .debug_macro   0x0000ec17       0x2e src/ASF/common/services/serial/usart_serial.o
 .debug_macro   0x0000ec45       0xac src/ASF/common/services/serial/usart_serial.o
 .debug_macro   0x0000ecf1      0x14d src/ASF/common/services/serial/usart_serial.o
 .debug_macro   0x0000ee3e       0x7c src/ASF/common/services/serial/usart_serial.o
 .debug_macro   0x0000eeba      0x205 src/ASF/common/services/serial/usart_serial.o
 .debug_macro   0x0000f0bf       0x64 src/ASF/common/services/serial/usart_serial.o
 .debug_macro   0x0000f123       0xa6 src/ASF/common/services/serial/usart_serial.o
 .debug_macro   0x0000f1c9       0x7c src/ASF/common/services/serial/usart_serial.o
 .debug_macro   0x0000f245       0x16 src/ASF/common/services/serial/usart_serial.o
 .debug_macro   0x0000f25b       0x22 src/ASF/common/services/serial/usart_serial.o
 .debug_macro   0x0000f27d       0x22 src/ASF/common/services/serial/usart_serial.o
 .debug_macro   0x0000f29f      0x115 src/ASF/common/services/serial/usart_serial.o
 .debug_macro   0x0000f3b4      0x115 src/ASF/common/services/serial/usart_serial.o
 .debug_macro   0x0000f4c9      0x115 src/ASF/common/services/serial/usart_serial.o
 .debug_macro   0x0000f5de      0x115 src/ASF/common/services/serial/usart_serial.o
 .debug_macro   0x0000f6f3       0x1c src/ASF/common/services/serial/usart_serial.o
 .debug_macro   0x0000f70f       0x2e src/ASF/common/services/serial/usart_serial.o
 .debug_macro   0x0000f73d       0x22 src/ASF/common/services/serial/usart_serial.o
 .debug_macro   0x0000f75f       0x1c src/ASF/common/services/serial/usart_serial.o
 .debug_macro   0x0000f77b       0x58 src/ASF/common/services/serial/usart_serial.o
 .debug_macro   0x0000f7d3       0x10 src/ASF/common/services/serial/usart_serial.o
 .debug_macro   0x0000f7e3      0x273 src/ASF/common/services/serial/usart_serial.o
 .debug_macro   0x0000fa56      0xd43 src/ASF/common/services/serial/usart_serial.o
 .debug_macro   0x00010799      0x131 src/ASF/common/services/serial/usart_serial.o
 .debug_macro   0x000108ca       0x58 src/ASF/common/services/serial/usart_serial.o
 .debug_macro   0x00010922       0x35 src/ASF/common/services/serial/usart_serial.o
 .debug_macro   0x00010957       0xa3 src/ASF/common/services/serial/usart_serial.o
 .debug_macro   0x000109fa       0x16 src/ASF/common/services/serial/usart_serial.o
 .debug_macro   0x00010a10       0x35 src/ASF/common/services/serial/usart_serial.o
 .debug_macro   0x00010a45       0x10 src/ASF/common/services/serial/usart_serial.o
 .debug_macro   0x00010a55       0x52 src/ASF/common/services/serial/usart_serial.o
 .debug_macro   0x00010aa7       0x16 src/ASF/common/services/serial/usart_serial.o
 .debug_macro   0x00010abd       0x43 src/ASF/common/services/serial/usart_serial.o
 .debug_macro   0x00010b00      0x180 src/ASF/common/services/serial/usart_serial.o
 .debug_macro   0x00010c80       0x10 src/ASF/common/services/serial/usart_serial.o
 .debug_macro   0x00010c90       0x22 src/ASF/common/services/serial/usart_serial.o
 .debug_macro   0x00010cb2       0xbd src/ASF/common/services/serial/usart_serial.o
 .debug_macro   0x00010d6f       0x16 src/ASF/common/services/serial/usart_serial.o
 .debug_macro   0x00010d85      0x16c src/ASF/common/services/serial/usart_serial.o
 .debug_macro   0x00010ef1       0x22 src/ASF/common/services/serial/usart_serial.o
 .debug_macro   0x00010f13       0x16 src/ASF/common/services/serial/usart_serial.o
 .debug_macro   0x00010f29       0x16 src/ASF/common/services/serial/usart_serial.o
 .debug_macro   0x00010f3f       0x29 src/ASF/common/services/serial/usart_serial.o
 .debug_macro   0x00010f68       0x6e src/ASF/common/services/serial/usart_serial.o
 .debug_macro   0x00010fd6       0x45 src/ASF/common/services/serial/usart_serial.o
 .debug_macro   0x0001101b      0x3ca src/ASF/common/services/serial/usart_serial.o
 .debug_macro   0x000113e5       0x34 src/ASF/common/services/serial/usart_serial.o
 .debug_macro   0x00011419      0x272 src/ASF/common/services/serial/usart_serial.o
 .debug_macro   0x0001168b      0x790 src/ASF/common/services/serial/usart_serial.o
 .debug_macro   0x00011e1b       0x5e src/ASF/common/services/serial/usart_serial.o
 .debug_macro   0x00011e79       0x64 src/ASF/common/services/serial/usart_serial.o
 .debug_macro   0x00011edd       0x5f src/ASF/common/services/serial/usart_serial.o
 .debug_macro   0x00011f3c       0x90 src/ASF/common/services/serial/usart_serial.o
 .debug_macro   0x00011fcc       0x1c src/ASF/common/services/serial/usart_serial.o
 .debug_macro   0x00011fe8       0x2e src/ASF/common/services/serial/usart_serial.o
 .debug_macro   0x00012016       0x1c src/ASF/common/services/serial/usart_serial.o
 .debug_macro   0x00012032      0x4a9 src/ASF/common/utils/stdio/read.o
 .debug_macro   0x000124db      0x4a9 src/ASF/common/utils/stdio/write.o
 .debug_macro   0x00012984      0x4b8 src/ASF/sam/drivers/uart/uart.o
 .debug_macro   0x00012e3c       0x16 src/ASF/sam/drivers/uart/uart.o
 .debug_macro   0x00012e52      0x4f4 src/ASF/sam/drivers/usart/usart.o
 .debug_macro   0x00013346       0x28 src/ASF/sam/drivers/usart/usart.o