Archive member included because of file (symbol)

c:/program files (x86)/atmel/atmel toolchain/arm gcc/native/4.8.1437/arm-gnu-toolchain/bin/../lib/gcc/arm-none-eabi/4.8.4/../../../../arm-none-eabi/lib/armv7-m\libc.a(lib_a-exit.o)
                              c:/program files (x86)/atmel/atmel toolchain/arm gcc/native/4.8.1437/arm-gnu-toolchain/bin/../lib/gcc/arm-none-eabi/4.8.4/../../../../arm-none-eabi/lib/armv7-m/crt0.o (exit)
c:/program files (x86)/atmel/atmel toolchain/arm gcc/native/4.8.1437/arm-gnu-toolchain/bin/../lib/gcc/arm-none-eabi/4.8.4/../../../../arm-none-eabi/lib/armv7-m\libc.a(lib_a-impure.o)
                              c:/program files (x86)/atmel/atmel toolchain/arm gcc/native/4.8.1437/arm-gnu-toolchain/bin/../lib/gcc/arm-none-eabi/4.8.4/../../../../arm-none-eabi/lib/armv7-m\libc.a(lib_a-exit.o) (_global_impure_ptr)
c:/program files (x86)/atmel/atmel toolchain/arm gcc/native/4.8.1437/arm-gnu-toolchain/bin/../lib/gcc/arm-none-eabi/4.8.4/../../../../arm-none-eabi/lib/armv7-m\libc.a(lib_a-init.o)
                              c:/program files (x86)/atmel/atmel toolchain/arm gcc/native/4.8.1437/arm-gnu-toolchain/bin/../lib/gcc/arm-none-eabi/4.8.4/../../../../arm-none-eabi/lib/armv7-m/crt0.o (__libc_init_array)
c:/program files (x86)/atmel/atmel toolchain/arm gcc/native/4.8.1437/arm-gnu-toolchain/bin/../lib/gcc/arm-none-eabi/4.8.4/../../../../arm-none-eabi/lib/armv7-m\libc.a(lib_a-iprintf.o)
                              src/ASF/sam/utils/syscalls/gcc/syscalls.o (iprintf)
c:/program files (x86)/atmel/atmel toolchain/arm gcc/native/4.8.1437/arm-gnu-toolchain/bin/../lib/gcc/arm-none-eabi/4.8.4/../../../../arm-none-eabi/lib/armv7-m\libc.a(lib_a-memset.o)
                              c:/program files (x86)/atmel/atmel toolchain/arm gcc/native/4.8.1437/arm-gnu-toolchain/bin/../lib/gcc/arm-none-eabi/4.8.4/../../../../arm-none-eabi/lib/armv7-m/crt0.o (memset)
c:/program files (x86)/atmel/atmel toolchain/arm gcc/native/4.8.1437/arm-gnu-toolchain/bin/../lib/gcc/arm-none-eabi/4.8.4/../../../../arm-none-eabi/lib/armv7-m\libc.a(lib_a-vfiprintf.o)
                              c:/program files (x86)/atmel/atmel toolchain/arm gcc/native/4.8.1437/arm-gnu-toolchain/bin/../lib/gcc/arm-none-eabi/4.8.4/../../../../arm-none-eabi/lib/armv7-m\libc.a(lib_a-iprintf.o) (_vfiprintf_r)
c:/program files (x86)/atmel/atmel toolchain/arm gcc/native/4.8.1437/arm-gnu-toolchain/bin/../lib/gcc/arm-none-eabi/4.8.4/../../../../arm-none-eabi/lib/armv7-m\libc.a(lib_a-wsetup.o)
                              c:/program files (x86)/atmel/atmel toolchain/arm gcc/native/4.8.1437/arm-gnu-toolchain/bin/../lib/gcc/arm-none-eabi/4.8.4/../../../../arm-none-eabi/lib/armv7-m\libc.a(lib_a-vfiprintf.o) (__swsetup_r)
c:/program files (x86)/atmel/atmel toolchain/arm gcc/native/4.8.1437/arm-gnu-toolchain/bin/../lib/gcc/arm-none-eabi/4.8.4/../../../../arm-none-eabi/lib/armv7-m\libc.a(lib_a-__call_atexit.o)
                              c:/program files (x86)/atmel/atmel toolchain/arm gcc/native/4.8.1437/arm-gnu-toolchain/bin/../lib/gcc/arm-none-eabi/4.8.4/../../../../arm-none-eabi/lib/armv7-m\libc.a(lib_a-exit.o) (__call_exitprocs)
c:/program files (x86)/atmel/atmel toolchain/arm gcc/native/4.8.1437/arm-gnu-toolchain/bin/../lib/gcc/arm-none-eabi/4.8.4/../../../../arm-none-eabi/lib/armv7-m\libc.a(lib_a-atexit.o)
                              c:/program files (x86)/atmel/atmel toolchain/arm gcc/native/4.8.1437/arm-gnu-toolchain/bin/../lib/gcc/arm-none-eabi/4.8.4/../../../../arm-none-eabi/lib/armv7-m\libc.a(lib_a-__call_atexit.o) (atexit)
c:/program files (x86)/atmel/atmel toolchain/arm gcc/native/4.8.1437/arm-gnu-toolchain/bin/../lib/gcc/arm-none-eabi/4.8.4/../../../../arm-none-eabi/lib/armv7-m\libc.a(lib_a-fflush.o)
                              c:/program files (x86)/atmel/atmel toolchain/arm gcc/native/4.8.1437/arm-gnu-toolchain/bin/../lib/gcc/arm-none-eabi/4.8.4/../../../../arm-none-eabi/lib/armv7-m\libc.a(lib_a-vfiprintf.o) (_fflush_r)
c:/program files (x86)/atmel/atmel toolchain/arm gcc/native/4.8.1437/arm-gnu-toolchain/bin/../lib/gcc/arm-none-eabi/4.8.4/../../../../arm-none-eabi/lib/armv7-m\libc.a(lib_a-findfp.o)
                              c:/program files (x86)/atmel/atmel toolchain/arm gcc/native/4.8.1437/arm-gnu-toolchain/bin/../lib/gcc/arm-none-eabi/4.8.4/../../../../arm-none-eabi/lib/armv7-m\libc.a(lib_a-vfiprintf.o) (__sinit)
c:/program files (x86)/atmel/atmel toolchain/arm gcc/native/4.8.1437/arm-gnu-toolchain/bin/../lib/gcc/arm-none-eabi/4.8.4/../../../../arm-none-eabi/lib/armv7-m\libc.a(lib_a-fini.o)
                              c:/program files (x86)/atmel/atmel toolchain/arm gcc/native/4.8.1437/arm-gnu-toolchain/bin/../lib/gcc/arm-none-eabi/4.8.4/../../../../arm-none-eabi/lib/armv7-m\libc.a(lib_a-__call_atexit.o) (__libc_fini_array)
c:/program files (x86)/atmel/atmel toolchain/arm gcc/native/4.8.1437/arm-gnu-toolchain/bin/../lib/gcc/arm-none-eabi/4.8.4/../../../../arm-none-eabi/lib/armv7-m\libc.a(lib_a-fputwc.o)
[...]
Memory Configuration

Name             Origin             Length             Attributes
rom              0x00080000         0x00080000         xr
sram0            0x20000000         0x00010000         xrw
sram1            0x20080000         0x00008000         xrw
ram              0x20070000         0x00018000         xrw
*default*        0x00000000         0xffffffff

Linker script and memory map

LOAD c:/program files (x86)/atmel/atmel toolchain/arm gcc/native/4.8.1437/arm-gnu-toolchain/bin/../lib/gcc/arm-none-eabi/4.8.4/armv7-m/crti.o
LOAD c:/program files (x86)/atmel/atmel toolchain/arm gcc/native/4.8.1437/arm-gnu-toolchain/bin/../lib/gcc/arm-none-eabi/4.8.4/armv7-m/crtbegin.o
LOAD c:/program files (x86)/atmel/atmel toolchain/arm gcc/native/4.8.1437/arm-gnu-toolchain/bin/../lib/gcc/arm-none-eabi/4.8.4/../../../../arm-none-eabi/lib/armv7-m/crt0.o
LOAD src/ASF/sam/drivers/dacc/dacc.o
LOAD src/ASF/sam/drivers/tc/tc.o
LOAD src/ASF/sam/drivers/trng/trng.o
LOAD src/DAC.o
LOAD src/DelayFunctions.o
LOAD src/ASF/common/services/clock/sam3x/sysclk.o
LOAD src/ASF/common/utils/interrupt/interrupt_sam_nvic.o
LOAD src/ASF/sam/boards/arduino_due_x/init.o
LOAD src/ASF/sam/drivers/pio/pio.o
LOAD src/ASF/sam/drivers/pio/pio_handler.o
LOAD src/ASF/sam/drivers/pmc/pmc.o
LOAD src/ASF/sam/drivers/pmc/sleep.o
LOAD src/ASF/sam/utils/cmsis/sam3x/source/templates/exceptions.o
LOAD src/ASF/sam/utils/cmsis/sam3x/source/templates/gcc/startup_sam3x.o
LOAD src/ASF/sam/utils/cmsis/sam3x/source/templates/system_sam3x.o
LOAD src/ASF/sam/utils/syscalls/gcc/syscalls.o
LOAD src/digitalIO.o
LOAD src/ISR.o
LOAD src/main.o
START GROUP
LOAD ../src/ASF/thirdparty/CMSIS/Lib/GCC\libarm_cortexM3l_math.a
LOAD c:/program files (x86)/atmel/atmel toolchain/arm gcc/native/4.8.1437/arm-gnu-toolchain/bin/../lib/gcc/arm-none-eabi/4.8.4/../../../../arm-none-eabi/lib/armv7-m\libm.a
END GROUP
START GROUP
LOAD c:/program files (x86)/atmel/atmel toolchain/arm gcc/native/4.8.1437/arm-gnu-toolchain/bin/../lib/gcc/arm-none-eabi/4.8.4/armv7-m\libgcc.a
LOAD c:/program files (x86)/atmel/atmel toolchain/arm gcc/native/4.8.1437/arm-gnu-toolchain/bin/../lib/gcc/arm-none-eabi/4.8.4/../../../../arm-none-eabi/lib/armv7-m\libc.a
END GROUP
LOAD c:/program files (x86)/atmel/atmel toolchain/arm gcc/native/4.8.1437/arm-gnu-toolchain/bin/../lib/gcc/arm-none-eabi/4.8.4/armv7-m/crtend.o
LOAD c:/program files (x86)/atmel/atmel toolchain/arm gcc/native/4.8.1437/arm-gnu-toolchain/bin/../lib/gcc/arm-none-eabi/4.8.4/armv7-m/crtn.o
                0x00002000                __stack_size__ = DEFINED (__stack_size__)?__stack_size__:0x2000
                0x20087ffc                __ram_end__ = ((ORIGIN (ram) + 0x18000) - 0x4)

.text           0x00080000      0xd90
                0x00080000                . = ALIGN (0x4)
                0x00080000                _sfixed = .
 *(.vectors .vectors.*)
 .vectors       0x00080000       0xf4 src/ASF/sam/utils/cmsis/sam3x/source/templates/gcc/startup_sam3x.o
                0x00080000                exception_table
 *(.text .text.* .gnu.linkonce.t.*)
 .text          0x000800f4       0x54 c:/program files (x86)/atmel/atmel toolchain/arm gcc/native/4.8.1437/arm-gnu-toolchain/bin/../lib/gcc/arm-none-eabi/4.8.4/armv7-m/crtbegin.o
 .text.dacc_reset
                0x00080148        0x8 src/ASF/sam/drivers/dacc/dacc.o
                0x00080148                dacc_reset
 .text.dacc_set_transfer_mode
                0x00080150       0x18 src/ASF/sam/drivers/dacc/dacc.o
                0x00080150                dacc_set_transfer_mode
 .text.dacc_write_conversion_data
                0x00080168        0x4 src/ASF/sam/drivers/dacc/dacc.o
                0x00080168                dacc_write_conversion_data
 .text.dacc_set_channel_selection
                0x0008016c       0x18 src/ASF/sam/drivers/dacc/dacc.o
                0x0008016c                dacc_set_channel_selection
 .text.dacc_set_timing
                0x00080184       0x30 src/ASF/sam/drivers/dacc/dacc.o
                0x00080184                dacc_set_timing
 .text.dacc_enable_channel
                0x000801b4       0x14 src/ASF/sam/drivers/dacc/dacc.o
                0x000801b4                dacc_enable_channel
 .text.tc_init  0x000801c8       0x1c src/ASF/sam/drivers/tc/tc.o
                0x000801c8                tc_init
 .text.tc_set_block_mode
                0x000801e4        0x8 src/ASF/sam/drivers/tc/tc.o
                0x000801e4                tc_set_block_mode
 .text.tc_start
                0x000801ec        0x8 src/ASF/sam/drivers/tc/tc.o
                0x000801ec                tc_start
 .text.tc_stop  0x000801f4        0x8 src/ASF/sam/drivers/tc/tc.o
                0x000801f4                tc_stop
 .text.tc_read_cv
                0x000801fc        0x8 src/ASF/sam/drivers/tc/tc.o
                0x000801fc                tc_read_cv
 .text.tc_write_rc
                0x00080204        0x8 src/ASF/sam/drivers/tc/tc.o
                0x00080204                tc_write_rc
 .text.tc_enable_interrupt
                0x0008020c        0x8 src/ASF/sam/drivers/tc/tc.o
                0x0008020c                tc_enable_interrupt
 .text.tc_get_status
                0x00080214        0x8 src/ASF/sam/drivers/tc/tc.o
                0x00080214                tc_get_status
 .text.tc_find_mck_divisor
                0x0008021c       0x78 src/ASF/sam/drivers/tc/tc.o
                0x0008021c                tc_find_mck_divisor
 .text.trng_enable
                0x00080294        0xc src/ASF/sam/drivers/trng/trng.o
                0x00080294                trng_enable
 .text.trng_read_output_data
                0x000802a0        0x4 src/ASF/sam/drivers/trng/trng.o
                0x000802a0                trng_read_output_data
 .text.daccInit
                0x000802a4       0x54 src/DAC.o
                0x000802a4                daccInit
 .text.delayInit
                0x000802f8       0x3c src/DelayFunctions.o
                0x000802f8                delayInit
 .text.delayMicroseconds
                0x00080334       0x3c src/DelayFunctions.o
                0x00080334                delayMicroseconds
 .text.sysclk_init
                0x00080370       0x64 src/ASF/common/services/clock/sam3x/sysclk.o
                0x00080370                sysclk_init
 .text.board_init
                0x000803d4       0x70 src/ASF/sam/boards/arduino_due_x/init.o
                0x000803d4                board_init
 .text.pio_set_peripheral
                0x00080444       0x40 src/ASF/sam/drivers/pio/pio.o
                0x00080444                pio_set_peripheral
 .text.pio_set_input
                0x00080484       0x34 src/ASF/sam/drivers/pio/pio.o
                0x00080484                pio_set_input
 .text.pio_set_output
                0x000804b8       0x28 src/ASF/sam/drivers/pio/pio.o
                0x000804b8                pio_set_output
 .text.pio_get_interrupt_status
                0x000804e0        0x4 src/ASF/sam/drivers/pio/pio.o
                0x000804e0                pio_get_interrupt_status
 .text.pio_get_interrupt_mask
                0x000804e4        0x4 src/ASF/sam/drivers/pio/pio.o
                0x000804e4                pio_get_interrupt_mask
 .text.pio_configure_pin
                0x000804e8       0xd4 src/ASF/sam/drivers/pio/pio.o
                0x000804e8                pio_configure_pin
 .text.pio_configure_pin_group
                0x000805bc       0xa0 src/ASF/sam/drivers/pio/pio.o
                0x000805bc                pio_configure_pin_group
 .text.pio_handler_process
                0x0008065c       0x58 src/ASF/sam/drivers/pio/pio_handler.o
                0x0008065c                pio_handler_process
 .text.PIOA_Handler
                0x000806b4       0x14 src/ASF/sam/drivers/pio/pio_handler.o
                0x000806b4                PIOA_Handler
 .text.PIOB_Handler
                0x000806c8       0x14 src/ASF/sam/drivers/pio/pio_handler.o
                0x000806c8                PIOB_Handler
 .text.PIOC_Handler
                0x000806dc       0x14 src/ASF/sam/drivers/pio/pio_handler.o
                0x000806dc                PIOC_Handler
 .text.PIOD_Handler
                0x000806f0       0x14 src/ASF/sam/drivers/pio/pio_handler.o
                0x000806f0                PIOD_Handler
 .text.pmc_switch_mck_to_pllack
                0x00080704       0x64 src/ASF/sam/drivers/pmc/pmc.o
                0x00080704                pmc_switch_mck_to_pllack
 .text.pmc_switch_mainck_to_xtal
                0x00080768       0x54 src/ASF/sam/drivers/pmc/pmc.o
                0x00080768                pmc_switch_mainck_to_xtal
 .text.pmc_osc_is_ready_mainck
                0x000807bc       0x10 src/ASF/sam/drivers/pmc/pmc.o
                0x000807bc                pmc_osc_is_ready_mainck
 .text.pmc_disable_pllack
                0x000807cc       0x10 src/ASF/sam/drivers/pmc/pmc.o
                0x000807cc                pmc_disable_pllack
 .text.pmc_is_locked_pllack
                0x000807dc       0x10 src/ASF/sam/drivers/pmc/pmc.o
                0x000807dc                pmc_is_locked_pllack
 .text.pmc_enable_periph_clk
                0x000807ec       0x58 src/ASF/sam/drivers/pmc/pmc.o
                0x000807ec                pmc_enable_periph_clk
 .text.Dummy_Handler
                0x00080844        0x4 src/ASF/sam/utils/cmsis/sam3x/source/templates/exceptions.o
                0x00080844                DACC_Handler
                0x00080844                DebugMon_Handler
                0x00080844                DMAC_Handler
                0x00080844                TRNG_Handler
                0x00080844                HardFault_Handler
                0x00080844                TC2_Handler
                0x00080844                SysTick_Handler
                0x00080844                USART3_Handler
                0x00080844                TWI1_Handler
                0x00080844                PendSV_Handler
                0x00080844                NMI_Handler
                0x00080844                TC7_Handler
                0x00080844                ADC_Handler
                0x00080844                SMC_Handler
                0x00080844                USART0_Handler
                0x00080844                RTT_Handler
                0x00080844                EFC1_Handler
                0x00080844                RTC_Handler
                0x00080844                UsageFault_Handler
                0x00080844                TC6_Handler
                0x00080844                WDT_Handler
                0x00080844                CAN0_Handler
                0x00080844                TC4_Handler
                0x00080844                TC1_Handler
                0x00080844                HSMCI_Handler
                0x00080844                TC3_Handler
                0x00080844                Dummy_Handler
                0x00080844                TWI0_Handler
                0x00080844                USART1_Handler
                0x00080844                SSC_Handler
                0x00080844                EFC0_Handler
                0x00080844                PMC_Handler
                0x00080844                PWM_Handler
                0x00080844                CAN1_Handler
                0x00080844                MemManage_Handler
                0x00080844                SUPC_Handler
                0x00080844                SVC_Handler
                0x00080844                TC8_Handler
                0x00080844                USART2_Handler
                0x00080844                EMAC_Handler
                0x00080844                UART_Handler
                0x00080844                BusFault_Handler
                0x00080844                RSTC_Handler
                0x00080844                TC0_Handler
                0x00080844                UOTGHS_Handler
                0x00080844                SPI0_Handler
 .text.Reset_Handler
                0x00080848       0xb0 src/ASF/sam/utils/cmsis/sam3x/source/templates/gcc/startup_sam3x.o
                0x00080848                Reset_Handler
 .text.SystemCoreClockUpdate
                0x000808f8      0x11c src/ASF/sam/utils/cmsis/sam3x/source/templates/system_sam3x.o
                0x000808f8                SystemCoreClockUpdate
 .text.pinMode  0x00080a14       0x28 src/digitalIO.o
                0x00080a14                pinMode
 .text.digitalWrite
                0x00080a3c       0x44 src/digitalIO.o
                0x00080a3c                digitalWrite
 .text.TC5_Handler
                0x00080a80       0xb4 src/ISR.o
                0x00080a80                TC5_Handler
 .text.configure_tc
                0x00080b34       0x84 src/ISR.o
                0x00080b34                configure_tc
 .text.main     0x00080bb8       0x64 src/main.o
                0x00080bb8                main
 .text.__libc_init_array
                0x00080c1c       0x50 c:/program files (x86)/atmel/atmel toolchain/arm gcc/native/4.8.1437/arm-gnu-toolchain/bin/../lib/gcc/arm-none-eabi/4.8.4/../../../../arm-none-eabi/lib/armv7-m\libc.a(lib_a-init.o)
                0x00080c1c                __libc_init_array
 .text.startup.register_fini
                0x00080c6c       0x14 c:/program files (x86)/atmel/atmel toolchain/arm gcc/native/4.8.1437/arm-gnu-toolchain/bin/../lib/gcc/arm-none-eabi/4.8.4/../../../../arm-none-eabi/lib/armv7-m\libc.a(lib_a-__call_atexit.o)
 .text.atexit   0x00080c80        0xc c:/program files (x86)/atmel/atmel toolchain/arm gcc/native/4.8.1437/arm-gnu-toolchain/bin/../lib/gcc/arm-none-eabi/4.8.4/../../../../arm-none-eabi/lib/armv7-m\libc.a(lib_a-atexit.o)
                0x00080c80                atexit
 .text.__libc_fini_array
                0x00080c8c       0x30 c:/program files (x86)/atmel/atmel toolchain/arm gcc/native/4.8.1437/arm-gnu-toolchain/bin/../lib/gcc/arm-none-eabi/4.8.4/../../../../arm-none-eabi/lib/armv7-m\libc.a(lib_a-fini.o)
                0x00080c8c                __libc_fini_array
 .text.__register_exitproc
                0x00080cbc       0xa8 c:/program files (x86)/atmel/atmel toolchain/arm gcc/native/4.8.1437/arm-gnu-toolchain/bin/../lib/gcc/arm-none-eabi/4.8.4/../../../../arm-none-eabi/lib/armv7-m\libc.a(lib_a-__atexit.o)
                0x00080cbc                __register_exitproc
 *(.glue_7t)
 .glue_7t       0x00000000        0x0 linker stubs
 *(.glue_7)
 .glue_7        0x00000000        0x0 linker stubs
 *(.rodata .rodata* .gnu.linkonce.r.*)
 .rodata.str1.4
                0x00080d64        0x4 c:/program files (x86)/atmel/atmel toolchain/arm gcc/native/4.8.1437/arm-gnu-toolchain/bin/../lib/gcc/arm-none-eabi/4.8.4/../../../../arm-none-eabi/lib/armv7-m\libc.a(lib_a-impure.o)
 .rodata._global_impure_ptr
                0x00080d68        0x4 c:/program files (x86)/atmel/atmel toolchain/arm gcc/native/4.8.1437/arm-gnu-toolchain/bin/../lib/gcc/arm-none-eabi/4.8.4/../../../../arm-none-eabi/lib/armv7-m\libc.a(lib_a-impure.o)
                0x00080d68                _global_impure_ptr
 *(.ARM.extab* .gnu.linkonce.armextab.*)
                0x00080d6c                . = ALIGN (0x4)
 *(.init)
 .init          0x00080d6c        0x4 c:/program files (x86)/atmel/atmel toolchain/arm gcc/native/4.8.1437/arm-gnu-toolchain/bin/../lib/gcc/arm-none-eabi/4.8.4/armv7-m/crti.o
                0x00080d6c                _init
 .init          0x00080d70        0x8 c:/program files (x86)/atmel/atmel toolchain/arm gcc/native/4.8.1437/arm-gnu-toolchain/bin/../lib/gcc/arm-none-eabi/4.8.4/armv7-m/crtn.o
                0x00080d78                . = ALIGN (0x4)
                0x00080d78                __preinit_array_start = .
 *(.preinit_array)
                0x00080d78                __preinit_array_end = .
                0x00080d78                . = ALIGN (0x4)
                0x00080d78                __init_array_start = .
 *(SORT(.init_array.*))
 .init_array.00000
                0x00080d78        0x4 c:/program files (x86)/atmel/atmel toolchain/arm gcc/native/4.8.1437/arm-gnu-toolchain/bin/../lib/gcc/arm-none-eabi/4.8.4/../../../../arm-none-eabi/lib/armv7-m\libc.a(lib_a-__call_atexit.o)
 *(.init_array)
 .init_array    0x00080d7c        0x4 c:/program files (x86)/atmel/atmel toolchain/arm gcc/native/4.8.1437/arm-gnu-toolchain/bin/../lib/gcc/arm-none-eabi/4.8.4/armv7-m/crtbegin.o
                0x00080d80                __init_array_end = .
                0x00080d80                . = ALIGN (0x4)
 *crtbegin.o(.ctors)
 *(EXCLUDE_FILE(*crtend.o) .ctors)
 *(SORT(.ctors.*))
 *crtend.o(.ctors)
                0x00080d80                . = ALIGN (0x4)
 *(.fini)
 .fini          0x00080d80        0x4 c:/program files (x86)/atmel/atmel toolchain/arm gcc/native/4.8.1437/arm-gnu-toolchain/bin/../lib/gcc/arm-none-eabi/4.8.4/armv7-m/crti.o
                0x00080d80                _fini
 .fini          0x00080d84        0x8 c:/program files (x86)/atmel/atmel toolchain/arm gcc/native/4.8.1437/arm-gnu-toolchain/bin/../lib/gcc/arm-none-eabi/4.8.4/armv7-m/crtn.o
                0x00080d8c                . = ALIGN (0x4)
                0x00080d8c                __fini_array_start = .
 *(.fini_array)
 .fini_array    0x00080d8c        0x4 c:/program files (x86)/atmel/atmel toolchain/arm gcc/native/4.8.1437/arm-gnu-toolchain/bin/../lib/gcc/arm-none-eabi/4.8.4/armv7-m/crtbegin.o
 *(SORT(.fini_array.*))
                0x00080d90                __fini_array_end = .
 *crtbegin.o(.dtors)
 *(EXCLUDE_FILE(*crtend.o) .dtors)
 *(SORT(.dtors.*))
 *crtend.o(.dtors)
                0x00080d90                . = ALIGN (0x4)
                0x00080d90                _efixed = .
                0x00080d90                PROVIDE (__exidx_start, .)

.vfp11_veneer   0x00080d90        0x0
 .vfp11_veneer  0x00000000        0x0 linker stubs

.v4_bx          0x00080d90        0x0
 .v4_bx         0x00000000        0x0 linker stubs

.iplt           0x00080d90        0x0
 .iplt          0x00000000        0x0 c:/program files (x86)/atmel/atmel toolchain/arm gcc/native/4.8.1437/arm-gnu-toolchain/bin/../lib/gcc/arm-none-eabi/4.8.4/armv7-m/crtbegin.o

.eh_frame       0x00080d90        0x0
 .eh_frame      0x00080d90        0x0 c:/program files (x86)/atmel/atmel toolchain/arm gcc/native/4.8.1437/arm-gnu-toolchain/bin/../lib/gcc/arm-none-eabi/4.8.4/armv7-m/crtbegin.o

.rel.dyn        0x00080d90        0x0
 .rel.iplt      0x00000000        0x0 c:/program files (x86)/atmel/atmel toolchain/arm gcc/native/4.8.1437/arm-gnu-toolchain/bin/../lib/gcc/arm-none-eabi/4.8.4/armv7-m/crtbegin.o

.jcr            0x00080d90        0x0
 .jcr           0x00080d90        0x0 c:/program files (x86)/atmel/atmel toolchain/arm gcc/native/4.8.1437/arm-gnu-toolchain/bin/../lib/gcc/arm-none-eabi/4.8.4/armv7-m/crtbegin.o

.igot.plt       0x00080d90        0x0
 .igot.plt      0x00000000        0x0 c:/program files (x86)/atmel/atmel toolchain/arm gcc/native/4.8.1437/arm-gnu-toolchain/bin/../lib/gcc/arm-none-eabi/4.8.4/armv7-m/crtbegin.o

.ARM.exidx
 *(.ARM.exidx* .gnu.linkonce.armexidx.*)
                0x00080d90                PROVIDE (__exidx_end, .)
                0x00080d90                . = ALIGN (0x4)
                0x00080d90                _etext = .

.relocate       0x20070000      0x5a0 load address 0x00080d90
                0x20070000                . = ALIGN (0x4)
                0x20070000                _srelocate = .
 *(.ramfunc .ramfunc.*)
 .ramfunc       0x20070000      0x12c src/ASF/sam/utils/cmsis/sam3x/source/templates/system_sam3x.o
                0x20070000                SystemInit
                0x200700a4                system_init_flash
 *(.data .data.*)
 .data.SystemCoreClock
                0x2007012c        0x4 src/ASF/sam/utils/cmsis/sam3x/source/templates/system_sam3x.o
                0x2007012c                SystemCoreClock
 .data.freq     0x20070130        0x4 src/ISR.o
                0x20070130                freq
 .data.daccOutput
                0x20070134       0x40 src/ISR.o
                0x20070134                daccOutput
 *fill*         0x20070174        0x4 
 .data.impure_data
                0x20070178      0x428 c:/program files (x86)/atmel/atmel toolchain/arm gcc/native/4.8.1437/arm-gnu-toolchain/bin/../lib/gcc/arm-none-eabi/4.8.4/../../../../arm-none-eabi/lib/armv7-m\libc.a(lib_a-impure.o)
                0x200705a0                . = ALIGN (0x4)
                0x200705a0                _erelocate = .

.bss            0x200705a0       0x9c load address 0x00081330
                0x200705a0                . = ALIGN (0x4)
                0x200705a0                _sbss = .
                0x200705a0                _szero = .
 *(.bss .bss.*)
 .bss           0x200705a0       0x1c c:/program files (x86)/atmel/atmel toolchain/arm gcc/native/4.8.1437/arm-gnu-toolchain/bin/../lib/gcc/arm-none-eabi/4.8.4/armv7-m/crtbegin.o
 .bss.gs_interrupt_sources
                0x200705bc       0x70 src/ASF/sam/drivers/pio/pio_handler.o
 *(COMMON)
 COMMON         0x2007062c       0x10 src/ISR.o
                0x2007062c                counter
                0x20070630                result
                0x20070634                randomNumber
                0x20070638                value
                0x2007063c                . = ALIGN (0x4)
                0x2007063c                _ebss = .
                0x2007063c                _ezero = .

.stack          0x2007063c     0x2004 load address 0x000813cc
                0x20070640                . = ALIGN (0x8)
 *fill*         0x2007063c        0x4 
                0x20070640                _sstack = .
                0x20072640                . = (. + __stack_size__)
 *fill*         0x20070640     0x2000 
                0x20072640                . = ALIGN (0x8)
                0x20072640                _estack = .
                0x20072640                . = ALIGN (0x4)
                0x20072640                _end = .
OUTPUT(ProjectISR.elf elf32-littlearm)

.ARM.attributes
                0x00000000       0x29
 .ARM.attributes
                0x00000000       0x1d c:/program files (x86)/atmel/atmel toolchain/arm gcc/native/4.8.1437/arm-gnu-toolchain/bin/../lib/gcc/arm-none-eabi/4.8.4/armv7-m/crti.o
 .ARM.attributes
                0x0000001d       0x2d c:/program files (x86)/atmel/atmel toolchain/arm gcc/native/4.8.1437/arm-gnu-toolchain/bin/../lib/gcc/arm-none-eabi/4.8.4/armv7-m/crtbegin.o
 .ARM.attributes
                0x0000004a       0x33 src/ASF/sam/drivers/dacc/dacc.o
 .ARM.attributes
                0x0000007d       0x33 src/ASF/sam/drivers/tc/tc.o
 .ARM.attributes
                0x000000b0       0x33 src/ASF/sam/drivers/trng/trng.o
 .ARM.attributes
                0x000000e3       0x33 src/DAC.o
 .ARM.attributes
                0x00000116       0x33 src/DelayFunctions.o
 .ARM.attributes
                0x00000149       0x33 src/ASF/common/services/clock/sam3x/sysclk.o
 .ARM.attributes
                0x0000017c       0x33 src/ASF/sam/boards/arduino_due_x/init.o
 .ARM.attributes
                0x000001af       0x33 src/ASF/sam/drivers/pio/pio.o
 .ARM.attributes
                0x000001e2       0x33 src/ASF/sam/drivers/pio/pio_handler.o
 .ARM.attributes
                0x00000215       0x33 src/ASF/sam/drivers/pmc/pmc.o
 .ARM.attributes
                0x00000248       0x33 src/ASF/sam/utils/cmsis/sam3x/source/templates/exceptions.o
 .ARM.attributes
                0x0000027b       0x33 src/ASF/sam/utils/cmsis/sam3x/source/templates/gcc/startup_sam3x.o
 .ARM.attributes
                0x000002ae       0x33 src/ASF/sam/utils/cmsis/sam3x/source/templates/system_sam3x.o
 .ARM.attributes
                0x000002e1       0x33 src/digitalIO.o
 .ARM.attributes
                0x00000314       0x33 src/ISR.o
 .ARM.attributes
                0x00000347       0x33 src/main.o
 .ARM.attributes
                0x0000037a       0x2d c:/program files (x86)/atmel/atmel toolchain/arm gcc/native/4.8.1437/arm-gnu-toolchain/bin/../lib/gcc/arm-none-eabi/4.8.4/../../../../arm-none-eabi/lib/armv7-m\libc.a(lib_a-impure.o)
 .ARM.attributes
                0x000003a7       0x2d c:/program files (x86)/atmel/atmel toolchain/arm gcc/native/4.8.1437/arm-gnu-toolchain/bin/../lib/gcc/arm-none-eabi/4.8.4/../../../../arm-none-eabi/lib/armv7-m\libc.a(lib_a-init.o)
 .ARM.attributes
                0x000003d4       0x2d c:/program files (x86)/atmel/atmel toolchain/arm gcc/native/4.8.1437/arm-gnu-toolchain/bin/../lib/gcc/arm-none-eabi/4.8.4/../../../../arm-none-eabi/lib/armv7-m\libc.a(lib_a-__call_atexit.o)
 .ARM.attributes
                0x00000401       0x2d c:/program files (x86)/atmel/atmel toolchain/arm gcc/native/4.8.1437/arm-gnu-toolchain/bin/../lib/gcc/arm-none-eabi/4.8.4/../../../../arm-none-eabi/lib/armv7-m\libc.a(lib_a-atexit.o)
 .ARM.attributes
                0x0000042e       0x2d c:/program files (x86)/atmel/atmel toolchain/arm gcc/native/4.8.1437/arm-gnu-toolchain/bin/../lib/gcc/arm-none-eabi/4.8.4/../../../../arm-none-eabi/lib/armv7-m\libc.a(lib_a-fini.o)
 .ARM.attributes
                0x0000045b       0x2d c:/program files (x86)/atmel/atmel toolchain/arm gcc/native/4.8.1437/arm-gnu-toolchain/bin/../lib/gcc/arm-none-eabi/4.8.4/../../../../arm-none-eabi/lib/armv7-m\libc.a(lib_a-__atexit.o)
 .ARM.attributes
                0x00000488       0x1d c:/program files (x86)/atmel/atmel toolchain/arm gcc/native/4.8.1437/arm-gnu-toolchain/bin/../lib/gcc/arm-none-eabi/4.8.4/armv7-m/crtn.o

.comment        0x00000000       0x5b
 .comment       0x00000000       0x5b src/ASF/sam/drivers/dacc/dacc.o
                                 0x5c (size before relaxing)
 .comment       0x00000000       0x5c src/ASF/sam/drivers/tc/tc.o
 .comment       0x00000000       0x5c src/ASF/sam/drivers/trng/trng.o
 .comment       0x00000000       0x5c src/DAC.o
 .comment       0x00000000       0x5c src/DelayFunctions.o
 .comment       0x00000000       0x5c src/ASF/common/services/clock/sam3x/sysclk.o
 .comment       0x00000000       0x5c src/ASF/sam/boards/arduino_due_x/init.o
 .comment       0x00000000       0x5c src/ASF/sam/drivers/pio/pio.o
 .comment       0x00000000       0x5c src/ASF/sam/drivers/pio/pio_handler.o
 .comment       0x00000000       0x5c src/ASF/sam/drivers/pmc/pmc.o
 .comment       0x00000000       0x5c src/ASF/sam/utils/cmsis/sam3x/source/templates/exceptions.o
 .comment       0x00000000       0x5c src/ASF/sam/utils/cmsis/sam3x/source/templates/gcc/startup_sam3x.o
 .comment       0x00000000       0x5c src/ASF/sam/utils/cmsis/sam3x/source/templates/system_sam3x.o
 .comment       0x00000000       0x5c src/digitalIO.o
 .comment       0x00000000       0x5c src/ISR.o
 .comment       0x00000000       0x5c src/main.o

.debug_info     0x00000000     0x79c9
 .debug_info    0x00000000      0x8ac src/ASF/sam/drivers/dacc/dacc.o
 .debug_info    0x000008ac      0x94d src/ASF/sam/drivers/tc/tc.o
 .debug_info    0x000011f9      0x310 src/ASF/sam/drivers/trng/trng.o
 .debug_info    0x00001509      0x3f0 src/DAC.o
 .debug_info    0x000018f9      0x3dd src/DelayFunctions.o
 .debug_info    0x00001cd6      0x796 src/ASF/common/services/clock/sam3x/sysclk.o
 .debug_info    0x0000246c      0x726 src/ASF/sam/boards/arduino_due_x/init.o
 .debug_info    0x00002b92     0x1383 src/ASF/sam/drivers/pio/pio.o
 .debug_info    0x00003f15      0xe52 src/ASF/sam/drivers/pio/pio_handler.o
 .debug_info    0x00004d67     0x107e src/ASF/sam/drivers/pmc/pmc.o
 .debug_info    0x00005de5      0x124 src/ASF/sam/utils/cmsis/sam3x/source/templates/exceptions.o
 .debug_info    0x00005f09      0x3bd src/ASF/sam/utils/cmsis/sam3x/source/templates/gcc/startup_sam3x.o
 .debug_info    0x000062c6      0x4c6 src/ASF/sam/utils/cmsis/sam3x/source/templates/system_sam3x.o
 .debug_info    0x0000678c      0x586 src/digitalIO.o
 .debug_info    0x00006d12      0xae3 src/ISR.o
 .debug_info    0x000077f5      0x1d4 src/main.o

.debug_abbrev   0x00000000     0x1837
 .debug_abbrev  0x00000000      0x1c6 src/ASF/sam/drivers/dacc/dacc.o
 .debug_abbrev  0x000001c6      0x1bb src/ASF/sam/drivers/tc/tc.o
 .debug_abbrev  0x00000381      0x106 src/ASF/sam/drivers/trng/trng.o
 .debug_abbrev  0x00000487      0x102 src/DAC.o
 .debug_abbrev  0x00000589       0xff src/DelayFunctions.o
 .debug_abbrev  0x00000688      0x227 src/ASF/common/services/clock/sam3x/sysclk.o
 .debug_abbrev  0x000008af      0x16d src/ASF/sam/boards/arduino_due_x/init.o
 .debug_abbrev  0x00000a1c      0x2d5 src/ASF/sam/drivers/pio/pio.o
 .debug_abbrev  0x00000cf1      0x257 src/ASF/sam/drivers/pio/pio_handler.o
 .debug_abbrev  0x00000f48      0x268 src/ASF/sam/drivers/pmc/pmc.o
 .debug_abbrev  0x000011b0       0x8c src/ASF/sam/utils/cmsis/sam3x/source/templates/exceptions.o
 .debug_abbrev  0x0000123c      0x118 src/ASF/sam/utils/cmsis/sam3x/source/templates/gcc/startup_sam3x.o
 .debug_abbrev  0x00001354      0x115 src/ASF/sam/utils/cmsis/sam3x/source/templates/system_sam3x.o
 .debug_abbrev  0x00001469       0xf5 src/digitalIO.o
 .debug_abbrev  0x0000155e      0x1fc src/ISR.o
 .debug_abbrev  0x0000175a       0xdd src/main.o

.debug_loc      0x00000000     0x28a6
 .debug_loc     0x00000000      0x3a7 src/ASF/sam/drivers/dacc/dacc.o
 .debug_loc     0x000003a7      0x57a src/ASF/sam/drivers/tc/tc.o
 .debug_loc     0x00000921       0x63 src/ASF/sam/drivers/trng/trng.o
 .debug_loc     0x00000984       0x3f src/DAC.o
 .debug_loc     0x000009c3       0x6c src/DelayFunctions.o
 .debug_loc     0x00000a2f      0x12d src/ASF/common/services/clock/sam3x/sysclk.o
 .debug_loc     0x00000b5c       0x20 src/ASF/sam/boards/arduino_due_x/init.o
 .debug_loc     0x00000b7c      0xa62 src/ASF/sam/drivers/pio/pio.o
 .debug_loc     0x000015de      0x53d src/ASF/sam/drivers/pio/pio_handler.o
 .debug_loc     0x00001b1b      0xc95 src/ASF/sam/drivers/pmc/pmc.o
 .debug_loc     0x000027b0       0x7e src/ASF/sam/utils/cmsis/sam3x/source/templates/gcc/startup_sam3x.o
 .debug_loc     0x0000282e       0x58 src/ISR.o
 .debug_loc     0x00002886       0x20 src/main.o

.debug_aranges  0x00000000      0x708
 .debug_aranges
                0x00000000       0xc0 src/ASF/sam/drivers/dacc/dacc.o
 .debug_aranges
                0x000000c0       0xd0 src/ASF/sam/drivers/tc/tc.o
 .debug_aranges
                0x00000190       0x50 src/ASF/sam/drivers/trng/trng.o
 .debug_aranges
                0x000001e0       0x20 src/DAC.o
 .debug_aranges
                0x00000200       0x28 src/DelayFunctions.o
 .debug_aranges
                0x00000228       0x40 src/ASF/common/services/clock/sam3x/sysclk.o
 .debug_aranges
                0x00000268       0x20 src/ASF/sam/boards/arduino_due_x/init.o
 .debug_aranges
                0x00000288      0x148 src/ASF/sam/drivers/pio/pio.o
 .debug_aranges
                0x000003d0       0x58 src/ASF/sam/drivers/pio/pio_handler.o
 .debug_aranges
                0x00000428      0x200 src/ASF/sam/drivers/pmc/pmc.o
 .debug_aranges
                0x00000628       0x20 src/ASF/sam/utils/cmsis/sam3x/source/templates/exceptions.o
 .debug_aranges
                0x00000648       0x20 src/ASF/sam/utils/cmsis/sam3x/source/templates/gcc/startup_sam3x.o
 .debug_aranges
                0x00000668       0x30 src/ASF/sam/utils/cmsis/sam3x/source/templates/system_sam3x.o
 .debug_aranges
                0x00000698       0x28 src/digitalIO.o
 .debug_aranges
                0x000006c0       0x28 src/ISR.o
 .debug_aranges
                0x000006e8       0x20 src/main.o

.debug_ranges   0x00000000      0x608
 .debug_ranges  0x00000000       0xb0 src/ASF/sam/drivers/dacc/dacc.o
 .debug_ranges  0x000000b0       0xc0 src/ASF/sam/drivers/tc/tc.o
 .debug_ranges  0x00000170       0x40 src/ASF/sam/drivers/trng/trng.o
 .debug_ranges  0x000001b0       0x10 src/DAC.o
 .debug_ranges  0x000001c0       0x18 src/DelayFunctions.o
 .debug_ranges  0x000001d8       0x30 src/ASF/common/services/clock/sam3x/sysclk.o
 .debug_ranges  0x00000208       0x10 src/ASF/sam/boards/arduino_due_x/init.o
 .debug_ranges  0x00000218      0x138 src/ASF/sam/drivers/pio/pio.o
 .debug_ranges  0x00000350       0x48 src/ASF/sam/drivers/pio/pio_handler.o
 .debug_ranges  0x00000398      0x1f0 src/ASF/sam/drivers/pmc/pmc.o
 .debug_ranges  0x00000588       0x10 src/ASF/sam/utils/cmsis/sam3x/source/templates/exceptions.o
 .debug_ranges  0x00000598       0x10 src/ASF/sam/utils/cmsis/sam3x/source/templates/gcc/startup_sam3x.o
 .debug_ranges  0x000005a8       0x20 src/ASF/sam/utils/cmsis/sam3x/source/templates/system_sam3x.o
 .debug_ranges  0x000005c8       0x18 src/digitalIO.o
 .debug_ranges  0x000005e0       0x18 src/ISR.o
 .debug_ranges  0x000005f8       0x10 src/main.o

.debug_macro    0x00000000    0x1758b
 .debug_macro   0x00000000      0x4c2 src/ASF/sam/drivers/dacc/dacc.o
 .debug_macro   0x000004c2      0x874 src/ASF/sam/drivers/dacc/dacc.o
 .debug_macro   0x00000d36      0x166 src/ASF/sam/drivers/dacc/dacc.o
 .debug_macro   0x00000e9c      0x4b5 src/ASF/sam/drivers/dacc/dacc.o
 .debug_macro   0x00001351       0x76 src/ASF/sam/drivers/dacc/dacc.o
 .debug_macro   0x000013c7       0x16 src/ASF/sam/drivers/dacc/dacc.o
 .debug_macro   0x000013dd      0x6e1 src/ASF/sam/drivers/dacc/dacc.o
 .debug_macro   0x00001abe       0x16 src/ASF/sam/drivers/dacc/dacc.o
 .debug_macro   0x00001ad4       0x44 src/ASF/sam/drivers/dacc/dacc.o
 .debug_macro   0x00001b18      0x209 src/ASF/sam/drivers/dacc/dacc.o
 .debug_macro   0x00001d21       0x20 src/ASF/sam/drivers/dacc/dacc.o
 .debug_macro   0x00001d41       0x3a src/ASF/sam/drivers/dacc/dacc.o
 .debug_macro   0x00001d7b       0x18 src/ASF/sam/drivers/dacc/dacc.o
 .debug_macro   0x00001d93      0xb08 src/ASF/sam/drivers/dacc/dacc.o
 .debug_macro   0x0000289b      0xab3 src/ASF/sam/drivers/dacc/dacc.o
 .debug_macro   0x0000334e      0x566 src/ASF/sam/drivers/dacc/dacc.o
 .debug_macro   0x000038b4      0x2b2 src/ASF/sam/drivers/dacc/dacc.o
 .debug_macro   0x00003b66      0x317 src/ASF/sam/drivers/dacc/dacc.o
 .debug_macro   0x00003e7d      0x74c src/ASF/sam/drivers/dacc/dacc.o
 .debug_macro   0x000045c9       0x82 src/ASF/sam/drivers/dacc/dacc.o
 .debug_macro   0x0000464b      0x578 src/ASF/sam/drivers/dacc/dacc.o
 .debug_macro   0x00004bc3       0x1c src/ASF/sam/drivers/dacc/dacc.o
 .debug_macro   0x00004bdf      0x6b5 src/ASF/sam/drivers/dacc/dacc.o
 .debug_macro   0x00005294      0x52a src/ASF/sam/drivers/dacc/dacc.o
 .debug_macro   0x000057be       0xbe src/ASF/sam/drivers/dacc/dacc.o
 .debug_macro   0x0000587c     0x233f src/ASF/sam/drivers/dacc/dacc.o
 .debug_macro   0x00007bbb      0x85a src/ASF/sam/drivers/dacc/dacc.o
 .debug_macro   0x00008415      0xdc6 src/ASF/sam/drivers/dacc/dacc.o
 .debug_macro   0x000091db       0x7c src/ASF/sam/drivers/dacc/dacc.o
 .debug_macro   0x00009257      0x261 src/ASF/sam/drivers/dacc/dacc.o
 .debug_macro   0x000094b8       0x58 src/ASF/sam/drivers/dacc/dacc.o
 .debug_macro   0x00009510      0x9a5 src/ASF/sam/drivers/dacc/dacc.o
 .debug_macro   0x00009eb5      0x246 src/ASF/sam/drivers/dacc/dacc.o
 .debug_macro   0x0000a0fb      0x4dc src/ASF/sam/drivers/dacc/dacc.o
 .debug_macro   0x0000a5d7      0x6b0 src/ASF/sam/drivers/dacc/dacc.o
 .debug_macro   0x0000ac87      0x59c src/ASF/sam/drivers/dacc/dacc.o
 .debug_macro   0x0000b223       0x46 src/ASF/sam/drivers/dacc/dacc.o
 .debug_macro   0x0000b269      0x34a src/ASF/sam/drivers/dacc/dacc.o
 .debug_macro   0x0000b5b3      0x289 src/ASF/sam/drivers/dacc/dacc.o
 .debug_macro   0x0000b83c     0x14d7 src/ASF/sam/drivers/dacc/dacc.o
 .debug_macro   0x0000cd13      0x7b7 src/ASF/sam/drivers/dacc/dacc.o
 .debug_macro   0x0000d4ca       0x76 src/ASF/sam/drivers/dacc/dacc.o
 .debug_macro   0x0000d540       0x82 src/ASF/sam/drivers/dacc/dacc.o
 .debug_macro   0x0000d5c2       0x76 src/ASF/sam/drivers/dacc/dacc.o
 .debug_macro   0x0000d638       0x4c src/ASF/sam/drivers/dacc/dacc.o
 .debug_macro   0x0000d684      0x102 src/ASF/sam/drivers/dacc/dacc.o
 .debug_macro   0x0000d786      0x102 src/ASF/sam/drivers/dacc/dacc.o
 .debug_macro   0x0000d888      0x102 src/ASF/sam/drivers/dacc/dacc.o
 .debug_macro   0x0000d98a       0x88 src/ASF/sam/drivers/dacc/dacc.o
 .debug_macro   0x0000da12       0x88 src/ASF/sam/drivers/dacc/dacc.o
 .debug_macro   0x0000da9a      0x3b4 src/ASF/sam/drivers/dacc/dacc.o
 .debug_macro   0x0000de4e       0xb8 src/ASF/sam/drivers/dacc/dacc.o
 .debug_macro   0x0000df06       0xb8 src/ASF/sam/drivers/dacc/dacc.o
 .debug_macro   0x0000dfbe       0xb8 src/ASF/sam/drivers/dacc/dacc.o
 .debug_macro   0x0000e076       0xb8 src/ASF/sam/drivers/dacc/dacc.o
 .debug_macro   0x0000e12e      0x2b8 src/ASF/sam/drivers/dacc/dacc.o
 .debug_macro   0x0000e3e6      0x122 src/ASF/sam/drivers/dacc/dacc.o
 .debug_macro   0x0000e508      0x222 src/ASF/sam/drivers/dacc/dacc.o
 .debug_macro   0x0000e72a      0x222 src/ASF/sam/drivers/dacc/dacc.o
 .debug_macro   0x0000e94c       0x2e src/ASF/sam/drivers/dacc/dacc.o
 .debug_macro   0x0000e97a       0xac src/ASF/sam/drivers/dacc/dacc.o
 .debug_macro   0x0000ea26      0x14a src/ASF/sam/drivers/dacc/dacc.o
 .debug_macro   0x0000eb70       0x7c src/ASF/sam/drivers/dacc/dacc.o
 .debug_macro   0x0000ebec      0x202 src/ASF/sam/drivers/dacc/dacc.o
 .debug_macro   0x0000edee       0x64 src/ASF/sam/drivers/dacc/dacc.o
 .debug_macro   0x0000ee52       0xa6 src/ASF/sam/drivers/dacc/dacc.o
 .debug_macro   0x0000eef8       0x7c src/ASF/sam/drivers/dacc/dacc.o
 .debug_macro   0x0000ef74       0x16 src/ASF/sam/drivers/dacc/dacc.o
 .debug_macro   0x0000ef8a       0x22 src/ASF/sam/drivers/dacc/dacc.o
 .debug_macro   0x0000efac       0x22 src/ASF/sam/drivers/dacc/dacc.o
 .debug_macro   0x0000efce      0x112 src/ASF/sam/drivers/dacc/dacc.o
 .debug_macro   0x0000f0e0      0x112 src/ASF/sam/drivers/dacc/dacc.o
 .debug_macro   0x0000f1f2      0x112 src/ASF/sam/drivers/dacc/dacc.o
 .debug_macro   0x0000f304      0x112 src/ASF/sam/drivers/dacc/dacc.o
 .debug_macro   0x0000f416       0x1c src/ASF/sam/drivers/dacc/dacc.o
 .debug_macro   0x0000f432       0x2e src/ASF/sam/drivers/dacc/dacc.o
 .debug_macro   0x0000f460       0x22 src/ASF/sam/drivers/dacc/dacc.o
 .debug_macro   0x0000f482       0x1c src/ASF/sam/drivers/dacc/dacc.o
 .debug_macro   0x0000f49e       0x58 src/ASF/sam/drivers/dacc/dacc.o
 .debug_macro   0x0000f4f6       0x10 src/ASF/sam/drivers/dacc/dacc.o
 .debug_macro   0x0000f506      0x273 src/ASF/sam/drivers/dacc/dacc.o
 .debug_macro   0x0000f779      0xd40 src/ASF/sam/drivers/dacc/dacc.o
 .debug_macro   0x000104b9      0x131 src/ASF/sam/drivers/dacc/dacc.o
 .debug_macro   0x000105ea       0x58 src/ASF/sam/drivers/dacc/dacc.o
 .debug_macro   0x00010642       0x35 src/ASF/sam/drivers/dacc/dacc.o
 .debug_macro   0x00010677       0xa3 src/ASF/sam/drivers/dacc/dacc.o
 .debug_macro   0x0001071a       0x16 src/ASF/sam/drivers/dacc/dacc.o
 .debug_macro   0x00010730       0x35 src/ASF/sam/drivers/dacc/dacc.o
 .debug_macro   0x00010765       0x10 src/ASF/sam/drivers/dacc/dacc.o
 .debug_macro   0x00010775       0x52 src/ASF/sam/drivers/dacc/dacc.o
 .debug_macro   0x000107c7       0x16 src/ASF/sam/drivers/dacc/dacc.o
 .debug_macro   0x000107dd       0x43 src/ASF/sam/drivers/dacc/dacc.o
 .debug_macro   0x00010820      0x180 src/ASF/sam/drivers/dacc/dacc.o
 .debug_macro   0x000109a0       0x10 src/ASF/sam/drivers/dacc/dacc.o
 .debug_macro   0x000109b0       0x22 src/ASF/sam/drivers/dacc/dacc.o
 .debug_macro   0x000109d2       0xbd src/ASF/sam/drivers/dacc/dacc.o
 .debug_macro   0x00010a8f       0x16 src/ASF/sam/drivers/dacc/dacc.o
 .debug_macro   0x00010aa5      0x16c src/ASF/sam/drivers/dacc/dacc.o
 .debug_macro   0x00010c11       0x22 src/ASF/sam/drivers/dacc/dacc.o
 .debug_macro   0x00010c33       0x16 src/ASF/sam/drivers/dacc/dacc.o
 .debug_macro   0x00010c49       0x16 src/ASF/sam/drivers/dacc/dacc.o
 .debug_macro   0x00010c5f       0x29 src/ASF/sam/drivers/dacc/dacc.o
 .debug_macro   0x00010c88       0x6d src/ASF/sam/drivers/dacc/dacc.o
 .debug_macro   0x00010cf5       0x45 src/ASF/sam/drivers/dacc/dacc.o
 .debug_macro   0x00010d3a      0x3c3 src/ASF/sam/drivers/dacc/dacc.o
 .debug_macro   0x000110fd       0x10 src/ASF/sam/drivers/dacc/dacc.o
 .debug_macro   0x0001110d      0x4c2 src/ASF/sam/drivers/tc/tc.o
 .debug_macro   0x000115cf       0x16 src/ASF/sam/drivers/tc/tc.o
 .debug_macro   0x000115e5       0x4a src/ASF/sam/drivers/tc/tc.o
 .debug_macro   0x0001162f       0x1c src/ASF/sam/drivers/tc/tc.o
 .debug_macro   0x0001164b      0x4b7 src/ASF/sam/drivers/trng/trng.o
 .debug_macro   0x00011b02      0x5ac src/DAC.o
 .debug_macro   0x000120ae       0x16 src/DAC.o
 .debug_macro   0x000120c4       0x94 src/DAC.o
 .debug_macro   0x00012158       0x40 src/DAC.o
 .debug_macro   0x00012198      0x237 src/DAC.o
 .debug_macro   0x000123cf      0x78f src/DAC.o
 .debug_macro   0x00012b5e       0x34 src/DAC.o
 .debug_macro   0x00012b92       0x5e src/DAC.o
 .debug_macro   0x00012bf0       0x64 src/DAC.o
 .debug_macro   0x00012c54       0x5f src/DAC.o
 .debug_macro   0x00012cb3       0x90 src/DAC.o
 .debug_macro   0x00012d43       0x6a src/DAC.o
 .debug_macro   0x00012dad       0x34 src/DAC.o
 .debug_macro   0x00012de1       0x10 src/DAC.o
 .debug_macro   0x00012df1      0x5ac src/DelayFunctions.o
 .debug_macro   0x0001339d      0x527 src/ASF/common/services/clock/sam3x/sysclk.o
 .debug_macro   0x000138c4      0x231 src/ASF/common/services/clock/sam3x/sysclk.o
 .debug_macro   0x00013af5      0x566 src/ASF/sam/boards/arduino_due_x/init.o
 .debug_macro   0x0001405b       0x58 src/ASF/sam/boards/arduino_due_x/init.o
 .debug_macro   0x000140b3      0x4c2 src/ASF/sam/drivers/pio/pio.o
 .debug_macro   0x00014575       0x8e src/ASF/sam/drivers/pio/pio.o
 .debug_macro   0x00014603      0x4c6 src/ASF/sam/drivers/pio/pio_handler.o
 .debug_macro   0x00014ac9      0x4bc src/ASF/sam/drivers/pmc/pmc.o
 .debug_macro   0x00014f85       0x58 src/ASF/sam/drivers/pmc/pmc.o
 .debug_macro   0x00014fdd      0x4bb src/ASF/sam/utils/cmsis/sam3x/source/templates/exceptions.o
 .debug_macro   0x00015498      0x4c9 src/ASF/sam/utils/cmsis/sam3x/source/templates/gcc/startup_sam3x.o
 .debug_macro   0x00015961      0x4c9 src/ASF/sam/utils/cmsis/sam3x/source/templates/system_sam3x.o
 .debug_macro   0x00015e2a       0x26 src/ASF/sam/utils/cmsis/sam3x/source/templates/system_sam3x.o
 .debug_macro   0x00015e50      0x5c5 src/digitalIO.o
 .debug_macro   0x00016415       0x82 src/digitalIO.o
 .debug_macro   0x00016497      0x452 src/digitalIO.o
 .debug_macro   0x000168e9       0xf6 src/digitalIO.o
 .debug_macro   0x000169df      0x5cf src/ISR.o
 .debug_macro   0x00016fae       0x10 src/ISR.o
 .debug_macro   0x00016fbe      0x5cd src/main.o

.debug_line     0x00000000     0xcc27
 .debug_line    0x00000000      0xc43 src/ASF/sam/drivers/dacc/dacc.o
 .debug_line    0x00000c43      0xc7a src/ASF/sam/drivers/tc/tc.o
 .debug_line    0x000018bd      0xb2f src/ASF/sam/drivers/trng/trng.o
 .debug_line    0x000023ec      0xd73 src/DAC.o
 .debug_line    0x0000315f      0xd9f src/DelayFunctions.o
 .debug_line    0x00003efe      0xc48 src/ASF/common/services/clock/sam3x/sysclk.o
 .debug_line    0x00004b46      0xcda src/ASF/sam/boards/arduino_due_x/init.o
 .debug_line    0x00005820      0xe42 src/ASF/sam/drivers/pio/pio.o
 .debug_line    0x00006662      0xb8d src/ASF/sam/drivers/pio/pio_handler.o
 .debug_line    0x000071ef     0x1045 src/ASF/sam/drivers/pmc/pmc.o
 .debug_line    0x00008234      0xab5 src/ASF/sam/utils/cmsis/sam3x/source/templates/exceptions.o
 .debug_line    0x00008ce9      0xb05 src/ASF/sam/utils/cmsis/sam3x/source/templates/gcc/startup_sam3x.o
 .debug_line    0x000097ee      0xb22 src/ASF/sam/utils/cmsis/sam3x/source/templates/system_sam3x.o
 .debug_line    0x0000a310      0xda6 src/digitalIO.o
 .debug_line    0x0000b0b6      0xdb9 src/ISR.o
 .debug_line    0x0000be6f      0xdb8 src/main.o

.debug_str      0x00000000    0x5fac7
 .debug_str     0x00000000    0x58b40 src/ASF/sam/drivers/dacc/dacc.o
                              0x58e27 (size before relaxing)
 .debug_str     0x00058b40      0x3b0 src/ASF/sam/drivers/tc/tc.o
                              0x58d72 (size before relaxing)
 .debug_str     0x00058ef0      0x12e src/ASF/sam/drivers/trng/trng.o
                              0x58acd (size before relaxing)
 .debug_str     0x0005901e     0x4354 src/DAC.o
                              0x5cea3 (size before relaxing)
 .debug_str     0x0005d372       0x46 src/DelayFunctions.o
                              0x5ce81 (size before relaxing)
 .debug_str     0x0005d3b8      0x2f6 src/ASF/common/services/clock/sam3x/sysclk.o
                              0x5c76b (size before relaxing)
 .debug_str     0x0005d6ae      0x38f src/ASF/sam/boards/arduino_due_x/init.o
                              0x5d034 (size before relaxing)
 .debug_str     0x0005da3d      0x40e src/ASF/sam/drivers/pio/pio.o
                              0x5936e (size before relaxing)
 .debug_str     0x0005de4b      0x445 src/ASF/sam/drivers/pio/pio_handler.o
                              0x593b6 (size before relaxing)
 .debug_str     0x0005e290      0x686 src/ASF/sam/drivers/pmc/pmc.o
                              0x593e4 (size before relaxing)
 .debug_str     0x0005e916       0x4d src/ASF/sam/utils/cmsis/sam3x/source/templates/exceptions.o
                              0x589e3 (size before relaxing)
 .debug_str     0x0005e963       0xb2 src/ASF/sam/utils/cmsis/sam3x/source/templates/gcc/startup_sam3x.o
                              0x58ab8 (size before relaxing)
 .debug_str     0x0005ea15      0x1cd src/ASF/sam/utils/cmsis/sam3x/source/templates/system_sam3x.o
                              0x58ccb (size before relaxing)
 .debug_str     0x0005ebe2      0xe68 src/digitalIO.o
                              0x5ddfc (size before relaxing)
 .debug_str     0x0005fa4a       0x6a src/ISR.o
                              0x5e130 (size before relaxing)
 .debug_str     0x0005fab4       0x13 src/main.o
                              0x5cdd7 (size before relaxing)

.debug_frame    0x00000000      0xe70
 .debug_frame   0x00000000      0x168 src/ASF/sam/drivers/dacc/dacc.o
 .debug_frame   0x00000168      0x198 src/ASF/sam/drivers/tc/tc.o
 .debug_frame   0x00000300       0x80 src/ASF/sam/drivers/trng/trng.o
 .debug_frame   0x00000380       0x2c src/DAC.o
 .debug_frame   0x000003ac       0x48 src/DelayFunctions.o
 .debug_frame   0x000003f4       0x88 src/ASF/common/services/clock/sam3x/sysclk.o
 .debug_frame   0x0000047c       0x28 src/ASF/sam/boards/arduino_due_x/init.o
 .debug_frame   0x000004a4      0x2a8 src/ASF/sam/drivers/pio/pio.o
 .debug_frame   0x0000074c       0xf8 src/ASF/sam/drivers/pio/pio_handler.o
 .debug_frame   0x00000844      0x410 src/ASF/sam/drivers/pmc/pmc.o
 .debug_frame   0x00000c54       0x20 src/ASF/sam/utils/cmsis/sam3x/source/templates/exceptions.o
 .debug_frame   0x00000c74       0x28 src/ASF/sam/utils/cmsis/sam3x/source/templates/gcc/startup_sam3x.o
 .debug_frame   0x00000c9c       0x40 src/ASF/sam/utils/cmsis/sam3x/source/templates/system_sam3x.o
 .debug_frame   0x00000cdc       0x30 src/digitalIO.o
 .debug_frame   0x00000d0c       0x4c src/ISR.o
 .debug_frame   0x00000d58       0x28 src/main.o
 .debug_frame   0x00000d80       0x2c c:/program files (x86)/atmel/atmel toolchain/arm gcc/native/4.8.1437/arm-gnu-toolchain/bin/../lib/gcc/arm-none-eabi/4.8.4/../../../../arm-none-eabi/lib/armv7-m\libc.a(lib_a-init.o)
 .debug_frame   0x00000dac       0x48 c:/program files (x86)/atmel/atmel toolchain/arm gcc/native/4.8.1437/arm-gnu-toolchain/bin/../lib/gcc/arm-none-eabi/4.8.4/../../../../arm-none-eabi/lib/armv7-m\libc.a(lib_a-__call_atexit.o)
 .debug_frame   0x00000df4       0x20 c:/program files (x86)/atmel/atmel toolchain/arm gcc/native/4.8.1437/arm-gnu-toolchain/bin/../lib/gcc/arm-none-eabi/4.8.4/../../../../arm-none-eabi/lib/armv7-m\libc.a(lib_a-atexit.o)
 .debug_frame   0x00000e14       0x2c c:/program files (x86)/atmel/atmel toolchain/arm gcc/native/4.8.1437/arm-gnu-toolchain/bin/../lib/gcc/arm-none-eabi/4.8.4/../../../../arm-none-eabi/lib/armv7-m\libc.a(lib_a-fini.o)
 .debug_frame   0x00000e40       0x30 c:/program files (x86)/atmel/atmel toolchain/arm gcc/native/4.8.1437/arm-gnu-toolchain/bin/../lib/gcc/arm-none-eabi/4.8.4/../../../../arm-none-eabi/lib/armv7-m\libc.a(lib_a-__atexit.o)

Cross Reference Table

Symbol                                            File
ADC_Handler                                       src/ASF/sam/utils/cmsis/sam3x/source/templates/exceptions.o
                                                  src/ASF/sam/utils/cmsis/sam3x/source/templates/gcc/startup_sam3x.o
BusFault_Handler                                  src/ASF/sam/utils/cmsis/sam3x/source/templates/exceptions.o
                                                  src/ASF/sam/utils/cmsis/sam3x/source/templates/gcc/startup_sam3x.o
CAN0_Handler                                      src/ASF/sam/utils/cmsis/sam3x/source/templates/exceptions.o
                                                  src/ASF/sam/utils/cmsis/sam3x/source/templates/gcc/startup_sam3x.o
CAN1_Handler                                      src/ASF/sam/utils/cmsis/sam3x/source/templates/exceptions.o
                                                  src/ASF/sam/utils/cmsis/sam3x/source/templates/gcc/startup_sam3x.o
DACC_Handler                                      src/ASF/sam/utils/cmsis/sam3x/source/templates/exceptions.o
                                                  src/ASF/sam/utils/cmsis/sam3x/source/templates/gcc/startup_sam3x.o
DMAC_Handler                                      src/ASF/sam/utils/cmsis/sam3x/source/templates/exceptions.o
                                                  src/ASF/sam/utils/cmsis/sam3x/source/templates/gcc/startup_sam3x.o
DebugMon_Handler                                  src/ASF/sam/utils/cmsis/sam3x/source/templates/exceptions.o
                                                  src/ASF/sam/utils/cmsis/sam3x/source/templates/gcc/startup_sam3x.o
Dummy_Handler                                     src/ASF/sam/utils/cmsis/sam3x/source/templates/exceptions.o
EFC0_Handler                                      src/ASF/sam/utils/cmsis/sam3x/source/templates/exceptions.o
                                                  src/ASF/sam/utils/cmsis/sam3x/source/templates/gcc/startup_sam3x.o
EFC1_Handler                                      src/ASF/sam/utils/cmsis/sam3x/source/templates/exceptions.o
                                                  src/ASF/sam/utils/cmsis/sam3x/source/templates/gcc/startup_sam3x.o
EMAC_Handler                                      src/ASF/sam/utils/cmsis/sam3x/source/templates/exceptions.o
                                                  src/ASF/sam/utils/cmsis/sam3x/source/templates/gcc/startup_sam3x.o
HSMCI_Handler                                     src/ASF/sam/utils/cmsis/sam3x/source/templates/exceptions.o
                                                  src/ASF/sam/utils/cmsis/sam3x/source/templates/gcc/startup_sam3x.o
HardFault_Handler                                 src/ASF/sam/utils/cmsis/sam3x/source/templates/exceptions.o
                                                  src/ASF/sam/utils/cmsis/sam3x/source/templates/gcc/startup_sam3x.o
MemManage_Handler                                 src/ASF/sam/utils/cmsis/sam3x/source/templates/exceptions.o
                                                  src/ASF/sam/utils/cmsis/sam3x/source/templates/gcc/startup_sam3x.o
NMI_Handler                                       src/ASF/sam/utils/cmsis/sam3x/source/templates/exceptions.o
                                                  src/ASF/sam/utils/cmsis/sam3x/source/templates/gcc/startup_sam3x.o
PIOA_Handler                                      src/ASF/sam/drivers/pio/pio_handler.o
                                                  src/ASF/sam/utils/cmsis/sam3x/source/templates/gcc/startup_sam3x.o
PIOB_Handler                                      src/ASF/sam/drivers/pio/pio_handler.o
                                                  src/ASF/sam/utils/cmsis/sam3x/source/templates/gcc/startup_sam3x.o
PIOC_Handler                                      src/ASF/sam/drivers/pio/pio_handler.o
                                                  src/ASF/sam/utils/cmsis/sam3x/source/templates/gcc/startup_sam3x.o
PIOD_Handler                                      src/ASF/sam/drivers/pio/pio_handler.o
                                                  src/ASF/sam/utils/cmsis/sam3x/source/templates/gcc/startup_sam3x.o
PMC_Handler                                       src/ASF/sam/utils/cmsis/sam3x/source/templates/exceptions.o
                                                  src/ASF/sam/utils/cmsis/sam3x/source/templates/gcc/startup_sam3x.o
PWM_Handler                                       src/ASF/sam/utils/cmsis/sam3x/source/templates/exceptions.o
                                                  src/ASF/sam/utils/cmsis/sam3x/source/templates/gcc/startup_sam3x.o
PendSV_Handler                                    src/ASF/sam/utils/cmsis/sam3x/source/templates/exceptions.o
                                                  src/ASF/sam/utils/cmsis/sam3x/source/templates/gcc/startup_sam3x.o
RSTC_Handler                                      src/ASF/sam/utils/cmsis/sam3x/source/templates/exceptions.o
                                                  src/ASF/sam/utils/cmsis/sam3x/source/templates/gcc/startup_sam3x.o
RTC_Handler                                       src/ASF/sam/utils/cmsis/sam3x/source/templates/exceptions.o
                                                  src/ASF/sam/utils/cmsis/sam3x/source/templates/gcc/startup_sam3x.o
RTT_Handler                                       src/ASF/sam/utils/cmsis/sam3x/source/templates/exceptions.o
                                                  src/ASF/sam/utils/cmsis/sam3x/source/templates/gcc/startup_sam3x.o
Reset_Handler                                     src/ASF/sam/utils/cmsis/sam3x/source/templates/gcc/startup_sam3x.o
SMC_Handler                                       src/ASF/sam/utils/cmsis/sam3x/source/templates/exceptions.o
                                                  src/ASF/sam/utils/cmsis/sam3x/source/templates/gcc/startup_sam3x.o
SPI0_Handler                                      src/ASF/sam/utils/cmsis/sam3x/source/templates/exceptions.o
                                                  src/ASF/sam/utils/cmsis/sam3x/source/templates/gcc/startup_sam3x.o
SSC_Handler                                       src/ASF/sam/utils/cmsis/sam3x/source/templates/exceptions.o
                                                  src/ASF/sam/utils/cmsis/sam3x/source/templates/gcc/startup_sam3x.o
SUPC_Handler                                      src/ASF/sam/utils/cmsis/sam3x/source/templates/exceptions.o
                                                  src/ASF/sam/utils/cmsis/sam3x/source/templates/gcc/startup_sam3x.o
SVC_Handler                                       src/ASF/sam/utils/cmsis/sam3x/source/templates/exceptions.o
                                                  src/ASF/sam/utils/cmsis/sam3x/source/templates/gcc/startup_sam3x.o
SysTick_Handler                                   src/ASF/sam/utils/cmsis/sam3x/source/templates/exceptions.o
                                                  src/ASF/sam/utils/cmsis/sam3x/source/templates/gcc/startup_sam3x.o
SystemCoreClock                                   src/ASF/sam/utils/cmsis/sam3x/source/templates/system_sam3x.o
SystemCoreClockUpdate                             src/ASF/sam/utils/cmsis/sam3x/source/templates/system_sam3x.o
                                                  src/ASF/common/services/clock/sam3x/sysclk.o
SystemInit                                        src/ASF/sam/utils/cmsis/sam3x/source/templates/system_sam3x.o
TC0_Handler                                       src/ASF/sam/utils/cmsis/sam3x/source/templates/exceptions.o
                                                  src/ASF/sam/utils/cmsis/sam3x/source/templates/gcc/startup_sam3x.o
TC1_Handler                                       src/ASF/sam/utils/cmsis/sam3x/source/templates/exceptions.o
                                                  src/ASF/sam/utils/cmsis/sam3x/source/templates/gcc/startup_sam3x.o
TC2_Handler                                       src/ASF/sam/utils/cmsis/sam3x/source/templates/exceptions.o
                                                  src/ASF/sam/utils/cmsis/sam3x/source/templates/gcc/startup_sam3x.o
TC3_Handler                                       src/ASF/sam/utils/cmsis/sam3x/source/templates/exceptions.o
                                                  src/ASF/sam/utils/cmsis/sam3x/source/templates/gcc/startup_sam3x.o
TC4_Handler                                       src/ASF/sam/utils/cmsis/sam3x/source/templates/exceptions.o
                                                  src/ASF/sam/utils/cmsis/sam3x/source/templates/gcc/startup_sam3x.o
TC5_Handler                                       src/ISR.o
                                                  src/ASF/sam/utils/cmsis/sam3x/source/templates/exceptions.o
                                                  src/ASF/sam/utils/cmsis/sam3x/source/templates/gcc/startup_sam3x.o
TC6_Handler                                       src/ASF/sam/utils/cmsis/sam3x/source/templates/exceptions.o
                                                  src/ASF/sam/utils/cmsis/sam3x/source/templates/gcc/startup_sam3x.o
TC7_Handler                                       src/ASF/sam/utils/cmsis/sam3x/source/templates/exceptions.o
                                                  src/ASF/sam/utils/cmsis/sam3x/source/templates/gcc/startup_sam3x.o
TC8_Handler                                       src/ASF/sam/utils/cmsis/sam3x/source/templates/exceptions.o
                                                  src/ASF/sam/utils/cmsis/sam3x/source/templates/gcc/startup_sam3x.o
TRNG_Handler                                      src/ASF/sam/utils/cmsis/sam3x/source/templates/exceptions.o
                                                  src/ASF/sam/utils/cmsis/sam3x/source/templates/gcc/startup_sam3x.o
TWI0_Handler                                      src/ASF/sam/utils/cmsis/sam3x/source/templates/exceptions.o
                                                  src/ASF/sam/utils/cmsis/sam3x/source/templates/gcc/startup_sam3x.o
TWI1_Handler                                      src/ASF/sam/utils/cmsis/sam3x/source/templates/exceptions.o
                                                  src/ASF/sam/utils/cmsis/sam3x/source/templates/gcc/startup_sam3x.o
UART_Handler                                      src/ASF/sam/utils/cmsis/sam3x/source/templates/exceptions.o
                                                  src/ASF/sam/utils/cmsis/sam3x/source/templates/gcc/startup_sam3x.o
UOTGHS_Handler                                    src/ASF/sam/utils/cmsis/sam3x/source/templates/exceptions.o
                                                  src/ASF/sam/utils/cmsis/sam3x/source/templates/gcc/startup_sam3x.o
USART0_Handler                                    src/ASF/sam/utils/cmsis/sam3x/source/templates/exceptions.o
                                                  src/ASF/sam/utils/cmsis/sam3x/source/templates/gcc/startup_sam3x.o
USART1_Handler                                    src/ASF/sam/utils/cmsis/sam3x/source/templates/exceptions.o
                                                  src/ASF/sam/utils/cmsis/sam3x/source/templates/gcc/startup_sam3x.o
USART2_Handler                                    src/ASF/sam/utils/cmsis/sam3x/source/templates/exceptions.o
                                                  src/ASF/sam/utils/cmsis/sam3x/source/templates/gcc/startup_sam3x.o
USART3_Handler                                    src/ASF/sam/utils/cmsis/sam3x/source/templates/exceptions.o
                                                  src/ASF/sam/utils/cmsis/sam3x/source/templates/gcc/startup_sam3x.o
UsageFault_Handler                                src/ASF/sam/utils/cmsis/sam3x/source/templates/exceptions.o
                                                  src/ASF/sam/utils/cmsis/sam3x/source/templates/gcc/startup_sam3x.o
WDT_Handler                                       src/ASF/sam/utils/cmsis/sam3x/source/templates/exceptions.o
                                                  src/ASF/sam/utils/cmsis/sam3x/source/templates/gcc/startup_sam3x.o
_Jv_RegisterClasses                               c:/program files (x86)/atmel/atmel toolchain/arm gcc/native/4.8.1437/arm-gnu-toolchain/bin/../lib/gcc/arm-none-eabi/4.8.4/armv7-m/crtbegin.o
_PathLocale                                       c:/program files (x86)/atmel/atmel toolchain/arm gcc/native/4.8.1437/arm-gnu-toolchain/bin/../lib/gcc/arm-none-eabi/4.8.4/../../../../arm-none-eabi/lib/armv7-m\libc.a(lib_a-locale.o)
__aeabi_idiv0                                     c:/program files (x86)/atmel/atmel toolchain/arm gcc/native/4.8.1437/arm-gnu-toolchain/bin/../lib/gcc/arm-none-eabi/4.8.4/armv7-m\libgcc.a(_dvmd_tls.o)
__aeabi_ldiv0                                     c:/program files (x86)/atmel/atmel toolchain/arm gcc/native/4.8.1437/arm-gnu-toolchain/bin/../lib/gcc/arm-none-eabi/4.8.4/armv7-m\libgcc.a(_dvmd_tls.o)
                                                  c:/program files (x86)/atmel/atmel toolchain/arm gcc/native/4.8.1437/arm-gnu-toolchain/bin/../lib/gcc/arm-none-eabi/4.8.4/armv7-m\libgcc.a(_aeabi_uldivmod.o)
__aeabi_uldivmod                                  c:/program files (x86)/atmel/atmel toolchain/arm gcc/native/4.8.1437/arm-gnu-toolchain/bin/../lib/gcc/arm-none-eabi/4.8.4/armv7-m\libgcc.a(_aeabi_uldivmod.o)
                                                  c:/program files (x86)/atmel/atmel toolchain/arm gcc/native/4.8.1437/arm-gnu-toolchain/bin/../lib/gcc/arm-none-eabi/4.8.4/../../../../arm-none-eabi/lib/armv7-m\libc.a(lib_a-vfiprintf.o)
__ascii_wctomb                                    c:/program files (x86)/atmel/atmel toolchain/arm gcc/native/4.8.1437/arm-gnu-toolchain/bin/../lib/gcc/arm-none-eabi/4.8.4/../../../../arm-none-eabi/lib/armv7-m\libc.a(lib_a-wctomb_r.o)
__bss_end__                                       c:/program files (x86)/atmel/atmel toolchain/arm gcc/native/4.8.1437/arm-gnu-toolchain/bin/../lib/gcc/arm-none-eabi/4.8.4/../../../../arm-none-eabi/lib/armv7-m/crt0.o
__bss_start__                                     c:/program files (x86)/atmel/atmel toolchain/arm gcc/native/4.8.1437/arm-gnu-toolchain/bin/../lib/gcc/arm-none-eabi/4.8.4/../../../../arm-none-eabi/lib/armv7-m/crt0.o
__call_exitprocs                                  c:/program files (x86)/atmel/atmel toolchain/arm gcc/native/4.8.1437/arm-gnu-toolchain/bin/../lib/gcc/arm-none-eabi/4.8.4/../../../../arm-none-eabi/lib/armv7-m\libc.a(lib_a-__call_atexit.o)
                                                  c:/program files (x86)/atmel/atmel toolchain/arm gcc/native/4.8.1437/arm-gnu-toolchain/bin/../lib/gcc/arm-none-eabi/4.8.4/../../../../arm-none-eabi/lib/armv7-m\libc.a(lib_a-exit.o)
__deregister_frame_info                           c:/program files (x86)/atmel/atmel toolchain/arm gcc/native/4.8.1437/arm-gnu-toolchain/bin/../lib/gcc/arm-none-eabi/4.8.4/armv7-m/crtbegin.o
__divdi3                                          c:/program files (x86)/atmel/atmel toolchain/arm gcc/native/4.8.1437/arm-gnu-toolchain/bin/../lib/gcc/arm-none-eabi/4.8.4/armv7-m\libgcc.a(_divdi3.o)
                                                  c:/program files (x86)/atmel/atmel toolchain/arm gcc/native/4.8.1437/arm-gnu-toolchain/bin/../lib/gcc/arm-none-eabi/4.8.4/armv7-m\libgcc.a(bpabi.o)
__dso_handle                                      c:/program files (x86)/atmel/atmel toolchain/arm gcc/native/4.8.1437/arm-gnu-toolchain/bin/../lib/gcc/arm-none-eabi/4.8.4/armv7-m/crtbegin.o
__fini_array_end                                  c:/program files (x86)/atmel/atmel toolchain/arm gcc/native/4.8.1437/arm-gnu-toolchain/bin/../lib/gcc/arm-none-eabi/4.8.4/../../../../arm-none-eabi/lib/armv7-m\libc.a(lib_a-fini.o)
__fini_array_start                                c:/program files (x86)/atmel/atmel toolchain/arm gcc/native/4.8.1437/arm-gnu-toolchain/bin/../lib/gcc/arm-none-eabi/4.8.4/../../../../arm-none-eabi/lib/armv7-m\libc.a(lib_a-fini.o)
__fp_lock_all                                     c:/program files (x86)/atmel/atmel toolchain/arm gcc/native/4.8.1437/arm-gnu-toolchain/bin/../lib/gcc/arm-none-eabi/4.8.4/../../../../arm-none-eabi/lib/armv7-m\libc.a(lib_a-findfp.o)
__fp_unlock_all                                   c:/program files (x86)/atmel/atmel toolchain/arm gcc/native/4.8.1437/arm-gnu-toolchain/bin/../lib/gcc/arm-none-eabi/4.8.4/../../../../arm-none-eabi/lib/armv7-m\libc.a(lib_a-findfp.o)
__gnu_ldivmod_helper                              c:/program files (x86)/atmel/atmel toolchain/arm gcc/native/4.8.1437/arm-gnu-toolchain/bin/../lib/gcc/arm-none-eabi/4.8.4/armv7-m\libgcc.a(bpabi.o)
__gnu_uldivmod_helper                             c:/program files (x86)/atmel/atmel toolchain/arm gcc/native/4.8.1437/arm-gnu-toolchain/bin/../lib/gcc/arm-none-eabi/4.8.4/armv7-m\libgcc.a(bpabi.o)
                                                  c:/program files (x86)/atmel/atmel toolchain/arm gcc/native/4.8.1437/arm-gnu-toolchain/bin/../lib/gcc/arm-none-eabi/4.8.4/armv7-m\libgcc.a(_aeabi_uldivmod.o)
__init_array_end                                  c:/program files (x86)/atmel/atmel toolchain/arm gcc/native/4.8.1437/arm-gnu-toolchain/bin/../lib/gcc/arm-none-eabi/4.8.4/../../../../arm-none-eabi/lib/armv7-m\libc.a(lib_a-init.o)
__init_array_start                                c:/program files (x86)/atmel/atmel toolchain/arm gcc/native/4.8.1437/arm-gnu-toolchain/bin/../lib/gcc/arm-none-eabi/4.8.4/../../../../arm-none-eabi/lib/armv7-m\libc.a(lib_a-init.o)
__libc_fini                                       c:/program files (x86)/atmel/atmel toolchain/arm gcc/native/4.8.1437/arm-gnu-toolchain/bin/../lib/gcc/arm-none-eabi/4.8.4/../../../../arm-none-eabi/lib/armv7-m\libc.a(lib_a-__call_atexit.o)
__libc_fini_array                                 c:/program files (x86)/atmel/atmel toolchain/arm gcc/native/4.8.1437/arm-gnu-toolchain/bin/../lib/gcc/arm-none-eabi/4.8.4/../../../../arm-none-eabi/lib/armv7-m\libc.a(lib_a-fini.o)
                                                  c:/program files (x86)/atmel/atmel toolchain/arm gcc/native/4.8.1437/arm-gnu-toolchain/bin/../lib/gcc/arm-none-eabi/4.8.4/../../../../arm-none-eabi/lib/armv7-m\libc.a(lib_a-__call_atexit.o)
                                                  c:/program files (x86)/atmel/atmel toolchain/arm gcc/native/4.8.1437/arm-gnu-toolchain/bin/../lib/gcc/arm-none-eabi/4.8.4/../../../../arm-none-eabi/lib/armv7-m/crt0.o
__libc_init_array                                 c:/program files (x86)/atmel/atmel toolchain/arm gcc/native/4.8.1437/arm-gnu-toolchain/bin/../lib/gcc/arm-none-eabi/4.8.4/../../../../arm-none-eabi/lib/armv7-m\libc.a(lib_a-init.o)
                                                  src/ASF/sam/utils/cmsis/sam3x/source/templates/gcc/startup_sam3x.o
                                                  c:/program files (x86)/atmel/atmel toolchain/arm gcc/native/4.8.1437/arm-gnu-toolchain/bin/../lib/gcc/arm-none-eabi/4.8.4/../../../../arm-none-eabi/lib/armv7-m/crt0.o
__locale_charset                                  c:/program files (x86)/atmel/atmel toolchain/arm gcc/native/4.8.1437/arm-gnu-toolchain/bin/../lib/gcc/arm-none-eabi/4.8.4/../../../../arm-none-eabi/lib/armv7-m\libc.a(lib_a-locale.o)
                                                  c:/program files (x86)/atmel/atmel toolchain/arm gcc/native/4.8.1437/arm-gnu-toolchain/bin/../lib/gcc/arm-none-eabi/4.8.4/../../../../arm-none-eabi/lib/armv7-m\libc.a(lib_a-wctomb_r.o)
                                                  c:/program files (x86)/atmel/atmel toolchain/arm gcc/native/4.8.1437/arm-gnu-toolchain/bin/../lib/gcc/arm-none-eabi/4.8.4/../../../../arm-none-eabi/lib/armv7-m\libc.a(lib_a-wcrtomb.o)
__locale_cjk_lang                                 c:/program files (x86)/atmel/atmel toolchain/arm gcc/native/4.8.1437/arm-gnu-toolchain/bin/../lib/gcc/arm-none-eabi/4.8.4/../../../../arm-none-eabi/lib/armv7-m\libc.a(lib_a-locale.o)
__locale_mb_cur_max                               c:/program files (x86)/atmel/atmel toolchain/arm gcc/native/4.8.1437/arm-gnu-toolchain/bin/../lib/gcc/arm-none-eabi/4.8.4/../../../../arm-none-eabi/lib/armv7-m\libc.a(lib_a-locale.o)
                                                  c:/program files (x86)/atmel/atmel toolchain/arm gcc/native/4.8.1437/arm-gnu-toolchain/bin/../lib/gcc/arm-none-eabi/4.8.4/../../../../arm-none-eabi/lib/armv7-m\libc.a(lib_a-fputwc.o)
__locale_msgcharset                               c:/program files (x86)/atmel/atmel toolchain/arm gcc/native/4.8.1437/arm-gnu-toolchain/bin/../lib/gcc/arm-none-eabi/4.8.4/../../../../arm-none-eabi/lib/armv7-m\libc.a(lib_a-locale.o)
__malloc_av_                                      c:/program files (x86)/atmel/atmel toolchain/arm gcc/native/4.8.1437/arm-gnu-toolchain/bin/../lib/gcc/arm-none-eabi/4.8.4/../../../../arm-none-eabi/lib/armv7-m\libc.a(lib_a-mallocr.o)
                                                  c:/program files (x86)/atmel/atmel toolchain/arm gcc/native/4.8.1437/arm-gnu-toolchain/bin/../lib/gcc/arm-none-eabi/4.8.4/../../../../arm-none-eabi/lib/armv7-m\libc.a(lib_a-reallocr.o)
                                                  c:/program files (x86)/atmel/atmel toolchain/arm gcc/native/4.8.1437/arm-gnu-toolchain/bin/../lib/gcc/arm-none-eabi/4.8.4/../../../../arm-none-eabi/lib/armv7-m\libc.a(lib_a-freer.o)
__malloc_current_mallinfo                         c:/program files (x86)/atmel/atmel toolchain/arm gcc/native/4.8.1437/arm-gnu-toolchain/bin/../lib/gcc/arm-none-eabi/4.8.4/../../../../arm-none-eabi/lib/armv7-m\libc.a(lib_a-mallocr.o)
                                                  c:/program files (x86)/atmel/atmel toolchain/arm gcc/native/4.8.1437/arm-gnu-toolchain/bin/../lib/gcc/arm-none-eabi/4.8.4/../../../../arm-none-eabi/lib/armv7-m\libc.a(lib_a-freer.o)
__malloc_lock                                     c:/program files (x86)/atmel/atmel toolchain/arm gcc/native/4.8.1437/arm-gnu-toolchain/bin/../lib/gcc/arm-none-eabi/4.8.4/../../../../arm-none-eabi/lib/armv7-m\libc.a(lib_a-mlock.o)
                                                  c:/program files (x86)/atmel/atmel toolchain/arm gcc/native/4.8.1437/arm-gnu-toolchain/bin/../lib/gcc/arm-none-eabi/4.8.4/../../../../arm-none-eabi/lib/armv7-m\libc.a(lib_a-reallocr.o)
                                                  c:/program files (x86)/atmel/atmel toolchain/arm gcc/native/4.8.1437/arm-gnu-toolchain/bin/../lib/gcc/arm-none-eabi/4.8.4/../../../../arm-none-eabi/lib/armv7-m\libc.a(lib_a-mallocr.o)
                                                  c:/program files (x86)/atmel/atmel toolchain/arm gcc/native/4.8.1437/arm-gnu-toolchain/bin/../lib/gcc/arm-none-eabi/4.8.4/../../../../arm-none-eabi/lib/armv7-m\libc.a(lib_a-freer.o)
__malloc_max_sbrked_mem                           c:/program files (x86)/atmel/atmel toolchain/arm gcc/native/4.8.1437/arm-gnu-toolchain/bin/../lib/gcc/arm-none-eabi/4.8.4/../../../../arm-none-eabi/lib/armv7-m\libc.a(lib_a-mallocr.o)
__malloc_max_total_mem                            c:/program files (x86)/atmel/atmel toolchain/arm gcc/native/4.8.1437/arm-gnu-toolchain/bin/../lib/gcc/arm-none-eabi/4.8.4/../../../../arm-none-eabi/lib/armv7-m\libc.a(lib_a-mallocr.o)
__malloc_sbrk_base                                c:/program files (x86)/atmel/atmel toolchain/arm gcc/native/4.8.1437/arm-gnu-toolchain/bin/../lib/gcc/arm-none-eabi/4.8.4/../../../../arm-none-eabi/lib/armv7-m\libc.a(lib_a-mallocr.o)
                                                  c:/program files (x86)/atmel/atmel toolchain/arm gcc/native/4.8.1437/arm-gnu-toolchain/bin/../lib/gcc/arm-none-eabi/4.8.4/../../../../arm-none-eabi/lib/armv7-m\libc.a(lib_a-freer.o)
__malloc_top_pad                                  c:/program files (x86)/atmel/atmel toolchain/arm gcc/native/4.8.1437/arm-gnu-toolchain/bin/../lib/gcc/arm-none-eabi/4.8.4/../../../../arm-none-eabi/lib/armv7-m\libc.a(lib_a-mallocr.o)
                                                  c:/program files (x86)/atmel/atmel toolchain/arm gcc/native/4.8.1437/arm-gnu-toolchain/bin/../lib/gcc/arm-none-eabi/4.8.4/../../../../arm-none-eabi/lib/armv7-m\libc.a(lib_a-freer.o)
__malloc_trim_threshold                           c:/program files (x86)/atmel/atmel toolchain/arm gcc/native/4.8.1437/arm-gnu-toolchain/bin/../lib/gcc/arm-none-eabi/4.8.4/../../../../arm-none-eabi/lib/armv7-m\libc.a(lib_a-mallocr.o)
                                                  c:/program files (x86)/atmel/atmel toolchain/arm gcc/native/4.8.1437/arm-gnu-toolchain/bin/../lib/gcc/arm-none-eabi/4.8.4/../../../../arm-none-eabi/lib/armv7-m\libc.a(lib_a-freer.o)
__malloc_unlock                                   c:/program files (x86)/atmel/atmel toolchain/arm gcc/native/4.8.1437/arm-gnu-toolchain/bin/../lib/gcc/arm-none-eabi/4.8.4/../../../../arm-none-eabi/lib/armv7-m\libc.a(lib_a-mlock.o)
                                                  c:/program files (x86)/atmel/atmel toolchain/arm gcc/native/4.8.1437/arm-gnu-toolchain/bin/../lib/gcc/arm-none-eabi/4.8.4/../../../../arm-none-eabi/lib/armv7-m\libc.a(lib_a-reallocr.o)
                                                  c:/program files (x86)/atmel/atmel toolchain/arm gcc/native/4.8.1437/arm-gnu-toolchain/bin/../lib/gcc/arm-none-eabi/4.8.4/../../../../arm-none-eabi/lib/armv7-m\libc.a(lib_a-mallocr.o)
                                                  c:/program files (x86)/atmel/atmel toolchain/arm gcc/native/4.8.1437/arm-gnu-toolchain/bin/../lib/gcc/arm-none-eabi/4.8.4/../../../../arm-none-eabi/lib/armv7-m\libc.a(lib_a-freer.o)
__mb_cur_max                                      c:/program files (x86)/atmel/atmel toolchain/arm gcc/native/4.8.1437/arm-gnu-toolchain/bin/../lib/gcc/arm-none-eabi/4.8.4/../../../../arm-none-eabi/lib/armv7-m\libc.a(lib_a-locale.o)
__mlocale_changed                                 c:/program files (x86)/atmel/atmel toolchain/arm gcc/native/4.8.1437/arm-gnu-toolchain/bin/../lib/gcc/arm-none-eabi/4.8.4/../../../../arm-none-eabi/lib/armv7-m\libc.a(lib_a-locale.o)
__nlocale_changed                                 c:/program files (x86)/atmel/atmel toolchain/arm gcc/native/4.8.1437/arm-gnu-toolchain/bin/../lib/gcc/arm-none-eabi/4.8.4/../../../../arm-none-eabi/lib/armv7-m\libc.a(lib_a-locale.o)
__preinit_array_end                               c:/program files (x86)/atmel/atmel toolchain/arm gcc/native/4.8.1437/arm-gnu-toolchain/bin/../lib/gcc/arm-none-eabi/4.8.4/../../../../arm-none-eabi/lib/armv7-m\libc.a(lib_a-init.o)
__preinit_array_start                             c:/program files (x86)/atmel/atmel toolchain/arm gcc/native/4.8.1437/arm-gnu-toolchain/bin/../lib/gcc/arm-none-eabi/4.8.4/../../../../arm-none-eabi/lib/armv7-m\libc.a(lib_a-init.o)
__ram_end__                                       src/ASF/sam/utils/syscalls/gcc/syscalls.o
__register_exitproc                               c:/program files (x86)/atmel/atmel toolchain/arm gcc/native/4.8.1437/arm-gnu-toolchain/bin/../lib/gcc/arm-none-eabi/4.8.4/../../../../arm-none-eabi/lib/armv7-m\libc.a(lib_a-__atexit.o)
                                                  c:/program files (x86)/atmel/atmel toolchain/arm gcc/native/4.8.1437/arm-gnu-toolchain/bin/../lib/gcc/arm-none-eabi/4.8.4/../../../../arm-none-eabi/lib/armv7-m\libc.a(lib_a-atexit.o)
__register_frame_info                             c:/program files (x86)/atmel/atmel toolchain/arm gcc/native/4.8.1437/arm-gnu-toolchain/bin/../lib/gcc/arm-none-eabi/4.8.4/armv7-m/crtbegin.o
__sclose                                          c:/program files (x86)/atmel/atmel toolchain/arm gcc/native/4.8.1437/arm-gnu-toolchain/bin/../lib/gcc/arm-none-eabi/4.8.4/../../../../arm-none-eabi/lib/armv7-m\libc.a(lib_a-stdio.o)
                                                  c:/program files (x86)/atmel/atmel toolchain/arm gcc/native/4.8.1437/arm-gnu-toolchain/bin/../lib/gcc/arm-none-eabi/4.8.4/../../../../arm-none-eabi/lib/armv7-m\libc.a(lib_a-findfp.o)
__seofread                                        c:/program files (x86)/atmel/atmel toolchain/arm gcc/native/4.8.1437/arm-gnu-toolchain/bin/../lib/gcc/arm-none-eabi/4.8.4/../../../../arm-none-eabi/lib/armv7-m\libc.a(lib_a-stdio.o)
__sflush_r                                        c:/program files (x86)/atmel/atmel toolchain/arm gcc/native/4.8.1437/arm-gnu-toolchain/bin/../lib/gcc/arm-none-eabi/4.8.4/../../../../arm-none-eabi/lib/armv7-m\libc.a(lib_a-fflush.o)
__sfmoreglue                                      c:/program files (x86)/atmel/atmel toolchain/arm gcc/native/4.8.1437/arm-gnu-toolchain/bin/../lib/gcc/arm-none-eabi/4.8.4/../../../../arm-none-eabi/lib/armv7-m\libc.a(lib_a-findfp.o)
__sfp                                             c:/program files (x86)/atmel/atmel toolchain/arm gcc/native/4.8.1437/arm-gnu-toolchain/bin/../lib/gcc/arm-none-eabi/4.8.4/../../../../arm-none-eabi/lib/armv7-m\libc.a(lib_a-findfp.o)
__sfp_lock_acquire                                c:/program files (x86)/atmel/atmel toolchain/arm gcc/native/4.8.1437/arm-gnu-toolchain/bin/../lib/gcc/arm-none-eabi/4.8.4/../../../../arm-none-eabi/lib/armv7-m\libc.a(lib_a-findfp.o)
                                                  c:/program files (x86)/atmel/atmel toolchain/arm gcc/native/4.8.1437/arm-gnu-toolchain/bin/../lib/gcc/arm-none-eabi/4.8.4/../../../../arm-none-eabi/lib/armv7-m\libc.a(lib_a-fclose.o)
__sfp_lock_release                                c:/program files (x86)/atmel/atmel toolchain/arm gcc/native/4.8.1437/arm-gnu-toolchain/bin/../lib/gcc/arm-none-eabi/4.8.4/../../../../arm-none-eabi/lib/armv7-m\libc.a(lib_a-findfp.o)
                                                  c:/program files (x86)/atmel/atmel toolchain/arm gcc/native/4.8.1437/arm-gnu-toolchain/bin/../lib/gcc/arm-none-eabi/4.8.4/../../../../arm-none-eabi/lib/armv7-m\libc.a(lib_a-fclose.o)
__sfvwrite_r                                      c:/program files (x86)/atmel/atmel toolchain/arm gcc/native/4.8.1437/arm-gnu-toolchain/bin/../lib/gcc/arm-none-eabi/4.8.4/../../../../arm-none-eabi/lib/armv7-m\libc.a(lib_a-fvwrite.o)
                                                  c:/program files (x86)/atmel/atmel toolchain/arm gcc/native/4.8.1437/arm-gnu-toolchain/bin/../lib/gcc/arm-none-eabi/4.8.4/../../../../arm-none-eabi/lib/armv7-m\libc.a(lib_a-vfiprintf.o)
__sinit                                           c:/program files (x86)/atmel/atmel toolchain/arm gcc/native/4.8.1437/arm-gnu-toolchain/bin/../lib/gcc/arm-none-eabi/4.8.4/../../../../arm-none-eabi/lib/armv7-m\libc.a(lib_a-findfp.o)
                                                  c:/program files (x86)/atmel/atmel toolchain/arm gcc/native/4.8.1437/arm-gnu-toolchain/bin/../lib/gcc/arm-none-eabi/4.8.4/../../../../arm-none-eabi/lib/armv7-m\libc.a(lib_a-fclose.o)
                                                  c:/program files (x86)/atmel/atmel toolchain/arm gcc/native/4.8.1437/arm-gnu-toolchain/bin/../lib/gcc/arm-none-eabi/4.8.4/../../../../arm-none-eabi/lib/armv7-m\libc.a(lib_a-wbuf.o)
                                                  c:/program files (x86)/atmel/atmel toolchain/arm gcc/native/4.8.1437/arm-gnu-toolchain/bin/../lib/gcc/arm-none-eabi/4.8.4/../../../../arm-none-eabi/lib/armv7-m\libc.a(lib_a-fputwc.o)
                                                  c:/program files (x86)/atmel/atmel toolchain/arm gcc/native/4.8.1437/arm-gnu-toolchain/bin/../lib/gcc/arm-none-eabi/4.8.4/../../../../arm-none-eabi/lib/armv7-m\libc.a(lib_a-fflush.o)
                                                  c:/program files (x86)/atmel/atmel toolchain/arm gcc/native/4.8.1437/arm-gnu-toolchain/bin/../lib/gcc/arm-none-eabi/4.8.4/../../../../arm-none-eabi/lib/armv7-m\libc.a(lib_a-wsetup.o)
                                                  c:/program files (x86)/atmel/atmel toolchain/arm gcc/native/4.8.1437/arm-gnu-toolchain/bin/../lib/gcc/arm-none-eabi/4.8.4/../../../../arm-none-eabi/lib/armv7-m\libc.a(lib_a-vfiprintf.o)
__sinit_lock_acquire                              c:/program files (x86)/atmel/atmel toolchain/arm gcc/native/4.8.1437/arm-gnu-toolchain/bin/../lib/gcc/arm-none-eabi/4.8.4/../../../../arm-none-eabi/lib/armv7-m\libc.a(lib_a-findfp.o)
__sinit_lock_release                              c:/program files (x86)/atmel/atmel toolchain/arm gcc/native/4.8.1437/arm-gnu-toolchain/bin/../lib/gcc/arm-none-eabi/4.8.4/../../../../arm-none-eabi/lib/armv7-m\libc.a(lib_a-findfp.o)
__smakebuf_r                                      c:/program files (x86)/atmel/atmel toolchain/arm gcc/native/4.8.1437/arm-gnu-toolchain/bin/../lib/gcc/arm-none-eabi/4.8.4/../../../../arm-none-eabi/lib/armv7-m\libc.a(lib_a-makebuf.o)
                                                  c:/program files (x86)/atmel/atmel toolchain/arm gcc/native/4.8.1437/arm-gnu-toolchain/bin/../lib/gcc/arm-none-eabi/4.8.4/../../../../arm-none-eabi/lib/armv7-m\libc.a(lib_a-wsetup.o)
__sprint_r                                        c:/program files (x86)/atmel/atmel toolchain/arm gcc/native/4.8.1437/arm-gnu-toolchain/bin/../lib/gcc/arm-none-eabi/4.8.4/../../../../arm-none-eabi/lib/armv7-m\libc.a(lib_a-vfiprintf.o)
__sread                                           c:/program files (x86)/atmel/atmel toolchain/arm gcc/native/4.8.1437/arm-gnu-toolchain/bin/../lib/gcc/arm-none-eabi/4.8.4/../../../../arm-none-eabi/lib/armv7-m\libc.a(lib_a-stdio.o)
                                                  c:/program files (x86)/atmel/atmel toolchain/arm gcc/native/4.8.1437/arm-gnu-toolchain/bin/../lib/gcc/arm-none-eabi/4.8.4/../../../../arm-none-eabi/lib/armv7-m\libc.a(lib_a-findfp.o)
__sseek                                           c:/program files (x86)/atmel/atmel toolchain/arm gcc/native/4.8.1437/arm-gnu-toolchain/bin/../lib/gcc/arm-none-eabi/4.8.4/../../../../arm-none-eabi/lib/armv7-m\libc.a(lib_a-stdio.o)
                                                  c:/program files (x86)/atmel/atmel toolchain/arm gcc/native/4.8.1437/arm-gnu-toolchain/bin/../lib/gcc/arm-none-eabi/4.8.4/../../../../arm-none-eabi/lib/armv7-m\libc.a(lib_a-makebuf.o)
                                                  c:/program files (x86)/atmel/atmel toolchain/arm gcc/native/4.8.1437/arm-gnu-toolchain/bin/../lib/gcc/arm-none-eabi/4.8.4/../../../../arm-none-eabi/lib/armv7-m\libc.a(lib_a-findfp.o)
__stack                                           c:/program files (x86)/atmel/atmel toolchain/arm gcc/native/4.8.1437/arm-gnu-toolchain/bin/../lib/gcc/arm-none-eabi/4.8.4/../../../../arm-none-eabi/lib/armv7-m/crt0.o
__swbuf                                           c:/program files (x86)/atmel/atmel toolchain/arm gcc/native/4.8.1437/arm-gnu-toolchain/bin/../lib/gcc/arm-none-eabi/4.8.4/../../../../arm-none-eabi/lib/armv7-m\libc.a(lib_a-wbuf.o)
__swbuf_r                                         c:/program files (x86)/atmel/atmel toolchain/arm gcc/native/4.8.1437/arm-gnu-toolchain/bin/../lib/gcc/arm-none-eabi/4.8.4/../../../../arm-none-eabi/lib/armv7-m\libc.a(lib_a-wbuf.o)
                                                  c:/program files (x86)/atmel/atmel toolchain/arm gcc/native/4.8.1437/arm-gnu-toolchain/bin/../lib/gcc/arm-none-eabi/4.8.4/../../../../arm-none-eabi/lib/armv7-m\libc.a(lib_a-fputwc.o)
__swrite                                          c:/program files (x86)/atmel/atmel toolchain/arm gcc/native/4.8.1437/arm-gnu-toolchain/bin/../lib/gcc/arm-none-eabi/4.8.4/../../../../arm-none-eabi/lib/armv7-m\libc.a(lib_a-stdio.o)
                                                  c:/program files (x86)/atmel/atmel toolchain/arm gcc/native/4.8.1437/arm-gnu-toolchain/bin/../lib/gcc/arm-none-eabi/4.8.4/../../../../arm-none-eabi/lib/armv7-m\libc.a(lib_a-findfp.o)
__swsetup_r                                       c:/program files (x86)/atmel/atmel toolchain/arm gcc/native/4.8.1437/arm-gnu-toolchain/bin/../lib/gcc/arm-none-eabi/4.8.4/../../../../arm-none-eabi/lib/armv7-m\libc.a(lib_a-wsetup.o)
                                                  c:/program files (x86)/atmel/atmel toolchain/arm gcc/native/4.8.1437/arm-gnu-toolchain/bin/../lib/gcc/arm-none-eabi/4.8.4/../../../../arm-none-eabi/lib/armv7-m\libc.a(lib_a-wbuf.o)
                                                  c:/program files (x86)/atmel/atmel toolchain/arm gcc/native/4.8.1437/arm-gnu-toolchain/bin/../lib/gcc/arm-none-eabi/4.8.4/../../../../arm-none-eabi/lib/armv7-m\libc.a(lib_a-fvwrite.o)
                                                  c:/program files (x86)/atmel/atmel toolchain/arm gcc/native/4.8.1437/arm-gnu-toolchain/bin/../lib/gcc/arm-none-eabi/4.8.4/../../../../arm-none-eabi/lib/armv7-m\libc.a(lib_a-vfiprintf.o)
__udivdi3                                         c:/program files (x86)/atmel/atmel toolchain/arm gcc/native/4.8.1437/arm-gnu-toolchain/bin/../lib/gcc/arm-none-eabi/4.8.4/armv7-m\libgcc.a(_udivdi3.o)
                                                  c:/program files (x86)/atmel/atmel toolchain/arm gcc/native/4.8.1437/arm-gnu-toolchain/bin/../lib/gcc/arm-none-eabi/4.8.4/armv7-m\libgcc.a(bpabi.o)
__wctomb                                          c:/program files (x86)/atmel/atmel toolchain/arm gcc/native/4.8.1437/arm-gnu-toolchain/bin/../lib/gcc/arm-none-eabi/4.8.4/../../../../arm-none-eabi/lib/armv7-m\libc.a(lib_a-wctomb_r.o)
                                                  c:/program files (x86)/atmel/atmel toolchain/arm gcc/native/4.8.1437/arm-gnu-toolchain/bin/../lib/gcc/arm-none-eabi/4.8.4/../../../../arm-none-eabi/lib/armv7-m\libc.a(lib_a-wcrtomb.o)
_cleanup                                          c:/program files (x86)/atmel/atmel toolchain/arm gcc/native/4.8.1437/arm-gnu-toolchain/bin/../lib/gcc/arm-none-eabi/4.8.4/../../../../arm-none-eabi/lib/armv7-m\libc.a(lib_a-findfp.o)
_cleanup_r                                        c:/program files (x86)/atmel/atmel toolchain/arm gcc/native/4.8.1437/arm-gnu-toolchain/bin/../lib/gcc/arm-none-eabi/4.8.4/../../../../arm-none-eabi/lib/armv7-m\libc.a(lib_a-findfp.o)
                                                  c:/program files (x86)/atmel/atmel toolchain/arm gcc/native/4.8.1437/arm-gnu-toolchain/bin/../lib/gcc/arm-none-eabi/4.8.4/../../../../arm-none-eabi/lib/armv7-m\libc.a(lib_a-makebuf.o)
_close                                            src/ASF/sam/utils/syscalls/gcc/syscalls.o
                                                  c:/program files (x86)/atmel/atmel toolchain/arm gcc/native/4.8.1437/arm-gnu-toolchain/bin/../lib/gcc/arm-none-eabi/4.8.4/../../../../arm-none-eabi/lib/armv7-m\libc.a(lib_a-closer.o)
_close_r                                          c:/program files (x86)/atmel/atmel toolchain/arm gcc/native/4.8.1437/arm-gnu-toolchain/bin/../lib/gcc/arm-none-eabi/4.8.4/../../../../arm-none-eabi/lib/armv7-m\libc.a(lib_a-closer.o)
                                                  c:/program files (x86)/atmel/atmel toolchain/arm gcc/native/4.8.1437/arm-gnu-toolchain/bin/../lib/gcc/arm-none-eabi/4.8.4/../../../../arm-none-eabi/lib/armv7-m\libc.a(lib_a-stdio.o)
_end                                              src/ASF/sam/utils/syscalls/gcc/syscalls.o
_erelocate                                        src/ASF/sam/utils/cmsis/sam3x/source/templates/gcc/startup_sam3x.o
_estack                                           src/ASF/sam/utils/cmsis/sam3x/source/templates/gcc/startup_sam3x.o
_etext                                            src/ASF/sam/utils/cmsis/sam3x/source/templates/gcc/startup_sam3x.o
_exit                                             src/ASF/sam/utils/syscalls/gcc/syscalls.o
                                                  c:/program files (x86)/atmel/atmel toolchain/arm gcc/native/4.8.1437/arm-gnu-toolchain/bin/../lib/gcc/arm-none-eabi/4.8.4/../../../../arm-none-eabi/lib/armv7-m\libc.a(lib_a-exit.o)
_ezero                                            src/ASF/sam/utils/cmsis/sam3x/source/templates/gcc/startup_sam3x.o
_fclose_r                                         c:/program files (x86)/atmel/atmel toolchain/arm gcc/native/4.8.1437/arm-gnu-toolchain/bin/../lib/gcc/arm-none-eabi/4.8.4/../../../../arm-none-eabi/lib/armv7-m\libc.a(lib_a-fclose.o)
_fflush_r                                         c:/program files (x86)/atmel/atmel toolchain/arm gcc/native/4.8.1437/arm-gnu-toolchain/bin/../lib/gcc/arm-none-eabi/4.8.4/../../../../arm-none-eabi/lib/armv7-m\libc.a(lib_a-fflush.o)
                                                  c:/program files (x86)/atmel/atmel toolchain/arm gcc/native/4.8.1437/arm-gnu-toolchain/bin/../lib/gcc/arm-none-eabi/4.8.4/../../../../arm-none-eabi/lib/armv7-m\libc.a(lib_a-fclose.o)
                                                  c:/program files (x86)/atmel/atmel toolchain/arm gcc/native/4.8.1437/arm-gnu-toolchain/bin/../lib/gcc/arm-none-eabi/4.8.4/../../../../arm-none-eabi/lib/armv7-m\libc.a(lib_a-wbuf.o)
                                                  c:/program files (x86)/atmel/atmel toolchain/arm gcc/native/4.8.1437/arm-gnu-toolchain/bin/../lib/gcc/arm-none-eabi/4.8.4/../../../../arm-none-eabi/lib/armv7-m\libc.a(lib_a-fvwrite.o)
                                                  c:/program files (x86)/atmel/atmel toolchain/arm gcc/native/4.8.1437/arm-gnu-toolchain/bin/../lib/gcc/arm-none-eabi/4.8.4/../../../../arm-none-eabi/lib/armv7-m\libc.a(lib_a-vfiprintf.o)
_fini                                             c:/program files (x86)/atmel/atmel toolchain/arm gcc/native/4.8.1437/arm-gnu-toolchain/bin/../lib/gcc/arm-none-eabi/4.8.4/armv7-m/crti.o
                                                  c:/program files (x86)/atmel/atmel toolchain/arm gcc/native/4.8.1437/arm-gnu-toolchain/bin/../lib/gcc/arm-none-eabi/4.8.4/../../../../arm-none-eabi/lib/armv7-m\libc.a(lib_a-fini.o)
_fputwc_r                                         c:/program files (x86)/atmel/atmel toolchain/arm gcc/native/4.8.1437/arm-gnu-toolchain/bin/../lib/gcc/arm-none-eabi/4.8.4/../../../../arm-none-eabi/lib/armv7-m\libc.a(lib_a-fputwc.o)
                                                  c:/program files (x86)/atmel/atmel toolchain/arm gcc/native/4.8.1437/arm-gnu-toolchain/bin/../lib/gcc/arm-none-eabi/4.8.4/../../../../arm-none-eabi/lib/armv7-m\libc.a(lib_a-vfiprintf.o)
_free_r                                           c:/program files (x86)/atmel/atmel toolchain/arm gcc/native/4.8.1437/arm-gnu-toolchain/bin/../lib/gcc/arm-none-eabi/4.8.4/../../../../arm-none-eabi/lib/armv7-m\libc.a(lib_a-freer.o)
                                                  c:/program files (x86)/atmel/atmel toolchain/arm gcc/native/4.8.1437/arm-gnu-toolchain/bin/../lib/gcc/arm-none-eabi/4.8.4/../../../../arm-none-eabi/lib/armv7-m\libc.a(lib_a-reent.o)
                                                  c:/program files (x86)/atmel/atmel toolchain/arm gcc/native/4.8.1437/arm-gnu-toolchain/bin/../lib/gcc/arm-none-eabi/4.8.4/../../../../arm-none-eabi/lib/armv7-m\libc.a(lib_a-fclose.o)
                                                  c:/program files (x86)/atmel/atmel toolchain/arm gcc/native/4.8.1437/arm-gnu-toolchain/bin/../lib/gcc/arm-none-eabi/4.8.4/../../../../arm-none-eabi/lib/armv7-m\libc.a(lib_a-reallocr.o)
                                                  c:/program files (x86)/atmel/atmel toolchain/arm gcc/native/4.8.1437/arm-gnu-toolchain/bin/../lib/gcc/arm-none-eabi/4.8.4/../../../../arm-none-eabi/lib/armv7-m\libc.a(lib_a-mallocr.o)
                                                  c:/program files (x86)/atmel/atmel toolchain/arm gcc/native/4.8.1437/arm-gnu-toolchain/bin/../lib/gcc/arm-none-eabi/4.8.4/../../../../arm-none-eabi/lib/armv7-m\libc.a(lib_a-fvwrite.o)
                                                  c:/program files (x86)/atmel/atmel toolchain/arm gcc/native/4.8.1437/arm-gnu-toolchain/bin/../lib/gcc/arm-none-eabi/4.8.4/../../../../arm-none-eabi/lib/armv7-m\libc.a(lib_a-fflush.o)
                                                  c:/program files (x86)/atmel/atmel toolchain/arm gcc/native/4.8.1437/arm-gnu-toolchain/bin/../lib/gcc/arm-none-eabi/4.8.4/../../../../arm-none-eabi/lib/armv7-m\libc.a(lib_a-wsetup.o)
_fstat                                            src/ASF/sam/utils/syscalls/gcc/syscalls.o
                                                  c:/program files (x86)/atmel/atmel toolchain/arm gcc/native/4.8.1437/arm-gnu-toolchain/bin/../lib/gcc/arm-none-eabi/4.8.4/../../../../arm-none-eabi/lib/armv7-m\libc.a(lib_a-fstatr.o)
_fstat_r                                          c:/program files (x86)/atmel/atmel toolchain/arm gcc/native/4.8.1437/arm-gnu-toolchain/bin/../lib/gcc/arm-none-eabi/4.8.4/../../../../arm-none-eabi/lib/armv7-m\libc.a(lib_a-fstatr.o)
                                                  c:/program files (x86)/atmel/atmel toolchain/arm gcc/native/4.8.1437/arm-gnu-toolchain/bin/../lib/gcc/arm-none-eabi/4.8.4/../../../../arm-none-eabi/lib/armv7-m\libc.a(lib_a-makebuf.o)
_fwalk                                            c:/program files (x86)/atmel/atmel toolchain/arm gcc/native/4.8.1437/arm-gnu-toolchain/bin/../lib/gcc/arm-none-eabi/4.8.4/../../../../arm-none-eabi/lib/armv7-m\libc.a(lib_a-fwalk.o)
                                                  c:/program files (x86)/atmel/atmel toolchain/arm gcc/native/4.8.1437/arm-gnu-toolchain/bin/../lib/gcc/arm-none-eabi/4.8.4/../../../../arm-none-eabi/lib/armv7-m\libc.a(lib_a-findfp.o)
_fwalk_reent                                      c:/program files (x86)/atmel/atmel toolchain/arm gcc/native/4.8.1437/arm-gnu-toolchain/bin/../lib/gcc/arm-none-eabi/4.8.4/../../../../arm-none-eabi/lib/armv7-m\libc.a(lib_a-fwalk.o)
                                                  c:/program files (x86)/atmel/atmel toolchain/arm gcc/native/4.8.1437/arm-gnu-toolchain/bin/../lib/gcc/arm-none-eabi/4.8.4/../../../../arm-none-eabi/lib/armv7-m\libc.a(lib_a-fflush.o)
_getpid                                           src/ASF/sam/utils/syscalls/gcc/syscalls.o
_global_impure_ptr                                c:/program files (x86)/atmel/atmel toolchain/arm gcc/native/4.8.1437/arm-gnu-toolchain/bin/../lib/gcc/arm-none-eabi/4.8.4/../../../../arm-none-eabi/lib/armv7-m\libc.a(lib_a-impure.o)
                                                  c:/program files (x86)/atmel/atmel toolchain/arm gcc/native/4.8.1437/arm-gnu-toolchain/bin/../lib/gcc/arm-none-eabi/4.8.4/../../../../arm-none-eabi/lib/armv7-m\libc.a(lib_a-__atexit.o)
                                                  c:/program files (x86)/atmel/atmel toolchain/arm gcc/native/4.8.1437/arm-gnu-toolchain/bin/../lib/gcc/arm-none-eabi/4.8.4/../../../../arm-none-eabi/lib/armv7-m\libc.a(lib_a-findfp.o)
                                                  c:/program files (x86)/atmel/atmel toolchain/arm gcc/native/4.8.1437/arm-gnu-toolchain/bin/../lib/gcc/arm-none-eabi/4.8.4/../../../../arm-none-eabi/lib/armv7-m\libc.a(lib_a-fflush.o)